Starting fine-tuning....
==((====))==  Unsloth - 2x faster free finetuning | Num GPUs used = 1
   \\   /|    Num examples = 186 | Num Epochs = 10 | Total steps = 460
O^O/ \_/ \    Batch size per device = 1 | Gradient accumulation steps = 4
\        /    Data Parallel GPUs = 1 | Total batch size (1 x 4 x 1) = 4
 "-____-"     Trainable parameters = 65,536,000/4,000,000,000 (1.64% trained)
  2%|███▏                                                                                                                                               | 10/460 [03:01<2:12:14, 17.63s/it]Unsloth: Not an error, but LlamaForCausalLM does not accept `num_items_in_batch`.
Unsloth: Will smartly offload gradients to save VRAM!
{'loss': 0.2458, 'grad_norm': 0.15911291539669037, 'learning_rate': 0.0, 'epoch': 0.02}
{'loss': 0.2155, 'grad_norm': 0.18020369112491608, 'learning_rate': 4.000000000000001e-06, 'epoch': 0.04}
{'loss': 0.1758, 'grad_norm': 0.17494672536849976, 'learning_rate': 8.000000000000001e-06, 'epoch': 0.06}
{'loss': 0.2294, 'grad_norm': 0.1738768368959427, 'learning_rate': 1.2e-05, 'epoch': 0.09}
{'loss': 0.1693, 'grad_norm': 0.17201794683933258, 'learning_rate': 1.6000000000000003e-05, 'epoch': 0.11}
{'loss': 0.188, 'grad_norm': 0.17437124252319336, 'learning_rate': 2e-05, 'epoch': 0.13}
{'loss': 0.1849, 'grad_norm': 0.20538179576396942, 'learning_rate': 1.9956043956043957e-05, 'epoch': 0.15}
{'loss': 0.1839, 'grad_norm': 0.1622738391160965, 'learning_rate': 1.9912087912087913e-05, 'epoch': 0.17}
{'loss': 0.1655, 'grad_norm': 0.17143233120441437, 'learning_rate': 1.986813186813187e-05, 'epoch': 0.19}
{'loss': 0.177, 'grad_norm': 0.1905025839805603, 'learning_rate': 1.9824175824175825e-05, 'epoch': 0.22}
Using gradient accumulation will be very slightly less accurate.
Read more on gradient accumulation issues here: https://unsloth.ai/blog/gradient
                                                                                                                                                                                           
                                                                                                                                                                                           
{'eval_loss': 0.18522775173187256, 'eval_runtime': 44.065, 'eval_samples_per_second': 0.749, 'eval_steps_per_second': 0.749, 'epoch': 0.22}
{'loss': 0.1486, 'grad_norm': 0.340533971786499, 'learning_rate': 1.9780219780219784e-05, 'epoch': 0.24}
{'loss': 0.1589, 'grad_norm': 0.18747952580451965, 'learning_rate': 1.973626373626374e-05, 'epoch': 0.26}
{'loss': 0.15, 'grad_norm': 0.1989700198173523, 'learning_rate': 1.9692307692307696e-05, 'epoch': 0.28}
{'loss': 0.1564, 'grad_norm': 0.1865542232990265, 'learning_rate': 1.9648351648351648e-05, 'epoch': 0.3}
{'loss': 0.1408, 'grad_norm': 0.19801484048366547, 'learning_rate': 1.9604395604395604e-05, 'epoch': 0.32}
{'loss': 0.1594, 'grad_norm': 0.2048894315958023, 'learning_rate': 1.9560439560439563e-05, 'epoch': 0.34}
{'loss': 0.1503, 'grad_norm': 0.1867181956768036, 'learning_rate': 1.951648351648352e-05, 'epoch': 0.37}
{'loss': 0.1387, 'grad_norm': 0.19528235495090485, 'learning_rate': 1.9472527472527475e-05, 'epoch': 0.39}
{'loss': 0.0936, 'grad_norm': 0.16980904340744019, 'learning_rate': 1.942857142857143e-05, 'epoch': 0.41}
{'loss': 0.1098, 'grad_norm': 0.16454528272151947, 'learning_rate': 1.9384615384615386e-05, 'epoch': 0.43}
{'eval_loss': 0.1204446405172348, 'eval_runtime': 44.1167, 'eval_samples_per_second': 0.748, 'eval_steps_per_second': 0.748, 'epoch': 0.43}
{'loss': 0.0943, 'grad_norm': 0.15072676539421082, 'learning_rate': 1.9340659340659342e-05, 'epoch': 0.45}
{'loss': 0.0867, 'grad_norm': 0.15549950301647186, 'learning_rate': 1.9296703296703298e-05, 'epoch': 0.47}
{'loss': 0.0854, 'grad_norm': 0.15231239795684814, 'learning_rate': 1.9252747252747254e-05, 'epoch': 0.49}
{'loss': 0.115, 'grad_norm': 0.1583804488182068, 'learning_rate': 1.920879120879121e-05, 'epoch': 0.52}
{'loss': 0.0957, 'grad_norm': 0.15759937465190887, 'learning_rate': 1.916483516483517e-05, 'epoch': 0.54}
{'loss': 0.0736, 'grad_norm': 0.143548384308815, 'learning_rate': 1.9120879120879124e-05, 'epoch': 0.56}
{'loss': 0.1332, 'grad_norm': 0.1824863851070404, 'learning_rate': 1.907692307692308e-05, 'epoch': 0.58}
{'loss': 0.1163, 'grad_norm': 0.18990415334701538, 'learning_rate': 1.9032967032967033e-05, 'epoch': 0.6}
{'loss': 0.1043, 'grad_norm': 0.16664855182170868, 'learning_rate': 1.8989010989010988e-05, 'epoch': 0.62}
{'loss': 0.0617, 'grad_norm': 0.12836293876171112, 'learning_rate': 1.8945054945054947e-05, 'epoch': 0.65}
{'eval_loss': 0.066469207406044, 'eval_runtime': 44.1183, 'eval_samples_per_second': 0.748, 'eval_steps_per_second': 0.748, 'epoch': 0.65}
{'loss': 0.043, 'grad_norm': 0.11062348634004593, 'learning_rate': 1.8901098901098903e-05, 'epoch': 0.67}
{'loss': 0.0714, 'grad_norm': 0.10519688576459885, 'learning_rate': 1.885714285714286e-05, 'epoch': 0.69}
{'loss': 0.0859, 'grad_norm': 0.1337108016014099, 'learning_rate': 1.8813186813186815e-05, 'epoch': 0.71}
{'loss': 0.1151, 'grad_norm': 0.16250364482402802, 'learning_rate': 1.876923076923077e-05, 'epoch': 0.73}
{'loss': 0.0587, 'grad_norm': 0.1370968371629715, 'learning_rate': 1.8725274725274726e-05, 'epoch': 0.75}
{'loss': 0.0656, 'grad_norm': 0.09224869310855865, 'learning_rate': 1.8681318681318682e-05, 'epoch': 0.77}
{'loss': 0.0535, 'grad_norm': 0.07989029586315155, 'learning_rate': 1.8637362637362638e-05, 'epoch': 0.8}
{'loss': 0.0417, 'grad_norm': 0.11733932048082352, 'learning_rate': 1.8593406593406594e-05, 'epoch': 0.82}
{'loss': 0.0488, 'grad_norm': 0.10869717597961426, 'learning_rate': 1.8549450549450553e-05, 'epoch': 0.84}
{'loss': 0.0427, 'grad_norm': 0.07304098457098007, 'learning_rate': 1.850549450549451e-05, 'epoch': 0.86}
{'eval_loss': 0.05406862497329712, 'eval_runtime': 44.1798, 'eval_samples_per_second': 0.747, 'eval_steps_per_second': 0.747, 'epoch': 0.86}
{'loss': 0.0495, 'grad_norm': 0.11529379338026047, 'learning_rate': 1.8461538461538465e-05, 'epoch': 0.88}
{'loss': 0.0479, 'grad_norm': 0.13199801743030548, 'learning_rate': 1.8417582417582417e-05, 'epoch': 0.9}
{'loss': 0.0527, 'grad_norm': 0.09718330204486847, 'learning_rate': 1.8373626373626373e-05, 'epoch': 0.92}
{'loss': 0.0548, 'grad_norm': 0.12086626887321472, 'learning_rate': 1.8329670329670332e-05, 'epoch': 0.95}
{'loss': 0.0646, 'grad_norm': 0.10632077604532242, 'learning_rate': 1.8285714285714288e-05, 'epoch': 0.97}
{'loss': 0.0505, 'grad_norm': 0.07099734246730804, 'learning_rate': 1.8241758241758244e-05, 'epoch': 0.99}
{'loss': 0.054, 'grad_norm': 0.16360008716583252, 'learning_rate': 1.81978021978022e-05, 'epoch': 1.0}
{'loss': 0.0278, 'grad_norm': 0.12114528566598892, 'learning_rate': 1.8153846153846155e-05, 'epoch': 1.02}
{'loss': 0.0612, 'grad_norm': 0.08764377981424332, 'learning_rate': 1.810989010989011e-05, 'epoch': 1.04}
{'loss': 0.0504, 'grad_norm': 0.0744679719209671, 'learning_rate': 1.8065934065934067e-05, 'epoch': 1.06}
{'eval_loss': 0.04810098558664322, 'eval_runtime': 44.097, 'eval_samples_per_second': 0.748, 'eval_steps_per_second': 0.748, 'epoch': 1.06}
{'loss': 0.0396, 'grad_norm': 0.07342313975095749, 'learning_rate': 1.8021978021978023e-05, 'epoch': 1.09}
{'loss': 0.0421, 'grad_norm': 0.08208495378494263, 'learning_rate': 1.797802197802198e-05, 'epoch': 1.11}
{'loss': 0.0499, 'grad_norm': 0.07387299090623856, 'learning_rate': 1.7934065934065938e-05, 'epoch': 1.13}
{'loss': 0.0511, 'grad_norm': 0.10290493071079254, 'learning_rate': 1.7890109890109893e-05, 'epoch': 1.15}
{'loss': 0.0583, 'grad_norm': 0.07301194220781326, 'learning_rate': 1.784615384615385e-05, 'epoch': 1.17}
{'loss': 0.0647, 'grad_norm': 0.08525949716567993, 'learning_rate': 1.78021978021978e-05, 'epoch': 1.19}
{'loss': 0.0881, 'grad_norm': 0.10149368643760681, 'learning_rate': 1.7758241758241757e-05, 'epoch': 1.22}
{'loss': 0.0692, 'grad_norm': 0.07610008865594864, 'learning_rate': 1.7714285714285717e-05, 'epoch': 1.24}
{'loss': 0.0325, 'grad_norm': 0.12949389219284058, 'learning_rate': 1.7670329670329672e-05, 'epoch': 1.26}
{'loss': 0.0434, 'grad_norm': 0.08004841208457947, 'learning_rate': 1.7626373626373628e-05, 'epoch': 1.28}
{'eval_loss': 0.04557623341679573, 'eval_runtime': 44.1438, 'eval_samples_per_second': 0.748, 'eval_steps_per_second': 0.748, 'epoch': 1.28}
{'loss': 0.0518, 'grad_norm': 0.11511947214603424, 'learning_rate': 1.7582417582417584e-05, 'epoch': 1.3}
{'loss': 0.0533, 'grad_norm': 0.0840858593583107, 'learning_rate': 1.753846153846154e-05, 'epoch': 1.32}
{'loss': 0.0591, 'grad_norm': 0.08084911853075027, 'learning_rate': 1.7494505494505495e-05, 'epoch': 1.34}
{'loss': 0.0423, 'grad_norm': 0.10158034414052963, 'learning_rate': 1.745054945054945e-05, 'epoch': 1.37}
{'loss': 0.0325, 'grad_norm': 0.09593478590250015, 'learning_rate': 1.7406593406593407e-05, 'epoch': 1.39}
{'loss': 0.0446, 'grad_norm': 0.11636748909950256, 'learning_rate': 1.7362637362637363e-05, 'epoch': 1.41}
{'loss': 0.0304, 'grad_norm': 0.06091543287038803, 'learning_rate': 1.7318681318681322e-05, 'epoch': 1.43}
{'loss': 0.0247, 'grad_norm': 0.060603104531764984, 'learning_rate': 1.7274725274725278e-05, 'epoch': 1.45}
{'loss': 0.0423, 'grad_norm': 0.07904376834630966, 'learning_rate': 1.7230769230769234e-05, 'epoch': 1.47}
{'loss': 0.0419, 'grad_norm': 0.057968322187662125, 'learning_rate': 1.7186813186813186e-05, 'epoch': 1.49}
{'eval_loss': 0.04332719370722771, 'eval_runtime': 44.1059, 'eval_samples_per_second': 0.748, 'eval_steps_per_second': 0.748, 'epoch': 1.49}
{'loss': 0.0455, 'grad_norm': 0.07254825532436371, 'learning_rate': 1.7142857142857142e-05, 'epoch': 1.52}
{'loss': 0.0129, 'grad_norm': 0.03846622258424759, 'learning_rate': 1.70989010989011e-05, 'epoch': 1.54}
{'loss': 0.0939, 'grad_norm': 0.09979061037302017, 'learning_rate': 1.7054945054945057e-05, 'epoch': 1.56}
{'loss': 0.0193, 'grad_norm': 0.06289386004209518, 'learning_rate': 1.7010989010989013e-05, 'epoch': 1.58}
{'loss': 0.0266, 'grad_norm': 0.07457391917705536, 'learning_rate': 1.696703296703297e-05, 'epoch': 1.6}
{'loss': 0.0136, 'grad_norm': 0.04444082826375961, 'learning_rate': 1.6923076923076924e-05, 'epoch': 1.62}
{'loss': 0.0258, 'grad_norm': 0.05663532018661499, 'learning_rate': 1.687912087912088e-05, 'epoch': 1.65}
{'loss': 0.0188, 'grad_norm': 0.055905748158693314, 'learning_rate': 1.6835164835164836e-05, 'epoch': 1.67}
{'loss': 0.0321, 'grad_norm': 0.0690884217619896, 'learning_rate': 1.679120879120879e-05, 'epoch': 1.69}
{'loss': 0.0285, 'grad_norm': 0.0753236636519432, 'learning_rate': 1.674725274725275e-05, 'epoch': 1.71}
{'eval_loss': 0.04188402742147446, 'eval_runtime': 44.1273, 'eval_samples_per_second': 0.748, 'eval_steps_per_second': 0.748, 'epoch': 1.71}
{'loss': 0.0139, 'grad_norm': 0.05266662687063217, 'learning_rate': 1.6703296703296707e-05, 'epoch': 1.73}
{'loss': 0.0394, 'grad_norm': 0.09383150190114975, 'learning_rate': 1.6659340659340662e-05, 'epoch': 1.75}
{'loss': 0.033, 'grad_norm': 0.06216772273182869, 'learning_rate': 1.6615384615384618e-05, 'epoch': 1.77}
{'loss': 0.0397, 'grad_norm': 0.34187474846839905, 'learning_rate': 1.6571428571428574e-05, 'epoch': 1.8}
{'loss': 0.0237, 'grad_norm': 0.07731461524963379, 'learning_rate': 1.6527472527472526e-05, 'epoch': 1.82}
{'loss': 0.0353, 'grad_norm': 0.07013709843158722, 'learning_rate': 1.6483516483516486e-05, 'epoch': 1.84}
{'loss': 0.0227, 'grad_norm': 0.06499569863080978, 'learning_rate': 1.643956043956044e-05, 'epoch': 1.86}
{'loss': 0.0626, 'grad_norm': 0.07971280813217163, 'learning_rate': 1.6395604395604397e-05, 'epoch': 1.88}
{'loss': 0.0456, 'grad_norm': 0.08796809613704681, 'learning_rate': 1.6351648351648353e-05, 'epoch': 1.9}
{'loss': 0.0806, 'grad_norm': 0.1205315887928009, 'learning_rate': 1.630769230769231e-05, 'epoch': 1.92}
{'eval_loss': 0.040558651089668274, 'eval_runtime': 53.8205, 'eval_samples_per_second': 0.613, 'eval_steps_per_second': 0.613, 'epoch': 1.92}
{'loss': 0.0191, 'grad_norm': 0.0641229972243309, 'learning_rate': 1.6263736263736265e-05, 'epoch': 1.95}
{'loss': 0.04, 'grad_norm': 0.07100190967321396, 'learning_rate': 1.621978021978022e-05, 'epoch': 1.97}
{'loss': 0.0172, 'grad_norm': 0.07624530792236328, 'learning_rate': 1.6175824175824176e-05, 'epoch': 1.99}
{'loss': 0.0474, 'grad_norm': 0.14294427633285522, 'learning_rate': 1.6131868131868135e-05, 'epoch': 2.0}
{'loss': 0.0279, 'grad_norm': 0.09861335903406143, 'learning_rate': 1.608791208791209e-05, 'epoch': 2.02}
{'loss': 0.0205, 'grad_norm': 0.06693743169307709, 'learning_rate': 1.6043956043956047e-05, 'epoch': 2.04}
{'loss': 0.032, 'grad_norm': 0.07533591240644455, 'learning_rate': 1.6000000000000003e-05, 'epoch': 2.06}
{'loss': 0.0467, 'grad_norm': 0.10439365357160568, 'learning_rate': 1.595604395604396e-05, 'epoch': 2.09}
{'loss': 0.0244, 'grad_norm': 0.08522603660821915, 'learning_rate': 1.591208791208791e-05, 'epoch': 2.11}
{'loss': 0.0289, 'grad_norm': 0.06320852786302567, 'learning_rate': 1.586813186813187e-05, 'epoch': 2.13}
{'eval_loss': 0.03950554132461548, 'eval_runtime': 62.6444, 'eval_samples_per_second': 0.527, 'eval_steps_per_second': 0.527, 'epoch': 2.13}
{'loss': 0.0471, 'grad_norm': 0.08845273405313492, 'learning_rate': 1.5824175824175826e-05, 'epoch': 2.15}
{'loss': 0.0241, 'grad_norm': 0.05740543454885483, 'learning_rate': 1.578021978021978e-05, 'epoch': 2.17}
{'loss': 0.0521, 'grad_norm': 0.06751459091901779, 'learning_rate': 1.5736263736263737e-05, 'epoch': 2.19}
{'loss': 0.0749, 'grad_norm': 0.0947871133685112, 'learning_rate': 1.5692307692307693e-05, 'epoch': 2.22}
{'loss': 0.0297, 'grad_norm': 0.06645625084638596, 'learning_rate': 1.564835164835165e-05, 'epoch': 2.24}
{'loss': 0.0394, 'grad_norm': 0.08514612913131714, 'learning_rate': 1.5604395604395605e-05, 'epoch': 2.26}
{'loss': 0.0482, 'grad_norm': 0.08263862878084183, 'learning_rate': 1.556043956043956e-05, 'epoch': 2.28}
{'loss': 0.0223, 'grad_norm': 0.060815609991550446, 'learning_rate': 1.551648351648352e-05, 'epoch': 2.3}
{'loss': 0.0261, 'grad_norm': 0.050623685121536255, 'learning_rate': 1.5472527472527476e-05, 'epoch': 2.32}
{'loss': 0.0263, 'grad_norm': 0.09099272638559341, 'learning_rate': 1.542857142857143e-05, 'epoch': 2.34}
{'eval_loss': 0.038584981113672256, 'eval_runtime': 63.8747, 'eval_samples_per_second': 0.517, 'eval_steps_per_second': 0.517, 'epoch': 2.34}
{'loss': 0.0117, 'grad_norm': 0.054003506898880005, 'learning_rate': 1.5384615384615387e-05, 'epoch': 2.37}
{'loss': 0.038, 'grad_norm': 0.08358707278966904, 'learning_rate': 1.5340659340659343e-05, 'epoch': 2.39}
{'loss': 0.052, 'grad_norm': 0.10246248543262482, 'learning_rate': 1.5296703296703295e-05, 'epoch': 2.41}
{'loss': 0.036, 'grad_norm': 0.1082739382982254, 'learning_rate': 1.5252747252747253e-05, 'epoch': 2.43}
{'loss': 0.0502, 'grad_norm': 0.10743588954210281, 'learning_rate': 1.5208791208791209e-05, 'epoch': 2.45}
{'loss': 0.0341, 'grad_norm': 0.09863723069429398, 'learning_rate': 1.5164835164835166e-05, 'epoch': 2.47}
{'loss': 0.0545, 'grad_norm': 0.0642012357711792, 'learning_rate': 1.5120879120879122e-05, 'epoch': 2.49}
{'loss': 0.0465, 'grad_norm': 0.09160878509283066, 'learning_rate': 1.5076923076923078e-05, 'epoch': 2.52}
{'loss': 0.022, 'grad_norm': 0.070121169090271, 'learning_rate': 1.5032967032967034e-05, 'epoch': 2.54}
{'loss': 0.0346, 'grad_norm': 0.06289143115282059, 'learning_rate': 1.4989010989010991e-05, 'epoch': 2.56}
{'eval_loss': 0.03794017806649208, 'eval_runtime': 62.2564, 'eval_samples_per_second': 0.53, 'eval_steps_per_second': 0.53, 'epoch': 2.56}
{'loss': 0.0264, 'grad_norm': 0.07721146941184998, 'learning_rate': 1.4945054945054947e-05, 'epoch': 2.58}
{'loss': 0.0163, 'grad_norm': 0.056571248918771744, 'learning_rate': 1.4901098901098903e-05, 'epoch': 2.6}
{'loss': 0.0266, 'grad_norm': 0.06636632233858109, 'learning_rate': 1.4857142857142858e-05, 'epoch': 2.62}
{'loss': 0.0287, 'grad_norm': 0.10756473243236542, 'learning_rate': 1.4813186813186816e-05, 'epoch': 2.65}
{'loss': 0.0194, 'grad_norm': 0.06391835957765579, 'learning_rate': 1.4769230769230772e-05, 'epoch': 2.67}
{'loss': 0.0192, 'grad_norm': 0.03632901981472969, 'learning_rate': 1.4725274725274727e-05, 'epoch': 2.69}
{'loss': 0.0172, 'grad_norm': 0.04358644410967827, 'learning_rate': 1.4681318681318682e-05, 'epoch': 2.71}
{'loss': 0.0281, 'grad_norm': 0.0837673768401146, 'learning_rate': 1.4637362637362637e-05, 'epoch': 2.73}
{'loss': 0.0271, 'grad_norm': 0.12142792344093323, 'learning_rate': 1.4593406593406593e-05, 'epoch': 2.75}
{'loss': 0.018, 'grad_norm': 0.08287536352872849, 'learning_rate': 1.454945054945055e-05, 'epoch': 2.77}
{'eval_loss': 0.03749832138419151, 'eval_runtime': 44.0132, 'eval_samples_per_second': 0.75, 'eval_steps_per_second': 0.75, 'epoch': 2.77}
{'loss': 0.074, 'grad_norm': 0.10021064430475235, 'learning_rate': 1.4505494505494506e-05, 'epoch': 2.8}
{'loss': 0.0383, 'grad_norm': 0.12893472611904144, 'learning_rate': 1.4461538461538462e-05, 'epoch': 2.82}
{'loss': 0.0291, 'grad_norm': 0.0765695571899414, 'learning_rate': 1.4417582417582418e-05, 'epoch': 2.84}
{'loss': 0.0385, 'grad_norm': 0.08288947492837906, 'learning_rate': 1.4373626373626376e-05, 'epoch': 2.86}
{'loss': 0.0479, 'grad_norm': 0.0677252858877182, 'learning_rate': 1.4329670329670331e-05, 'epoch': 2.88}
{'loss': 0.0155, 'grad_norm': 0.047971680760383606, 'learning_rate': 1.4285714285714287e-05, 'epoch': 2.9}
{'loss': 0.0271, 'grad_norm': 0.08289950340986252, 'learning_rate': 1.4241758241758243e-05, 'epoch': 2.92}
{'loss': 0.0364, 'grad_norm': 0.09486255049705505, 'learning_rate': 1.41978021978022e-05, 'epoch': 2.95}
{'loss': 0.0171, 'grad_norm': 0.06553560495376587, 'learning_rate': 1.4153846153846156e-05, 'epoch': 2.97}
{'loss': 0.0106, 'grad_norm': 0.03929488733410835, 'learning_rate': 1.4109890109890112e-05, 'epoch': 2.99}
{'eval_loss': 0.03711496666073799, 'eval_runtime': 43.9648, 'eval_samples_per_second': 0.751, 'eval_steps_per_second': 0.751, 'epoch': 2.99}
{'loss': 0.0185, 'grad_norm': 0.09456547349691391, 'learning_rate': 1.4065934065934068e-05, 'epoch': 3.0}
{'loss': 0.0251, 'grad_norm': 0.07556670904159546, 'learning_rate': 1.4021978021978022e-05, 'epoch': 3.02}
{'loss': 0.0382, 'grad_norm': 0.10178209096193314, 'learning_rate': 1.3978021978021978e-05, 'epoch': 3.04}
{'loss': 0.0525, 'grad_norm': 0.08628850430250168, 'learning_rate': 1.3934065934065935e-05, 'epoch': 3.06}
{'loss': 0.0244, 'grad_norm': 0.0722806304693222, 'learning_rate': 1.3890109890109891e-05, 'epoch': 3.09}
{'loss': 0.0384, 'grad_norm': 0.10972864180803299, 'learning_rate': 1.3846153846153847e-05, 'epoch': 3.11}
{'loss': 0.03, 'grad_norm': 0.08089622855186462, 'learning_rate': 1.3802197802197803e-05, 'epoch': 3.13}
{'loss': 0.042, 'grad_norm': 0.14521141350269318, 'learning_rate': 1.375824175824176e-05, 'epoch': 3.15}
{'loss': 0.0185, 'grad_norm': 0.059092480689287186, 'learning_rate': 1.3714285714285716e-05, 'epoch': 3.17}
{'loss': 0.051, 'grad_norm': 0.08153020590543747, 'learning_rate': 1.3670329670329672e-05, 'epoch': 3.19}
{'eval_loss': 0.03676755353808403, 'eval_runtime': 43.9499, 'eval_samples_per_second': 0.751, 'eval_steps_per_second': 0.751, 'epoch': 3.19}
{'loss': 0.0342, 'grad_norm': 0.05275363475084305, 'learning_rate': 1.3626373626373627e-05, 'epoch': 3.22}
{'loss': 0.0455, 'grad_norm': 0.0722048282623291, 'learning_rate': 1.3582417582417585e-05, 'epoch': 3.24}
{'loss': 0.0175, 'grad_norm': 0.05823130160570145, 'learning_rate': 1.353846153846154e-05, 'epoch': 3.26}
{'loss': 0.0104, 'grad_norm': 0.06872755289077759, 'learning_rate': 1.3494505494505497e-05, 'epoch': 3.28}
{'loss': 0.0144, 'grad_norm': 0.06274844706058502, 'learning_rate': 1.3450549450549452e-05, 'epoch': 3.3}
{'loss': 0.0244, 'grad_norm': 0.059902239590883255, 'learning_rate': 1.3406593406593406e-05, 'epoch': 3.32}
{'loss': 0.0469, 'grad_norm': 0.1034022718667984, 'learning_rate': 1.3362637362637362e-05, 'epoch': 3.34}
{'loss': 0.0539, 'grad_norm': 0.09533568471670151, 'learning_rate': 1.331868131868132e-05, 'epoch': 3.37}
{'loss': 0.0182, 'grad_norm': 0.10639076679944992, 'learning_rate': 1.3274725274725275e-05, 'epoch': 3.39}
{'loss': 0.0256, 'grad_norm': 0.07251891493797302, 'learning_rate': 1.3230769230769231e-05, 'epoch': 3.41}
{'eval_loss': 0.03656422719359398, 'eval_runtime': 43.9327, 'eval_samples_per_second': 0.751, 'eval_steps_per_second': 0.751, 'epoch': 3.41}
{'loss': 0.0303, 'grad_norm': 0.10742253065109253, 'learning_rate': 1.3186813186813187e-05, 'epoch': 3.43}
{'loss': 0.0079, 'grad_norm': 0.06358376890420914, 'learning_rate': 1.3142857142857145e-05, 'epoch': 3.45}
{'loss': 0.0229, 'grad_norm': 0.06705527752637863, 'learning_rate': 1.30989010989011e-05, 'epoch': 3.47}
{'loss': 0.0696, 'grad_norm': 0.07323244214057922, 'learning_rate': 1.3054945054945056e-05, 'epoch': 3.49}
{'loss': 0.0251, 'grad_norm': 0.1642257571220398, 'learning_rate': 1.3010989010989012e-05, 'epoch': 3.52}
{'loss': 0.0295, 'grad_norm': 0.06708363443613052, 'learning_rate': 1.296703296703297e-05, 'epoch': 3.54}
{'loss': 0.01, 'grad_norm': 0.07042181491851807, 'learning_rate': 1.2923076923076925e-05, 'epoch': 3.56}
{'loss': 0.0367, 'grad_norm': 0.08814334124326706, 'learning_rate': 1.2879120879120881e-05, 'epoch': 3.58}
{'loss': 0.0147, 'grad_norm': 0.13773924112319946, 'learning_rate': 1.2835164835164837e-05, 'epoch': 3.6}
{'loss': 0.0144, 'grad_norm': 0.05114411562681198, 'learning_rate': 1.2791208791208791e-05, 'epoch': 3.62}
{'eval_loss': 0.03630772978067398, 'eval_runtime': 43.9547, 'eval_samples_per_second': 0.751, 'eval_steps_per_second': 0.751, 'epoch': 3.62}
{'loss': 0.02, 'grad_norm': 0.10149243474006653, 'learning_rate': 1.2747252747252747e-05, 'epoch': 3.65}
{'loss': 0.0323, 'grad_norm': 0.0939037948846817, 'learning_rate': 1.2703296703296704e-05, 'epoch': 3.67}
{'loss': 0.0213, 'grad_norm': 0.06820657849311829, 'learning_rate': 1.265934065934066e-05, 'epoch': 3.69}
{'loss': 0.0377, 'grad_norm': 0.09381670504808426, 'learning_rate': 1.2615384615384616e-05, 'epoch': 3.71}
{'loss': 0.0205, 'grad_norm': 0.17093053460121155, 'learning_rate': 1.2571428571428572e-05, 'epoch': 3.73}
{'loss': 0.02, 'grad_norm': 0.07459891587495804, 'learning_rate': 1.2527472527472529e-05, 'epoch': 3.75}
{'loss': 0.0203, 'grad_norm': 0.05738144367933273, 'learning_rate': 1.2483516483516485e-05, 'epoch': 3.77}
{'loss': 0.034, 'grad_norm': 0.07209309935569763, 'learning_rate': 1.243956043956044e-05, 'epoch': 3.8}
{'loss': 0.013, 'grad_norm': 0.0979856625199318, 'learning_rate': 1.2395604395604396e-05, 'epoch': 3.82}
{'loss': 0.0282, 'grad_norm': 0.06256898492574692, 'learning_rate': 1.2351648351648354e-05, 'epoch': 3.84}
{'eval_loss': 0.036132071167230606, 'eval_runtime': 44.1059, 'eval_samples_per_second': 0.748, 'eval_steps_per_second': 0.748, 'epoch': 3.84}
{'loss': 0.0292, 'grad_norm': 0.1024116650223732, 'learning_rate': 1.230769230769231e-05, 'epoch': 3.86}
{'loss': 0.0162, 'grad_norm': 0.05606398731470108, 'learning_rate': 1.2263736263736266e-05, 'epoch': 3.88}
{'loss': 0.047, 'grad_norm': 0.07958801090717316, 'learning_rate': 1.2219780219780221e-05, 'epoch': 3.9}
{'loss': 0.0295, 'grad_norm': 0.07055111229419708, 'learning_rate': 1.2175824175824175e-05, 'epoch': 3.92}
{'loss': 0.0127, 'grad_norm': 0.07738975435495377, 'learning_rate': 1.2131868131868131e-05, 'epoch': 3.95}
{'loss': 0.0245, 'grad_norm': 0.07005373388528824, 'learning_rate': 1.2087912087912089e-05, 'epoch': 3.97}
{'loss': 0.0368, 'grad_norm': 0.10359755158424377, 'learning_rate': 1.2043956043956045e-05, 'epoch': 3.99}
{'loss': 0.0109, 'grad_norm': 0.1484210342168808, 'learning_rate': 1.2e-05, 'epoch': 4.0}
{'loss': 0.0292, 'grad_norm': 0.08941304683685303, 'learning_rate': 1.1956043956043956e-05, 'epoch': 4.02}
{'loss': 0.0183, 'grad_norm': 0.06730470061302185, 'learning_rate': 1.1912087912087914e-05, 'epoch': 4.04}
{'eval_loss': 0.035986147820949554, 'eval_runtime': 44.2554, 'eval_samples_per_second': 0.746, 'eval_steps_per_second': 0.746, 'epoch': 4.04}
{'loss': 0.0328, 'grad_norm': 0.06259245425462723, 'learning_rate': 1.186813186813187e-05, 'epoch': 4.06}
{'loss': 0.0687, 'grad_norm': 0.10032087564468384, 'learning_rate': 1.1824175824175825e-05, 'epoch': 4.09}
{'loss': 0.0223, 'grad_norm': 0.052382636815309525, 'learning_rate': 1.1780219780219781e-05, 'epoch': 4.11}
{'loss': 0.0303, 'grad_norm': 0.09132561832666397, 'learning_rate': 1.1736263736263738e-05, 'epoch': 4.13}
{'loss': 0.0286, 'grad_norm': 0.13118399679660797, 'learning_rate': 1.1692307692307694e-05, 'epoch': 4.15}
{'loss': 0.0291, 'grad_norm': 0.06335356831550598, 'learning_rate': 1.164835164835165e-05, 'epoch': 4.17}
{'loss': 0.0186, 'grad_norm': 0.06421146541833878, 'learning_rate': 1.1604395604395606e-05, 'epoch': 4.19}
{'loss': 0.0279, 'grad_norm': 0.07098010182380676, 'learning_rate': 1.156043956043956e-05, 'epoch': 4.22}
{'loss': 0.0114, 'grad_norm': 0.057953041046857834, 'learning_rate': 1.1516483516483516e-05, 'epoch': 4.24}
{'loss': 0.0351, 'grad_norm': 0.10496234893798828, 'learning_rate': 1.1472527472527473e-05, 'epoch': 4.26}
{'eval_loss': 0.03581639379262924, 'eval_runtime': 44.1002, 'eval_samples_per_second': 0.748, 'eval_steps_per_second': 0.748, 'epoch': 4.26}
{'loss': 0.0472, 'grad_norm': 0.14873407781124115, 'learning_rate': 1.1428571428571429e-05, 'epoch': 4.28}
{'loss': 0.0126, 'grad_norm': 0.058936409652233124, 'learning_rate': 1.1384615384615385e-05, 'epoch': 4.3}
{'loss': 0.0207, 'grad_norm': 0.05847606062889099, 'learning_rate': 1.134065934065934e-05, 'epoch': 4.32}
{'loss': 0.0206, 'grad_norm': 0.04330945014953613, 'learning_rate': 1.1296703296703298e-05, 'epoch': 4.34}
{'loss': 0.0492, 'grad_norm': 0.09053471684455872, 'learning_rate': 1.1252747252747254e-05, 'epoch': 4.37}
{'loss': 0.0164, 'grad_norm': 0.07943221926689148, 'learning_rate': 1.120879120879121e-05, 'epoch': 4.39}
{'loss': 0.0218, 'grad_norm': 0.07861196994781494, 'learning_rate': 1.1164835164835165e-05, 'epoch': 4.41}
{'loss': 0.028, 'grad_norm': 0.08273030817508698, 'learning_rate': 1.1120879120879123e-05, 'epoch': 4.43}
{'loss': 0.0144, 'grad_norm': 0.08646446466445923, 'learning_rate': 1.1076923076923079e-05, 'epoch': 4.45}
{'loss': 0.0173, 'grad_norm': 0.0726417750120163, 'learning_rate': 1.1032967032967035e-05, 'epoch': 4.47}
{'eval_loss': 0.03560091555118561, 'eval_runtime': 43.9367, 'eval_samples_per_second': 0.751, 'eval_steps_per_second': 0.751, 'epoch': 4.47}
{'loss': 0.0231, 'grad_norm': 0.08402559906244278, 'learning_rate': 1.098901098901099e-05, 'epoch': 4.49}
{'loss': 0.0153, 'grad_norm': 0.09845354408025742, 'learning_rate': 1.0945054945054948e-05, 'epoch': 4.52}
{'loss': 0.0067, 'grad_norm': 0.07354322075843811, 'learning_rate': 1.09010989010989e-05, 'epoch': 4.54}
{'loss': 0.0294, 'grad_norm': 0.08620060980319977, 'learning_rate': 1.0857142857142858e-05, 'epoch': 4.56}
{'loss': 0.0093, 'grad_norm': 0.048884276300668716, 'learning_rate': 1.0813186813186814e-05, 'epoch': 4.58}
{'loss': 0.0329, 'grad_norm': 0.11705168336629868, 'learning_rate': 1.076923076923077e-05, 'epoch': 4.6}
{'loss': 0.0262, 'grad_norm': 0.10341982543468475, 'learning_rate': 1.0725274725274725e-05, 'epoch': 4.62}
{'loss': 0.0161, 'grad_norm': 0.0687779039144516, 'learning_rate': 1.0681318681318683e-05, 'epoch': 4.65}
{'loss': 0.0138, 'grad_norm': 0.09362268447875977, 'learning_rate': 1.0637362637362638e-05, 'epoch': 4.67}
{'loss': 0.0325, 'grad_norm': 0.16747595369815826, 'learning_rate': 1.0593406593406594e-05, 'epoch': 4.69}
{'eval_loss': 0.03552349656820297, 'eval_runtime': 43.9209, 'eval_samples_per_second': 0.751, 'eval_steps_per_second': 0.751, 'epoch': 4.69}
{'loss': 0.0194, 'grad_norm': 0.05357794836163521, 'learning_rate': 1.054945054945055e-05, 'epoch': 4.71}
{'loss': 0.0122, 'grad_norm': 0.09424036741256714, 'learning_rate': 1.0505494505494507e-05, 'epoch': 4.73}
{'loss': 0.0226, 'grad_norm': 0.08542687445878983, 'learning_rate': 1.0461538461538463e-05, 'epoch': 4.75}
{'loss': 0.0272, 'grad_norm': 0.08579046279191971, 'learning_rate': 1.0417582417582419e-05, 'epoch': 4.77}
{'loss': 0.0341, 'grad_norm': 0.058104123920202255, 'learning_rate': 1.0373626373626375e-05, 'epoch': 4.8}
{'loss': 0.0191, 'grad_norm': 0.08784450590610504, 'learning_rate': 1.0329670329670332e-05, 'epoch': 4.82}
{'loss': 0.0611, 'grad_norm': 0.13904595375061035, 'learning_rate': 1.0285714285714285e-05, 'epoch': 4.84}
{'loss': 0.0307, 'grad_norm': 0.06957365572452545, 'learning_rate': 1.0241758241758242e-05, 'epoch': 4.86}
{'loss': 0.0147, 'grad_norm': 0.07880320399999619, 'learning_rate': 1.0197802197802198e-05, 'epoch': 4.88}
{'loss': 0.0265, 'grad_norm': 0.08181624114513397, 'learning_rate': 1.0153846153846154e-05, 'epoch': 4.9}
{'eval_loss': 0.03536655753850937, 'eval_runtime': 44.0287, 'eval_samples_per_second': 0.75, 'eval_steps_per_second': 0.75, 'epoch': 4.9}
{'loss': 0.0216, 'grad_norm': 0.07866597175598145, 'learning_rate': 1.010989010989011e-05, 'epoch': 4.92}
{'loss': 0.0404, 'grad_norm': 0.08393341302871704, 'learning_rate': 1.0065934065934067e-05, 'epoch': 4.95}
{'loss': 0.0337, 'grad_norm': 0.09832834452390671, 'learning_rate': 1.0021978021978023e-05, 'epoch': 4.97}
{'loss': 0.0089, 'grad_norm': 0.06705949455499649, 'learning_rate': 9.978021978021979e-06, 'epoch': 4.99}
{'loss': 0.0371, 'grad_norm': 0.10136979073286057, 'learning_rate': 9.934065934065935e-06, 'epoch': 5.0}
{'loss': 0.0182, 'grad_norm': 0.07314656674861908, 'learning_rate': 9.890109890109892e-06, 'epoch': 5.02}
{'loss': 0.019, 'grad_norm': 0.08494038134813309, 'learning_rate': 9.846153846153848e-06, 'epoch': 5.04}
{'loss': 0.023, 'grad_norm': 0.052333321422338486, 'learning_rate': 9.802197802197802e-06, 'epoch': 5.06}
{'loss': 0.035, 'grad_norm': 0.09478480368852615, 'learning_rate': 9.75824175824176e-06, 'epoch': 5.09}
{'loss': 0.0282, 'grad_norm': 0.10808712989091873, 'learning_rate': 9.714285714285715e-06, 'epoch': 5.11}
{'eval_loss': 0.03524022176861763, 'eval_runtime': 43.9779, 'eval_samples_per_second': 0.75, 'eval_steps_per_second': 0.75, 'epoch': 5.11}
{'loss': 0.0253, 'grad_norm': 0.07981690764427185, 'learning_rate': 9.670329670329671e-06, 'epoch': 5.13}
{'loss': 0.0112, 'grad_norm': 0.06435073912143707, 'learning_rate': 9.626373626373627e-06, 'epoch': 5.15}
{'loss': 0.0159, 'grad_norm': 0.09886492788791656, 'learning_rate': 9.582417582417584e-06, 'epoch': 5.17}
{'loss': 0.0036, 'grad_norm': 0.03006058558821678, 'learning_rate': 9.53846153846154e-06, 'epoch': 5.19}
{'loss': 0.0158, 'grad_norm': 0.052157264202833176, 'learning_rate': 9.494505494505494e-06, 'epoch': 5.22}
{'loss': 0.0507, 'grad_norm': 0.1330731064081192, 'learning_rate': 9.450549450549452e-06, 'epoch': 5.24}
{'loss': 0.0186, 'grad_norm': 0.09614247828722, 'learning_rate': 9.406593406593407e-06, 'epoch': 5.26}
{'loss': 0.0343, 'grad_norm': 0.08703474700450897, 'learning_rate': 9.362637362637363e-06, 'epoch': 5.28}
{'loss': 0.015, 'grad_norm': 0.07277458161115646, 'learning_rate': 9.318681318681319e-06, 'epoch': 5.3}
{'loss': 0.0232, 'grad_norm': 0.07815462350845337, 'learning_rate': 9.274725274725277e-06, 'epoch': 5.32}
{'eval_loss': 0.035413749516010284, 'eval_runtime': 43.9122, 'eval_samples_per_second': 0.751, 'eval_steps_per_second': 0.751, 'epoch': 5.32}
{'loss': 0.0085, 'grad_norm': 0.0587097704410553, 'learning_rate': 9.230769230769232e-06, 'epoch': 5.34}
{'loss': 0.0144, 'grad_norm': 0.061460696160793304, 'learning_rate': 9.186813186813186e-06, 'epoch': 5.37}
{'loss': 0.0209, 'grad_norm': 0.0932776927947998, 'learning_rate': 9.142857142857144e-06, 'epoch': 5.39}
{'loss': 0.0353, 'grad_norm': 0.09259504079818726, 'learning_rate': 9.0989010989011e-06, 'epoch': 5.41}
{'loss': 0.0438, 'grad_norm': 0.08696170151233673, 'learning_rate': 9.054945054945055e-06, 'epoch': 5.43}
{'loss': 0.0166, 'grad_norm': 0.03845026716589928, 'learning_rate': 9.010989010989011e-06, 'epoch': 5.45}
{'loss': 0.0502, 'grad_norm': 0.07781857997179031, 'learning_rate': 8.967032967032969e-06, 'epoch': 5.47}
{'loss': 0.0209, 'grad_norm': 0.07890624552965164, 'learning_rate': 8.923076923076925e-06, 'epoch': 5.49}
{'loss': 0.0282, 'grad_norm': 0.12154021859169006, 'learning_rate': 8.879120879120879e-06, 'epoch': 5.52}
{'loss': 0.0189, 'grad_norm': 0.07623599469661713, 'learning_rate': 8.835164835164836e-06, 'epoch': 5.54}
{'eval_loss': 0.03552974388003349, 'eval_runtime': 44.0556, 'eval_samples_per_second': 0.749, 'eval_steps_per_second': 0.749, 'epoch': 5.54}
{'loss': 0.028, 'grad_norm': 0.07098501175642014, 'learning_rate': 8.791208791208792e-06, 'epoch': 5.56}
{'loss': 0.0241, 'grad_norm': 0.09279561042785645, 'learning_rate': 8.747252747252748e-06, 'epoch': 5.58}
{'loss': 0.0403, 'grad_norm': 0.09509696811437607, 'learning_rate': 8.703296703296704e-06, 'epoch': 5.6}
{'loss': 0.0191, 'grad_norm': 0.08600272238254547, 'learning_rate': 8.659340659340661e-06, 'epoch': 5.62}
{'loss': 0.0499, 'grad_norm': 0.11583913117647171, 'learning_rate': 8.615384615384617e-06, 'epoch': 5.65}
{'loss': 0.022, 'grad_norm': 0.10310754179954529, 'learning_rate': 8.571428571428571e-06, 'epoch': 5.67}
{'loss': 0.015, 'grad_norm': 0.06586781144142151, 'learning_rate': 8.527472527472528e-06, 'epoch': 5.69}
{'loss': 0.0447, 'grad_norm': 0.09770140796899796, 'learning_rate': 8.483516483516484e-06, 'epoch': 5.71}
{'loss': 0.0278, 'grad_norm': 0.2003563940525055, 'learning_rate': 8.43956043956044e-06, 'epoch': 5.73}
{'loss': 0.0108, 'grad_norm': 0.0775119885802269, 'learning_rate': 8.395604395604396e-06, 'epoch': 5.75}
{'eval_loss': 0.03552312031388283, 'eval_runtime': 44.1543, 'eval_samples_per_second': 0.747, 'eval_steps_per_second': 0.747, 'epoch': 5.75}
{'loss': 0.0186, 'grad_norm': 0.09044238179922104, 'learning_rate': 8.351648351648353e-06, 'epoch': 5.77}
{'loss': 0.028, 'grad_norm': 0.11460837721824646, 'learning_rate': 8.307692307692309e-06, 'epoch': 5.8}
{'loss': 0.0157, 'grad_norm': 0.07388334721326828, 'learning_rate': 8.263736263736263e-06, 'epoch': 5.82}
{'loss': 0.0108, 'grad_norm': 0.09945971518754959, 'learning_rate': 8.21978021978022e-06, 'epoch': 5.84}
{'loss': 0.0081, 'grad_norm': 0.08834468573331833, 'learning_rate': 8.175824175824176e-06, 'epoch': 5.86}
{'loss': 0.0208, 'grad_norm': 0.09436462819576263, 'learning_rate': 8.131868131868132e-06, 'epoch': 5.88}
{'loss': 0.0171, 'grad_norm': 0.07661769539117813, 'learning_rate': 8.087912087912088e-06, 'epoch': 5.9}
{'loss': 0.0342, 'grad_norm': 0.07394537329673767, 'learning_rate': 8.043956043956046e-06, 'epoch': 5.92}
{'loss': 0.0284, 'grad_norm': 0.11337883025407791, 'learning_rate': 8.000000000000001e-06, 'epoch': 5.95}
{'loss': 0.0228, 'grad_norm': 0.06177973374724388, 'learning_rate': 7.956043956043955e-06, 'epoch': 5.97}
{'eval_loss': 0.03519384562969208, 'eval_runtime': 44.0369, 'eval_samples_per_second': 0.749, 'eval_steps_per_second': 0.749, 'epoch': 5.97}
{'loss': 0.0141, 'grad_norm': 0.10387567430734634, 'learning_rate': 7.912087912087913e-06, 'epoch': 5.99}
{'loss': 0.0086, 'grad_norm': 0.12824490666389465, 'learning_rate': 7.868131868131869e-06, 'epoch': 6.0}
{'loss': 0.0156, 'grad_norm': 0.05344504117965698, 'learning_rate': 7.824175824175825e-06, 'epoch': 6.02}
{'loss': 0.0154, 'grad_norm': 0.0854949876666069, 'learning_rate': 7.78021978021978e-06, 'epoch': 6.04}
{'loss': 0.0077, 'grad_norm': 0.058360688388347626, 'learning_rate': 7.736263736263738e-06, 'epoch': 6.06}
{'loss': 0.0117, 'grad_norm': 0.0811847597360611, 'learning_rate': 7.692307692307694e-06, 'epoch': 6.09}
{'loss': 0.0262, 'grad_norm': 0.10662543773651123, 'learning_rate': 7.648351648351648e-06, 'epoch': 6.11}
{'loss': 0.0051, 'grad_norm': 0.05140506103634834, 'learning_rate': 7.604395604395604e-06, 'epoch': 6.13}
{'loss': 0.0193, 'grad_norm': 0.07572294026613235, 'learning_rate': 7.560439560439561e-06, 'epoch': 6.15}
{'loss': 0.0166, 'grad_norm': 0.0820547565817833, 'learning_rate': 7.516483516483517e-06, 'epoch': 6.17}
{'eval_loss': 0.03529180586338043, 'eval_runtime': 44.0393, 'eval_samples_per_second': 0.749, 'eval_steps_per_second': 0.749, 'epoch': 6.17}
{'loss': 0.0224, 'grad_norm': 0.23616960644721985, 'learning_rate': 7.472527472527473e-06, 'epoch': 6.19}
{'loss': 0.0137, 'grad_norm': 0.0986766368150711, 'learning_rate': 7.428571428571429e-06, 'epoch': 6.22}
{'loss': 0.0129, 'grad_norm': 0.08082606643438339, 'learning_rate': 7.384615384615386e-06, 'epoch': 6.24}
{'loss': 0.022, 'grad_norm': 0.06850454211235046, 'learning_rate': 7.340659340659341e-06, 'epoch': 6.26}
{'loss': 0.0505, 'grad_norm': 0.10293442010879517, 'learning_rate': 7.296703296703297e-06, 'epoch': 6.28}
{'loss': 0.0072, 'grad_norm': 0.06384202092885971, 'learning_rate': 7.252747252747253e-06, 'epoch': 6.3}
{'loss': 0.0055, 'grad_norm': 0.07132340967655182, 'learning_rate': 7.208791208791209e-06, 'epoch': 6.32}
{'loss': 0.058, 'grad_norm': 0.10439974814653397, 'learning_rate': 7.164835164835166e-06, 'epoch': 6.34}
{'loss': 0.0243, 'grad_norm': 0.07384029030799866, 'learning_rate': 7.1208791208791215e-06, 'epoch': 6.37}
{'loss': 0.0505, 'grad_norm': 0.09508746862411499, 'learning_rate': 7.076923076923078e-06, 'epoch': 6.39}
{'eval_loss': 0.035528380423784256, 'eval_runtime': 43.9712, 'eval_samples_per_second': 0.75, 'eval_steps_per_second': 0.75, 'epoch': 6.39}
{'loss': 0.0257, 'grad_norm': 0.09667383879423141, 'learning_rate': 7.032967032967034e-06, 'epoch': 6.41}
{'loss': 0.0158, 'grad_norm': 0.08841016888618469, 'learning_rate': 6.989010989010989e-06, 'epoch': 6.43}
{'loss': 0.0073, 'grad_norm': 0.033104464411735535, 'learning_rate': 6.9450549450549455e-06, 'epoch': 6.45}
{'loss': 0.0237, 'grad_norm': 0.127013698220253, 'learning_rate': 6.901098901098901e-06, 'epoch': 6.47}
{'loss': 0.0137, 'grad_norm': 0.05171813815832138, 'learning_rate': 6.857142857142858e-06, 'epoch': 6.49}
{'loss': 0.0358, 'grad_norm': 0.09564215689897537, 'learning_rate': 6.813186813186814e-06, 'epoch': 6.52}
{'loss': 0.0287, 'grad_norm': 0.086837537586689, 'learning_rate': 6.76923076923077e-06, 'epoch': 6.54}
{'loss': 0.0168, 'grad_norm': 0.12426692992448807, 'learning_rate': 6.725274725274726e-06, 'epoch': 6.56}
{'loss': 0.0303, 'grad_norm': 0.08932436257600784, 'learning_rate': 6.681318681318681e-06, 'epoch': 6.58}
{'loss': 0.0127, 'grad_norm': 0.045655347406864166, 'learning_rate': 6.637362637362638e-06, 'epoch': 6.6}
{'eval_loss': 0.03562798723578453, 'eval_runtime': 43.9919, 'eval_samples_per_second': 0.75, 'eval_steps_per_second': 0.75, 'epoch': 6.6}
{'loss': 0.0194, 'grad_norm': 0.06858035922050476, 'learning_rate': 6.5934065934065935e-06, 'epoch': 6.62}
{'loss': 0.0253, 'grad_norm': 0.10723390430212021, 'learning_rate': 6.54945054945055e-06, 'epoch': 6.65}
{'loss': 0.0231, 'grad_norm': 0.11197010427713394, 'learning_rate': 6.505494505494506e-06, 'epoch': 6.67}
{'loss': 0.0233, 'grad_norm': 0.06530088931322098, 'learning_rate': 6.461538461538463e-06, 'epoch': 6.69}
{'loss': 0.0172, 'grad_norm': 0.08760350942611694, 'learning_rate': 6.417582417582418e-06, 'epoch': 6.71}
{'loss': 0.018, 'grad_norm': 0.09516049921512604, 'learning_rate': 6.373626373626373e-06, 'epoch': 6.73}
{'loss': 0.0109, 'grad_norm': 0.06763765960931778, 'learning_rate': 6.32967032967033e-06, 'epoch': 6.75}
{'loss': 0.0192, 'grad_norm': 0.05887817218899727, 'learning_rate': 6.285714285714286e-06, 'epoch': 6.77}
{'loss': 0.0345, 'grad_norm': 0.09764731675386429, 'learning_rate': 6.2417582417582424e-06, 'epoch': 6.8}
{'loss': 0.0166, 'grad_norm': 0.09822455048561096, 'learning_rate': 6.197802197802198e-06, 'epoch': 6.82}
{'eval_loss': 0.03563198819756508, 'eval_runtime': 44.0069, 'eval_samples_per_second': 0.75, 'eval_steps_per_second': 0.75, 'epoch': 6.82}
{'loss': 0.0133, 'grad_norm': 0.07457428425550461, 'learning_rate': 6.153846153846155e-06, 'epoch': 6.84}
{'loss': 0.0444, 'grad_norm': 0.10219521075487137, 'learning_rate': 6.109890109890111e-06, 'epoch': 6.86}
{'loss': 0.0087, 'grad_norm': 0.10082162171602249, 'learning_rate': 6.065934065934066e-06, 'epoch': 6.88}
{'loss': 0.0291, 'grad_norm': 0.09323175996541977, 'learning_rate': 6.021978021978022e-06, 'epoch': 6.9}
{'loss': 0.0278, 'grad_norm': 0.07915670424699783, 'learning_rate': 5.978021978021978e-06, 'epoch': 6.92}
{'loss': 0.0145, 'grad_norm': 0.050104983150959015, 'learning_rate': 5.934065934065935e-06, 'epoch': 6.95}
{'loss': 0.0384, 'grad_norm': 0.14184634387493134, 'learning_rate': 5.8901098901098905e-06, 'epoch': 6.97}
{'loss': 0.0264, 'grad_norm': 0.1185276210308075, 'learning_rate': 5.846153846153847e-06, 'epoch': 6.99}
{'loss': 0.0339, 'grad_norm': 0.17209792137145996, 'learning_rate': 5.802197802197803e-06, 'epoch': 7.0}
{'loss': 0.0194, 'grad_norm': 0.07727200537919998, 'learning_rate': 5.758241758241758e-06, 'epoch': 7.02}
{'eval_loss': 0.03577858954668045, 'eval_runtime': 44.5851, 'eval_samples_per_second': 0.74, 'eval_steps_per_second': 0.74, 'epoch': 7.02}
{'train_runtime': 7094.6523, 'train_samples_per_second': 0.262, 'train_steps_per_second': 0.065, 'train_loss': 0.04084930652611409, 'epoch': 7.02}
TrainOutput(global_step=330, training_loss=0.04084930652611409, metrics={'train_runtime': 7094.6523, 'train_samples_per_second': 0.262, 'train_steps_per_second': 0.065, 'total_flos': 7.740310986313114e+17, 'train_loss': 0.04084930652611409})
