Traceback (most recent call last):
  File "/workspace/master_thesis/master_thesis/open_source_models/run_llama_ft_3.2_3B_sample_tjsp.py", line 51, in <module>
    pipe = pipeline(
  File "/usr/local/lib/python3.10/dist-packages/transformers/pipelines/__init__.py", line 942, in pipeline
    framework, model = infer_framework_load_model(
  File "/usr/local/lib/python3.10/dist-packages/transformers/pipelines/base.py", line 291, in infer_framework_load_model
    model = model_class.from_pretrained(model, **kwargs)
  File "/usr/local/lib/python3.10/dist-packages/transformers/models/auto/auto_factory.py", line 571, in from_pretrained
    return model_class.from_pretrained(
  File "/usr/local/lib/python3.10/dist-packages/transformers/modeling_utils.py", line 279, in _wrapper
    return func(*args, **kwargs)
  File "/usr/local/lib/python3.10/dist-packages/transformers/modeling_utils.py", line 4380, in from_pretrained
    device_map = _get_device_map(model, device_map, max_memory, hf_quantizer, torch_dtype, keep_in_fp32_regex)
  File "/usr/local/lib/python3.10/dist-packages/transformers/modeling_utils.py", line 1288, in _get_device_map
    max_memory = get_balanced_memory(
  File "/usr/local/lib/python3.10/dist-packages/accelerate/utils/modeling.py", line 959, in get_balanced_memory
    max_memory = get_max_memory(max_memory)
  File "/usr/local/lib/python3.10/dist-packages/accelerate/utils/modeling.py", line 805, in get_max_memory
    for i in range(torch.cuda.device_count()):
  File "/usr/local/lib/python3.10/dist-packages/torch/cuda/__init__.py", line 935, in device_count
    nvml_count = _device_count_amdsmi() if torch.version.hip else _device_count_nvml()
  File "/usr/local/lib/python3.10/dist-packages/torch/cuda/__init__.py", line 891, in _device_count_nvml
    raw_cnt = _raw_device_count_nvml()
  File "/usr/local/lib/python3.10/dist-packages/torch/cuda/__init__.py", line 732, in _raw_device_count_nvml
    rc = nvml_h.nvmlInit()
KeyboardInterrupt
Traceback (most recent call last):
  File "/workspace/master_thesis/master_thesis/open_source_models/run_llama_ft_3.2_3B_sample_tjsp.py", line 51, in <module>
    pipe = pipeline(
  File "/usr/local/lib/python3.10/dist-packages/transformers/pipelines/__init__.py", line 942, in pipeline
    framework, model = infer_framework_load_model(
  File "/usr/local/lib/python3.10/dist-packages/transformers/pipelines/base.py", line 291, in infer_framework_load_model
    model = model_class.from_pretrained(model, **kwargs)
  File "/usr/local/lib/python3.10/dist-packages/transformers/models/auto/auto_factory.py", line 571, in from_pretrained
    return model_class.from_pretrained(
  File "/usr/local/lib/python3.10/dist-packages/transformers/modeling_utils.py", line 279, in _wrapper
    return func(*args, **kwargs)
  File "/usr/local/lib/python3.10/dist-packages/transformers/modeling_utils.py", line 4380, in from_pretrained
    device_map = _get_device_map(model, device_map, max_memory, hf_quantizer, torch_dtype, keep_in_fp32_regex)
  File "/usr/local/lib/python3.10/dist-packages/transformers/modeling_utils.py", line 1288, in _get_device_map
    max_memory = get_balanced_memory(
  File "/usr/local/lib/python3.10/dist-packages/accelerate/utils/modeling.py", line 959, in get_balanced_memory
    max_memory = get_max_memory(max_memory)
  File "/usr/local/lib/python3.10/dist-packages/accelerate/utils/modeling.py", line 805, in get_max_memory
    for i in range(torch.cuda.device_count()):
  File "/usr/local/lib/python3.10/dist-packages/torch/cuda/__init__.py", line 935, in device_count
    nvml_count = _device_count_amdsmi() if torch.version.hip else _device_count_nvml()
  File "/usr/local/lib/python3.10/dist-packages/torch/cuda/__init__.py", line 891, in _device_count_nvml
    raw_cnt = _raw_device_count_nvml()
  File "/usr/local/lib/python3.10/dist-packages/torch/cuda/__init__.py", line 732, in _raw_device_count_nvml
    rc = nvml_h.nvmlInit()
KeyboardInterrupt
