Unsloth: You selected full finetuning support, but 4bit / 8bit is enabled - disabling LoRA / QLoRA.
==((====))==  Unsloth 2025.3.14: Fast Gemma3 patching. Transformers: 4.50.0.dev0.
   \\   /|    NVIDIA A100-PCIE-40GB. Num GPUs = 4. Max memory: 39.394 GB. Platform: Linux.
O^O/ \_/ \    Torch: 2.6.0+cu124. CUDA: 8.0. CUDA Toolkit: 12.4. Triton: 3.2.0
\        /    Bfloat16 = TRUE. FA [Xformers = 0.0.29.post3. FA2 = False]
 "-____-"     Free license: http://github.com/unslothai/unsloth
Unsloth: Fast downloading is enabled - ignore downloading bars which are red colored!
Unsloth: Using bfloat16 full finetuning which cuts memory usage by 50%.
Using a slow image processor as `use_fast` is unset and a slow processor was saved with this model. `use_fast=True` will be the default behavior in v4.48, even if the model was saved with a slow processor. This will result in minor differences in outputs. You'll still be able to use a slow processor with `use_fast=False`.
Unsloth: We found double BOS tokens - we shall remove one automatically.
Unsloth: We found double BOS tokens - we shall remove one automatically.
num_proc must be <= 39. Reducing num_proc to 39 for dataset of size 39.
==((====))==  Unsloth - 2x faster free finetuning | Num GPUs used = 3
   \\   /|    Num examples = 186 | Num Epochs = 3 | Total steps = 138
O^O/ \_/ \    Batch size per device = 1 | Gradient accumulation steps = 4
\        /    Data Parallel GPUs = 1 | Total batch size (1 x 4 x 1) = 4
 "-____-"     Trainable parameters = 12,187,325,040/12,187,325,040 (100.00% trained)
Using EarlyStoppingCallback without load_best_model_at_end=True. Once training is finished, the best model will not be loaded automatically.
It is strongly recommended to train Gemma3 models with the `eager` attention implementation instead of `sdpa`. Use `eager` with `AutoModelForCausalLM.from_pretrained('<path-to-checkpoint>', attn_implementation='eager')`.
Unsloth: Will smartly offload gradients to save VRAM!
Unsloth: Not an error, but Gemma3TextModel does not accept `num_items_in_batch`.
Using gradient accumulation will be very slightly less accurate.
Read more on gradient accumulation issues here: https://unsloth.ai/blog/gradient
[34m[1mwandb[0m: [33mWARNING[0m Calling wandb.login() after wandb.init() has no effect.
[34m[1mwandb[0m: [32m[41mERROR[0m The nbformat package was not found. It is required to save notebook history.
