Loading checkpoint shards: 100%|████████████████████████████████████████████████████████████████████████████████████████████████████████████████████████████████████████████████| 6/6 [00:08<00:00,  1.44s/it]
Device set to use cuda:0
Batches:   2%|███▌                                                                                                                                                           | 10/449 [01:03<46:27,  6.35s/it]Token indices sequence length is longer than the specified maximum sequence length for this model (19486 > 18432). Running this sequence through the model will result in indexing errors
This is a friendly reminder - the current text generation call will exceed the model's predefined maximum length (18432). Depending on the model, you may observe exceptions, performance degradation, or nothing at all.
Batches:   2%|███▍                                                                                                                                                         | 10/449 [02:56<2:08:57, 17.63s/it]
Traceback (most recent call last):
  File "/workspace/master_thesis/master_thesis/experiments_inference/run_phi4_4B_sample_tjsp.py", line 194, in <module>
    # build prompts only for the ones we need
  File "/usr/local/lib/python3.10/dist-packages/transformers/pipelines/text_generation.py", line 286, in __call__
    return super().__call__(list(chats), **kwargs)
  File "/usr/local/lib/python3.10/dist-packages/transformers/pipelines/base.py", line 1360, in __call__
    outputs = list(final_iterator)
  File "/usr/local/lib/python3.10/dist-packages/transformers/pipelines/pt_utils.py", line 124, in __next__
    item = next(self.iterator)
  File "/usr/local/lib/python3.10/dist-packages/transformers/pipelines/pt_utils.py", line 125, in __next__
    processed = self.infer(item, **self.params)
  File "/usr/local/lib/python3.10/dist-packages/transformers/pipelines/base.py", line 1286, in forward
    model_outputs = self._forward(model_inputs, **forward_params)
  File "/usr/local/lib/python3.10/dist-packages/transformers/pipelines/text_generation.py", line 385, in _forward
    output = self.model.generate(input_ids=input_ids, attention_mask=attention_mask, **generate_kwargs)
  File "/usr/local/lib/python3.10/dist-packages/torch/utils/_contextlib.py", line 116, in decorate_context
    return func(*args, **kwargs)
  File "/usr/local/lib/python3.10/dist-packages/transformers/generation/utils.py", line 2465, in generate
    result = self._sample(
  File "/usr/local/lib/python3.10/dist-packages/transformers/generation/utils.py", line 3422, in _sample
    while self._has_unfinished_sequences(this_peer_finished, synced_gpus, device=input_ids.device):
  File "/usr/local/lib/python3.10/dist-packages/transformers/generation/utils.py", line 2616, in _has_unfinished_sequences
    elif this_peer_finished:
KeyboardInterrupt
Traceback (most recent call last):
  File "/workspace/master_thesis/master_thesis/experiments_inference/run_phi4_4B_sample_tjsp.py", line 194, in <module>
    # build prompts only for the ones we need
  File "/usr/local/lib/python3.10/dist-packages/transformers/pipelines/text_generation.py", line 286, in __call__
    return super().__call__(list(chats), **kwargs)
  File "/usr/local/lib/python3.10/dist-packages/transformers/pipelines/base.py", line 1360, in __call__
    outputs = list(final_iterator)
  File "/usr/local/lib/python3.10/dist-packages/transformers/pipelines/pt_utils.py", line 124, in __next__
    item = next(self.iterator)
  File "/usr/local/lib/python3.10/dist-packages/transformers/pipelines/pt_utils.py", line 125, in __next__
    processed = self.infer(item, **self.params)
  File "/usr/local/lib/python3.10/dist-packages/transformers/pipelines/base.py", line 1286, in forward
    model_outputs = self._forward(model_inputs, **forward_params)
  File "/usr/local/lib/python3.10/dist-packages/transformers/pipelines/text_generation.py", line 385, in _forward
    output = self.model.generate(input_ids=input_ids, attention_mask=attention_mask, **generate_kwargs)
  File "/usr/local/lib/python3.10/dist-packages/torch/utils/_contextlib.py", line 116, in decorate_context
    return func(*args, **kwargs)
  File "/usr/local/lib/python3.10/dist-packages/transformers/generation/utils.py", line 2465, in generate
    result = self._sample(
  File "/usr/local/lib/python3.10/dist-packages/transformers/generation/utils.py", line 3422, in _sample
    while self._has_unfinished_sequences(this_peer_finished, synced_gpus, device=input_ids.device):
  File "/usr/local/lib/python3.10/dist-packages/transformers/generation/utils.py", line 2616, in _has_unfinished_sequences
    elif this_peer_finished:
KeyboardInterrupt
