Starting training....
==((====))==  Unsloth - 2x faster free finetuning | Num GPUs used = 4
   \\   /|    Num examples = 186 | Num Epochs = 10 | Total steps = 460
O^O/ \_/ \    Batch size per device = 1 | Gradient accumulation steps = 4
\        /    Data Parallel GPUs = 1 | Total batch size (1 x 4 x 1) = 4
 "-____-"     Trainable parameters = 12,156,928/3,000,000,000 (0.41% trained)
  2%|██▍                                                                                                           | 10/460 [01:14<45:50,  6.11s/it]Unsloth: Not an error, but LlamaForCausalLM does not accept `num_items_in_batch`.
Unsloth: Will smartly offload gradients to save VRAM!
{'loss': 0.2435, 'grad_norm': 0.15973049402236938, 'learning_rate': 0.0, 'epoch': 0.02}
{'loss': 0.2302, 'grad_norm': 0.20697590708732605, 'learning_rate': 4.000000000000001e-06, 'epoch': 0.04}
{'loss': 0.1848, 'grad_norm': 0.18605628609657288, 'learning_rate': 8.000000000000001e-06, 'epoch': 0.06}
{'loss': 0.2219, 'grad_norm': 0.16995811462402344, 'learning_rate': 1.2e-05, 'epoch': 0.09}
{'loss': 0.2231, 'grad_norm': 0.21150247752666473, 'learning_rate': 1.6000000000000003e-05, 'epoch': 0.11}
{'loss': 1.9068, 'grad_norm': 0.9499619603157043, 'learning_rate': 2e-05, 'epoch': 0.13}
{'loss': 0.2485, 'grad_norm': 0.22548747062683105, 'learning_rate': 1.9956043956043957e-05, 'epoch': 0.15}
{'loss': 1.9017, 'grad_norm': 1.1556886434555054, 'learning_rate': 1.9912087912087913e-05, 'epoch': 0.17}
{'loss': 1.4601, 'grad_norm': 1.628976821899414, 'learning_rate': 1.986813186813187e-05, 'epoch': 0.19}
{'loss': 0.2136, 'grad_norm': 0.21351906657218933, 'learning_rate': 1.9824175824175825e-05, 'epoch': 0.22}
Using gradient accumulation will be very slightly less accurate.
Read more on gradient accumulation issues here: https://unsloth.ai/blog/gradient
  5%|█████▏                                                                                                      | 22/460 [03:11<1:23:27, 11.43s/it]Traceback (most recent call last):
  File "/workspace/master_thesis/master_thesis/open_source_models/ft_unsloth_llama_3.2_3b_v2.py", line 160, in <module>                             
{'eval_loss': 0.8477796912193298, 'eval_runtime': 23.3199, 'eval_samples_per_second': 1.672, 'eval_steps_per_second': 1.672, 'epoch': 0.22}
{'loss': 1.1091, 'grad_norm': 1.106930136680603, 'learning_rate': 1.9780219780219784e-05, 'epoch': 0.24}
{'loss': 0.2199, 'grad_norm': 0.22596536576747894, 'learning_rate': 1.973626373626374e-05, 'epoch': 0.26}
{'loss': 0.2124, 'grad_norm': 0.22575801610946655, 'learning_rate': 1.9692307692307696e-05, 'epoch': 0.28}
{'loss': 0.2083, 'grad_norm': 0.21585874259471893, 'learning_rate': 1.9648351648351648e-05, 'epoch': 0.3}
{'loss': 0.2053, 'grad_norm': 0.21419000625610352, 'learning_rate': 1.9604395604395604e-05, 'epoch': 0.32}
{'loss': 0.2143, 'grad_norm': 0.20991666615009308, 'learning_rate': 1.9560439560439563e-05, 'epoch': 0.34}
{'loss': 0.4888, 'grad_norm': 0.7646734714508057, 'learning_rate': 1.951648351648352e-05, 'epoch': 0.37}
{'loss': 1.2543, 'grad_norm': 1.5225368738174438, 'learning_rate': 1.9472527472527475e-05, 'epoch': 0.39}
{'loss': 0.1837, 'grad_norm': 0.2515548765659332, 'learning_rate': 1.942857142857143e-05, 'epoch': 0.41}
{'loss': 0.1939, 'grad_norm': 0.22893904149532318, 'learning_rate': 1.9384615384615386e-05, 'epoch': 0.43}
{'eval_loss': 0.82488614320755, 'eval_runtime': 24.5631, 'eval_samples_per_second': 1.588, 'eval_steps_per_second': 1.588, 'epoch': 0.43}
{'loss': 2.3933, 'grad_norm': 2.279069662094116, 'learning_rate': 1.9340659340659342e-05, 'epoch': 0.45}
{'loss': 0.1978, 'grad_norm': 0.24952644109725952, 'learning_rate': 1.9296703296703298e-05, 'epoch': 0.47}
    trainer_stats = trainer.train()
  File "/usr/local/lib/python3.10/dist-packages/transformers/trainer.py", line 2245, in train
    return inner_training_loop(
  File "<string>", line 314, in _fast_inner_training_loop
  File "<string>", line 77, in _unsloth_training_step
  File "/usr/local/lib/python3.10/dist-packages/accelerate/accelerator.py", line 2454, in backward
    loss.backward(**kwargs)
  File "/usr/local/lib/python3.10/dist-packages/torch/_tensor.py", line 626, in backward
    torch.autograd.backward(
  File "/usr/local/lib/python3.10/dist-packages/torch/autograd/__init__.py", line 347, in backward
    _engine_run_backward(
  File "/usr/local/lib/python3.10/dist-packages/torch/autograd/graph.py", line 823, in _engine_run_backward
    return Variable._execution_engine.run_backward(  # Calls into the C++ engine to run the backward pass
KeyboardInterrupt
Traceback (most recent call last):
  File "/workspace/master_thesis/master_thesis/open_source_models/ft_unsloth_llama_3.2_3b_v2.py", line 160, in <module>
    trainer_stats = trainer.train()
  File "/usr/local/lib/python3.10/dist-packages/transformers/trainer.py", line 2245, in train
    return inner_training_loop(
  File "<string>", line 314, in _fast_inner_training_loop
  File "<string>", line 77, in _unsloth_training_step
  File "/usr/local/lib/python3.10/dist-packages/accelerate/accelerator.py", line 2454, in backward
    loss.backward(**kwargs)
  File "/usr/local/lib/python3.10/dist-packages/torch/_tensor.py", line 626, in backward
    torch.autograd.backward(
  File "/usr/local/lib/python3.10/dist-packages/torch/autograd/__init__.py", line 347, in backward
    _engine_run_backward(
  File "/usr/local/lib/python3.10/dist-packages/torch/autograd/graph.py", line 823, in _engine_run_backward
    return Variable._execution_engine.run_backward(  # Calls into the C++ engine to run the backward pass
KeyboardInterrupt
