Starting training....
==((====))==  Unsloth - 2x faster free finetuning | Num GPUs used = 4
   \\   /|    Num examples = 186 | Num Epochs = 3 | Total steps = 138
O^O/ \_/ \    Batch size per device = 1 | Gradient accumulation steps = 4
\        /    Data Parallel GPUs = 1 | Total batch size (1 x 4 x 1) = 4
 "-____-"     Trainable parameters = 14,901,248/4,000,000,000 (0.37% trained)
`use_cache=True` is incompatible with gradient checkpointing. Setting `use_cache=False`.
[34m[1mwandb[0m: [33mWARNING[0m Calling wandb.login() after wandb.init() has no effect.
==((====))==  Unsloth 2025.3.19: Fast Gemma3 patching. Transformers: 4.51.2.
   \\   /|    NVIDIA A100-PCIE-40GB. Num GPUs = 4. Max memory: 39.394 GB. Platform: Linux.
O^O/ \_/ \    Torch: 2.6.0+cu124. CUDA: 8.0. CUDA Toolkit: 12.4. Triton: 3.2.0
\        /    Bfloat16 = TRUE. FA [Xformers = 0.0.29.post3. FA2 = False]
 "-____-"     Free license: http://github.com/unslothai/unsloth
Unsloth: Fast downloading is enabled - ignore downloading bars which are red colored!
Unsloth: Making `model.base_model.model.language_model.model` require gradients
Model and tokenizer loaded!!
Train and test datasets loaded!!
num_proc must be <= 39. Reducing num_proc to 39 for dataset of size 39.
num_proc must be <= 39. Reducing num_proc to 39 for dataset of size 39.
Trainer loaded!!
[34m[1mwandb[0m: [32m[41mERROR[0m The nbformat package was not found. It is required to save notebook history.
