Starting fine-tuning....
==((====))==  Unsloth - 2x faster free finetuning | Num GPUs used = 4
   \\   /|    Num examples = 186 | Num Epochs = 10 | Total steps = 230
O^O/ \_/ \    Batch size per device = 1 | Gradient accumulation steps = 8
\        /    Data Parallel GPUs = 1 | Total batch size (1 x 8 x 1) = 8
 "-____-"     Trainable parameters = 16,394,240/4,000,000,000 (0.41% trained)
  0%|                                                                                                                                                            | 0/230 [00:00<?, ?it/s]`use_cache=True` is incompatible with gradient checkpointing. Setting `use_cache=False`.
Traceback (most recent call last):
  File "/workspace/master_thesis/master_thesis/open_source_models/ft_unsloth_gemma_3_4b_v2.py", line 169, in <module>
    trainer_stats = trainer.train()
  File "/usr/local/lib/python3.10/dist-packages/transformers/trainer.py", line 2245, in train
    return inner_training_loop(
  File "<string>", line 315, in _fast_inner_training_loop
  File "<string>", line 31, in _unsloth_training_step
  File "/workspace/master_thesis/master_thesis/open_source_models/unsloth_compiled_cache/UnslothSFTTrainer.py", line 748, in compute_loss
    outputs = super().compute_loss(
  File "/usr/local/lib/python3.10/dist-packages/unsloth/models/_utils.py", line 1029, in _unsloth_pre_compute_loss
    outputs = self._old_compute_loss(model, inputs, *args, **kwargs)
  File "/usr/local/lib/python3.10/dist-packages/transformers/trainer.py", line 3801, in compute_loss
    outputs = model(**inputs)
  File "/usr/local/lib/python3.10/dist-packages/torch/nn/modules/module.py", line 1739, in _wrapped_call_impl
    return self._call_impl(*args, **kwargs)
  File "/usr/local/lib/python3.10/dist-packages/torch/nn/modules/module.py", line 1750, in _call_impl
    return forward_call(*args, **kwargs)
  File "/usr/local/lib/python3.10/dist-packages/accelerate/utils/operations.py", line 814, in forward
    return model_forward(*args, **kwargs)
  File "/usr/local/lib/python3.10/dist-packages/accelerate/utils/operations.py", line 802, in __call__
    return convert_to_fp32(self.model_forward(*args, **kwargs))
  File "/usr/local/lib/python3.10/dist-packages/torch/amp/autocast_mode.py", line 44, in decorate_autocast
    return func(*args, **kwargs)
  File "/usr/local/lib/python3.10/dist-packages/peft/peft_model.py", line 1756, in forward
    return self.base_model(
  File "/usr/local/lib/python3.10/dist-packages/torch/nn/modules/module.py", line 1739, in _wrapped_call_impl
    return self._call_impl(*args, **kwargs)
  File "/usr/local/lib/python3.10/dist-packages/torch/nn/modules/module.py", line 1750, in _call_impl
    return forward_call(*args, **kwargs)
  File "/usr/local/lib/python3.10/dist-packages/peft/tuners/tuners_utils.py", line 193, in forward
    return self.model.forward(*args, **kwargs)
  File "/usr/local/lib/python3.10/dist-packages/accelerate/hooks.py", line 176, in new_forward
    output = module._old_forward(*args, **kwargs)
  File "/workspace/master_thesis/master_thesis/open_source_models/unsloth_compiled_cache/unsloth_compiled_module_gemma3.py", line 995, in forward
    return Gemma3ForConditionalGeneration_forward(self, input_ids, pixel_values, attention_mask, position_ids, past_key_values, token_type_ids, cache_position, inputs_embeds, labels, use_cache, output_attentions, output_hidden_states, logits_to_keep, **lm_kwargs)
  File "/usr/local/lib/python3.10/dist-packages/transformers/utils/generic.py", line 965, in wrapper
    output = func(self, *args, **kwargs)
  File "/usr/local/lib/python3.10/dist-packages/transformers/utils/deprecation.py", line 172, in wrapped_func
    return func(*args, **kwargs)
  File "/workspace/master_thesis/master_thesis/open_source_models/unsloth_compiled_cache/unsloth_compiled_module_gemma3.py", line 835, in Gemma3ForConditionalGeneration_forward
    loss = _compiled_loss_function(
  File "/usr/local/lib/python3.10/dist-packages/torch/_dynamo/eval_frame.py", line 574, in _fn
    return fn(*args, **kwargs)
  File "/workspace/master_thesis/master_thesis/open_source_models/unsloth_compiled_cache/unsloth_compiled_module_gemma3.py", line 777, in _compiled_loss_function
    def _compiled_loss_function(
  File "/workspace/master_thesis/master_thesis/open_source_models/unsloth_compiled_cache/unsloth_compiled_module_gemma3.py", line 820, in torch_dynamo_resume_in__compiled_loss_function_at_819
    loss = loss / n_items
RuntimeError: Expected all tensors to be on the same device, but found at least two devices, cuda:1 and cuda:0!
Traceback (most recent call last):
  File "/workspace/master_thesis/master_thesis/open_source_models/ft_unsloth_gemma_3_4b_v2.py", line 169, in <module>
    trainer_stats = trainer.train()
  File "/usr/local/lib/python3.10/dist-packages/transformers/trainer.py", line 2245, in train
    return inner_training_loop(
  File "<string>", line 315, in _fast_inner_training_loop
  File "<string>", line 31, in _unsloth_training_step
  File "/workspace/master_thesis/master_thesis/open_source_models/unsloth_compiled_cache/UnslothSFTTrainer.py", line 748, in compute_loss
    outputs = super().compute_loss(
  File "/usr/local/lib/python3.10/dist-packages/unsloth/models/_utils.py", line 1029, in _unsloth_pre_compute_loss
    outputs = self._old_compute_loss(model, inputs, *args, **kwargs)
  File "/usr/local/lib/python3.10/dist-packages/transformers/trainer.py", line 3801, in compute_loss
    outputs = model(**inputs)
  File "/usr/local/lib/python3.10/dist-packages/torch/nn/modules/module.py", line 1739, in _wrapped_call_impl
    return self._call_impl(*args, **kwargs)
  File "/usr/local/lib/python3.10/dist-packages/torch/nn/modules/module.py", line 1750, in _call_impl
    return forward_call(*args, **kwargs)
  File "/usr/local/lib/python3.10/dist-packages/accelerate/utils/operations.py", line 814, in forward
    return model_forward(*args, **kwargs)
  File "/usr/local/lib/python3.10/dist-packages/accelerate/utils/operations.py", line 802, in __call__
    return convert_to_fp32(self.model_forward(*args, **kwargs))
  File "/usr/local/lib/python3.10/dist-packages/torch/amp/autocast_mode.py", line 44, in decorate_autocast
    return func(*args, **kwargs)
  File "/usr/local/lib/python3.10/dist-packages/peft/peft_model.py", line 1756, in forward
    return self.base_model(
  File "/usr/local/lib/python3.10/dist-packages/torch/nn/modules/module.py", line 1739, in _wrapped_call_impl
    return self._call_impl(*args, **kwargs)
  File "/usr/local/lib/python3.10/dist-packages/torch/nn/modules/module.py", line 1750, in _call_impl
    return forward_call(*args, **kwargs)
  File "/usr/local/lib/python3.10/dist-packages/peft/tuners/tuners_utils.py", line 193, in forward
    return self.model.forward(*args, **kwargs)
  File "/usr/local/lib/python3.10/dist-packages/accelerate/hooks.py", line 176, in new_forward
    output = module._old_forward(*args, **kwargs)
  File "/workspace/master_thesis/master_thesis/open_source_models/unsloth_compiled_cache/unsloth_compiled_module_gemma3.py", line 995, in forward
    return Gemma3ForConditionalGeneration_forward(self, input_ids, pixel_values, attention_mask, position_ids, past_key_values, token_type_ids, cache_position, inputs_embeds, labels, use_cache, output_attentions, output_hidden_states, logits_to_keep, **lm_kwargs)
  File "/usr/local/lib/python3.10/dist-packages/transformers/utils/generic.py", line 965, in wrapper
    output = func(self, *args, **kwargs)
  File "/usr/local/lib/python3.10/dist-packages/transformers/utils/deprecation.py", line 172, in wrapped_func
    return func(*args, **kwargs)
  File "/workspace/master_thesis/master_thesis/open_source_models/unsloth_compiled_cache/unsloth_compiled_module_gemma3.py", line 835, in Gemma3ForConditionalGeneration_forward
    loss = _compiled_loss_function(
  File "/usr/local/lib/python3.10/dist-packages/torch/_dynamo/eval_frame.py", line 574, in _fn
    return fn(*args, **kwargs)
  File "/workspace/master_thesis/master_thesis/open_source_models/unsloth_compiled_cache/unsloth_compiled_module_gemma3.py", line 777, in _compiled_loss_function
    def _compiled_loss_function(
  File "/workspace/master_thesis/master_thesis/open_source_models/unsloth_compiled_cache/unsloth_compiled_module_gemma3.py", line 820, in torch_dynamo_resume_in__compiled_loss_function_at_819
    loss = loss / n_items
RuntimeError: Expected all tensors to be on the same device, but found at least two devices, cuda:1 and cuda:0!
