Starting fine-tuning....
==((====))==  Unsloth - 2x faster free finetuning | Num GPUs used = 2
   \\   /|    Num examples = 186 | Num Epochs = 10 | Total steps = 230
O^O/ \_/ \    Batch size per device = 1 | Gradient accumulation steps = 8
\        /    Data Parallel GPUs = 1 | Total batch size (1 x 8 x 1) = 8
 "-____-"     Trainable parameters = 3,261,440/1,003,147,392 (0.33% trained)
  0%|                                                                                                                                                            | 0/230 [00:00<?, ?it/s]`use_cache=True` is incompatible with gradient checkpointing. Setting `use_cache=False`.
Traceback (most recent call last):
  File "/workspace/master_thesis/master_thesis/open_source_models/ft_unsloth_gemma_3_4b.py", line 168, in <module>
    trainer_stats = unsloth_train(trainer)
  File "/usr/local/lib/python3.10/dist-packages/unsloth/trainer.py", line 45, in unsloth_train
    return trainer.train(*args, **kwargs)
  File "/usr/local/lib/python3.10/dist-packages/transformers/trainer.py", line 2245, in train
    return inner_training_loop(
  File "<string>", line 315, in _fast_inner_training_loop
  File "<string>", line 31, in _unsloth_training_step
  File "/workspace/master_thesis/master_thesis/open_source_models/unsloth_compiled_cache/UnslothSFTTrainer.py", line 748, in compute_loss
    outputs = super().compute_loss(
  File "/usr/local/lib/python3.10/dist-packages/unsloth/models/_utils.py", line 1029, in _unsloth_pre_compute_loss
    outputs = self._old_compute_loss(model, inputs, *args, **kwargs)
  File "/usr/local/lib/python3.10/dist-packages/transformers/trainer.py", line 3801, in compute_loss
    outputs = model(**inputs)
  File "/usr/local/lib/python3.10/dist-packages/torch/nn/modules/module.py", line 1739, in _wrapped_call_impl
    return self._call_impl(*args, **kwargs)
  File "/usr/local/lib/python3.10/dist-packages/torch/nn/modules/module.py", line 1750, in _call_impl
    return forward_call(*args, **kwargs)
  File "/usr/local/lib/python3.10/dist-packages/accelerate/utils/operations.py", line 814, in forward
    return model_forward(*args, **kwargs)
  File "/usr/local/lib/python3.10/dist-packages/accelerate/utils/operations.py", line 802, in __call__
    return convert_to_fp32(self.model_forward(*args, **kwargs))
  File "/usr/local/lib/python3.10/dist-packages/torch/amp/autocast_mode.py", line 44, in decorate_autocast
    return func(*args, **kwargs)
  File "/usr/local/lib/python3.10/dist-packages/peft/peft_model.py", line 1756, in forward
    return self.base_model(
  File "/usr/local/lib/python3.10/dist-packages/torch/nn/modules/module.py", line 1739, in _wrapped_call_impl
    return self._call_impl(*args, **kwargs)
  File "/usr/local/lib/python3.10/dist-packages/torch/nn/modules/module.py", line 1750, in _call_impl
    return forward_call(*args, **kwargs)
  File "/usr/local/lib/python3.10/dist-packages/peft/tuners/tuners_utils.py", line 193, in forward
    return self.model.forward(*args, **kwargs)
  File "/usr/local/lib/python3.10/dist-packages/accelerate/hooks.py", line 176, in new_forward
    output = module._old_forward(*args, **kwargs)
  File "/workspace/master_thesis/master_thesis/open_source_models/unsloth_compiled_cache/unsloth_compiled_module_gemma3.py", line 516, in forward
    return Gemma3ForCausalLM_forward(self, input_ids, attention_mask, position_ids, past_key_values, inputs_embeds, labels, use_cache, output_attentions, output_hidden_states, cache_position, logits_to_keep, **loss_kwargs)
  File "/usr/local/lib/python3.10/dist-packages/transformers/utils/generic.py", line 965, in wrapper
    output = func(self, *args, **kwargs)
  File "/usr/local/lib/python3.10/dist-packages/transformers/utils/deprecation.py", line 172, in wrapped_func
    return func(*args, **kwargs)
  File "/workspace/master_thesis/master_thesis/open_source_models/unsloth_compiled_cache/unsloth_compiled_module_gemma3.py", line 337, in Gemma3ForCausalLM_forward
    outputs: BaseModelOutputWithPast = self.model(
  File "/usr/local/lib/python3.10/dist-packages/torch/nn/modules/module.py", line 1739, in _wrapped_call_impl
    return self._call_impl(*args, **kwargs)
  File "/usr/local/lib/python3.10/dist-packages/torch/nn/modules/module.py", line 1750, in _call_impl
    return forward_call(*args, **kwargs)
  File "/usr/local/lib/python3.10/dist-packages/transformers/utils/generic.py", line 965, in wrapper
    output = func(self, *args, **kwargs)
  File "/usr/local/lib/python3.10/dist-packages/transformers/models/gemma3/modeling_gemma3.py", line 708, in forward
    layer_outputs = self._gradient_checkpointing_func(
  File "/usr/local/lib/python3.10/dist-packages/torch/_compile.py", line 32, in inner
    return disable_fn(*args, **kwargs)
  File "/usr/local/lib/python3.10/dist-packages/torch/_dynamo/eval_frame.py", line 745, in _fn
    return fn(*args, **kwargs)
  File "/usr/local/lib/python3.10/dist-packages/torch/utils/checkpoint.py", line 489, in checkpoint
    return CheckpointFunction.apply(function, preserve, *args)
  File "/usr/local/lib/python3.10/dist-packages/torch/autograd/function.py", line 575, in apply
    return super().apply(*args, **kwargs)  # type: ignore[misc]
  File "/usr/local/lib/python3.10/dist-packages/unsloth_zoo/gradient_checkpointing.py", line 463, in forward
    outputs = run_function(*args)
  File "/usr/local/lib/python3.10/dist-packages/torch/nn/modules/module.py", line 1739, in _wrapped_call_impl
    return self._call_impl(*args, **kwargs)
  File "/usr/local/lib/python3.10/dist-packages/torch/nn/modules/module.py", line 1750, in _call_impl
    return forward_call(*args, **kwargs)
  File "/usr/local/lib/python3.10/dist-packages/accelerate/hooks.py", line 176, in new_forward
    output = module._old_forward(*args, **kwargs)
  File "/usr/local/lib/python3.10/dist-packages/transformers/models/gemma3/modeling_gemma3.py", line 420, in forward
    hidden_states, self_attn_weights = self.self_attn(
  File "/usr/local/lib/python3.10/dist-packages/torch/nn/modules/module.py", line 1739, in _wrapped_call_impl
    return self._call_impl(*args, **kwargs)
  File "/usr/local/lib/python3.10/dist-packages/torch/nn/modules/module.py", line 1750, in _call_impl
    return forward_call(*args, **kwargs)
  File "/usr/local/lib/python3.10/dist-packages/accelerate/hooks.py", line 176, in new_forward
    output = module._old_forward(*args, **kwargs)
  File "/usr/local/lib/python3.10/dist-packages/unsloth_zoo/temporary_patches.py", line 511, in forward
    query_states, key_states = apply_rotary_pos_emb(query_states, key_states, cos, sin)
  File "/usr/local/lib/python3.10/dist-packages/torch/_dynamo/eval_frame.py", line 574, in _fn
    return fn(*args, **kwargs)
  File "/workspace/master_thesis/master_thesis/open_source_models/unsloth_compiled_cache/unsloth_compiled_module_gemma3.py", line 198, in apply_rotary_pos_emb
    @torch.compile(fullgraph = True, dynamic = True, options = torch_compile_options)
  File "/usr/local/lib/python3.10/dist-packages/torch/_dynamo/eval_frame.py", line 745, in _fn
    return fn(*args, **kwargs)
  File "/usr/local/lib/python3.10/dist-packages/torch/_functorch/aot_autograd.py", line 1184, in forward
    return compiled_fn(full_args)
  File "/usr/local/lib/python3.10/dist-packages/torch/_functorch/_aot_autograd/runtime_wrappers.py", line 323, in runtime_wrapper
    all_outs = call_func_at_runtime_with_args(
  File "/usr/local/lib/python3.10/dist-packages/torch/_functorch/_aot_autograd/utils.py", line 126, in call_func_at_runtime_with_args
    out = normalize_as_list(f(args))
  File "/usr/local/lib/python3.10/dist-packages/torch/_functorch/_aot_autograd/runtime_wrappers.py", line 672, in inner_fn
    outs = compiled_fn(args)
  File "/usr/local/lib/python3.10/dist-packages/torch/_functorch/_aot_autograd/runtime_wrappers.py", line 490, in wrapper
    return compiled_fn(runtime_args)
  File "/usr/local/lib/python3.10/dist-packages/torch/_inductor/output_code.py", line 466, in __call__
    return self.current_callable(inputs)
  File "/usr/local/lib/python3.10/dist-packages/torch/_inductor/utils.py", line 2128, in run
    return model(new_inputs)
  File "/tmp/torchinductor_root/ai/caicipjn5wuxslpme5xth35g2e4zv6c4uap53cxzdzcl7qbjkymg.py", line 186, in call
    triton_poi_fused_add_cat_mul_0.run(arg6_1, arg2_1, arg4_1, buf0, s1, ps0, triton_poi_fused_add_cat_mul_0_xnumel, grid=grid(triton_poi_fused_add_cat_mul_0_xnumel), stream=stream1)
  File "/usr/local/lib/python3.10/dist-packages/torch/_inductor/runtime/triton_heuristics.py", line 1034, in run
    self.autotune_to_one_config(*args, grid=grid, **kwargs)
  File "/usr/local/lib/python3.10/dist-packages/torch/_inductor/runtime/triton_heuristics.py", line 911, in autotune_to_one_config
    timings = self.benchmark_all_configs(*args, **kwargs)
  File "/usr/local/lib/python3.10/dist-packages/torch/_inductor/runtime/triton_heuristics.py", line 885, in benchmark_all_configs
    timings = {
  File "/usr/local/lib/python3.10/dist-packages/torch/_inductor/runtime/triton_heuristics.py", line 886, in <dictcomp>
    launcher: self.bench(launcher, *args, **kwargs)
  File "/usr/local/lib/python3.10/dist-packages/torch/_inductor/runtime/triton_heuristics.py", line 787, in bench
    return benchmarker.benchmark_gpu(kernel_call, rep=40)
  File "/usr/local/lib/python3.10/dist-packages/torch/_inductor/runtime/benchmarking.py", line 66, in wrapper
    return fn(self, *args, **kwargs)
  File "/usr/local/lib/python3.10/dist-packages/torch/_inductor/runtime/benchmarking.py", line 202, in benchmark_gpu
    return self.triton_do_bench(_callable, **kwargs, return_mode="median")
  File "/usr/local/lib/python3.10/dist-packages/triton/testing.py", line 120, in do_bench
    cache = runtime.driver.active.get_empty_cache_for_benchmark()
  File "/usr/local/lib/python3.10/dist-packages/triton/backends/nvidia/driver.py", line 481, in get_empty_cache_for_benchmark
    return torch.empty(int(cache_size // 4), dtype=torch.int, device='cuda')
torch.OutOfMemoryError: CUDA out of memory. Tried to allocate 256.00 MiB. GPU 1 has a total capacity of 39.39 GiB of which 230.19 MiB is free. Process 3170594 has 8.28 GiB memory in use. Process 3899897 has 12.31 GiB memory in use. Process 4175164 has 16.70 GiB memory in use. Process 4178813 has 1.83 GiB memory in use. Of the allocated memory 1.32 GiB is allocated by PyTorch, and 18.08 MiB is reserved by PyTorch but unallocated. If reserved but unallocated memory is large try setting PYTORCH_CUDA_ALLOC_CONF=expandable_segments:True to avoid fragmentation.  See documentation for Memory Management  (https://pytorch.org/docs/stable/notes/cuda.html#environment-variables)
Traceback (most recent call last):
  File "/workspace/master_thesis/master_thesis/open_source_models/ft_unsloth_gemma_3_4b.py", line 168, in <module>
    trainer_stats = unsloth_train(trainer)
  File "/usr/local/lib/python3.10/dist-packages/unsloth/trainer.py", line 45, in unsloth_train
    return trainer.train(*args, **kwargs)
  File "/usr/local/lib/python3.10/dist-packages/transformers/trainer.py", line 2245, in train
    return inner_training_loop(
  File "<string>", line 315, in _fast_inner_training_loop
  File "<string>", line 31, in _unsloth_training_step
  File "/workspace/master_thesis/master_thesis/open_source_models/unsloth_compiled_cache/UnslothSFTTrainer.py", line 748, in compute_loss
    outputs = super().compute_loss(
  File "/usr/local/lib/python3.10/dist-packages/unsloth/models/_utils.py", line 1029, in _unsloth_pre_compute_loss
    outputs = self._old_compute_loss(model, inputs, *args, **kwargs)
  File "/usr/local/lib/python3.10/dist-packages/transformers/trainer.py", line 3801, in compute_loss
    outputs = model(**inputs)
  File "/usr/local/lib/python3.10/dist-packages/torch/nn/modules/module.py", line 1739, in _wrapped_call_impl
    return self._call_impl(*args, **kwargs)
  File "/usr/local/lib/python3.10/dist-packages/torch/nn/modules/module.py", line 1750, in _call_impl
    return forward_call(*args, **kwargs)
  File "/usr/local/lib/python3.10/dist-packages/accelerate/utils/operations.py", line 814, in forward
    return model_forward(*args, **kwargs)
  File "/usr/local/lib/python3.10/dist-packages/accelerate/utils/operations.py", line 802, in __call__
    return convert_to_fp32(self.model_forward(*args, **kwargs))
  File "/usr/local/lib/python3.10/dist-packages/torch/amp/autocast_mode.py", line 44, in decorate_autocast
    return func(*args, **kwargs)
  File "/usr/local/lib/python3.10/dist-packages/peft/peft_model.py", line 1756, in forward
    return self.base_model(
  File "/usr/local/lib/python3.10/dist-packages/torch/nn/modules/module.py", line 1739, in _wrapped_call_impl
    return self._call_impl(*args, **kwargs)
  File "/usr/local/lib/python3.10/dist-packages/torch/nn/modules/module.py", line 1750, in _call_impl
    return forward_call(*args, **kwargs)
  File "/usr/local/lib/python3.10/dist-packages/peft/tuners/tuners_utils.py", line 193, in forward
    return self.model.forward(*args, **kwargs)
  File "/usr/local/lib/python3.10/dist-packages/accelerate/hooks.py", line 176, in new_forward
    output = module._old_forward(*args, **kwargs)
  File "/workspace/master_thesis/master_thesis/open_source_models/unsloth_compiled_cache/unsloth_compiled_module_gemma3.py", line 516, in forward
    return Gemma3ForCausalLM_forward(self, input_ids, attention_mask, position_ids, past_key_values, inputs_embeds, labels, use_cache, output_attentions, output_hidden_states, cache_position, logits_to_keep, **loss_kwargs)
  File "/usr/local/lib/python3.10/dist-packages/transformers/utils/generic.py", line 965, in wrapper
    output = func(self, *args, **kwargs)
  File "/usr/local/lib/python3.10/dist-packages/transformers/utils/deprecation.py", line 172, in wrapped_func
    return func(*args, **kwargs)
  File "/workspace/master_thesis/master_thesis/open_source_models/unsloth_compiled_cache/unsloth_compiled_module_gemma3.py", line 337, in Gemma3ForCausalLM_forward
    outputs: BaseModelOutputWithPast = self.model(
  File "/usr/local/lib/python3.10/dist-packages/torch/nn/modules/module.py", line 1739, in _wrapped_call_impl
    return self._call_impl(*args, **kwargs)
  File "/usr/local/lib/python3.10/dist-packages/torch/nn/modules/module.py", line 1750, in _call_impl
    return forward_call(*args, **kwargs)
  File "/usr/local/lib/python3.10/dist-packages/transformers/utils/generic.py", line 965, in wrapper
    output = func(self, *args, **kwargs)
  File "/usr/local/lib/python3.10/dist-packages/transformers/models/gemma3/modeling_gemma3.py", line 708, in forward
    layer_outputs = self._gradient_checkpointing_func(
  File "/usr/local/lib/python3.10/dist-packages/torch/_compile.py", line 32, in inner
    return disable_fn(*args, **kwargs)
  File "/usr/local/lib/python3.10/dist-packages/torch/_dynamo/eval_frame.py", line 745, in _fn
    return fn(*args, **kwargs)
  File "/usr/local/lib/python3.10/dist-packages/torch/utils/checkpoint.py", line 489, in checkpoint
    return CheckpointFunction.apply(function, preserve, *args)
  File "/usr/local/lib/python3.10/dist-packages/torch/autograd/function.py", line 575, in apply
    return super().apply(*args, **kwargs)  # type: ignore[misc]
  File "/usr/local/lib/python3.10/dist-packages/unsloth_zoo/gradient_checkpointing.py", line 463, in forward
    outputs = run_function(*args)
  File "/usr/local/lib/python3.10/dist-packages/torch/nn/modules/module.py", line 1739, in _wrapped_call_impl
    return self._call_impl(*args, **kwargs)
  File "/usr/local/lib/python3.10/dist-packages/torch/nn/modules/module.py", line 1750, in _call_impl
    return forward_call(*args, **kwargs)
  File "/usr/local/lib/python3.10/dist-packages/accelerate/hooks.py", line 176, in new_forward
    output = module._old_forward(*args, **kwargs)
  File "/usr/local/lib/python3.10/dist-packages/transformers/models/gemma3/modeling_gemma3.py", line 420, in forward
    hidden_states, self_attn_weights = self.self_attn(
  File "/usr/local/lib/python3.10/dist-packages/torch/nn/modules/module.py", line 1739, in _wrapped_call_impl
    return self._call_impl(*args, **kwargs)
  File "/usr/local/lib/python3.10/dist-packages/torch/nn/modules/module.py", line 1750, in _call_impl
    return forward_call(*args, **kwargs)
  File "/usr/local/lib/python3.10/dist-packages/accelerate/hooks.py", line 176, in new_forward
    output = module._old_forward(*args, **kwargs)
  File "/usr/local/lib/python3.10/dist-packages/unsloth_zoo/temporary_patches.py", line 511, in forward
    query_states, key_states = apply_rotary_pos_emb(query_states, key_states, cos, sin)
  File "/usr/local/lib/python3.10/dist-packages/torch/_dynamo/eval_frame.py", line 574, in _fn
    return fn(*args, **kwargs)
  File "/workspace/master_thesis/master_thesis/open_source_models/unsloth_compiled_cache/unsloth_compiled_module_gemma3.py", line 198, in apply_rotary_pos_emb
    @torch.compile(fullgraph = True, dynamic = True, options = torch_compile_options)
  File "/usr/local/lib/python3.10/dist-packages/torch/_dynamo/eval_frame.py", line 745, in _fn
    return fn(*args, **kwargs)
  File "/usr/local/lib/python3.10/dist-packages/torch/_functorch/aot_autograd.py", line 1184, in forward
    return compiled_fn(full_args)
  File "/usr/local/lib/python3.10/dist-packages/torch/_functorch/_aot_autograd/runtime_wrappers.py", line 323, in runtime_wrapper
    all_outs = call_func_at_runtime_with_args(
  File "/usr/local/lib/python3.10/dist-packages/torch/_functorch/_aot_autograd/utils.py", line 126, in call_func_at_runtime_with_args
    out = normalize_as_list(f(args))
  File "/usr/local/lib/python3.10/dist-packages/torch/_functorch/_aot_autograd/runtime_wrappers.py", line 672, in inner_fn
    outs = compiled_fn(args)
  File "/usr/local/lib/python3.10/dist-packages/torch/_functorch/_aot_autograd/runtime_wrappers.py", line 490, in wrapper
    return compiled_fn(runtime_args)
  File "/usr/local/lib/python3.10/dist-packages/torch/_inductor/output_code.py", line 466, in __call__
    return self.current_callable(inputs)
  File "/usr/local/lib/python3.10/dist-packages/torch/_inductor/utils.py", line 2128, in run
    return model(new_inputs)
  File "/tmp/torchinductor_root/ai/caicipjn5wuxslpme5xth35g2e4zv6c4uap53cxzdzcl7qbjkymg.py", line 186, in call
    triton_poi_fused_add_cat_mul_0.run(arg6_1, arg2_1, arg4_1, buf0, s1, ps0, triton_poi_fused_add_cat_mul_0_xnumel, grid=grid(triton_poi_fused_add_cat_mul_0_xnumel), stream=stream1)
  File "/usr/local/lib/python3.10/dist-packages/torch/_inductor/runtime/triton_heuristics.py", line 1034, in run
    self.autotune_to_one_config(*args, grid=grid, **kwargs)
  File "/usr/local/lib/python3.10/dist-packages/torch/_inductor/runtime/triton_heuristics.py", line 911, in autotune_to_one_config
    timings = self.benchmark_all_configs(*args, **kwargs)
  File "/usr/local/lib/python3.10/dist-packages/torch/_inductor/runtime/triton_heuristics.py", line 885, in benchmark_all_configs
    timings = {
  File "/usr/local/lib/python3.10/dist-packages/torch/_inductor/runtime/triton_heuristics.py", line 886, in <dictcomp>
    launcher: self.bench(launcher, *args, **kwargs)
  File "/usr/local/lib/python3.10/dist-packages/torch/_inductor/runtime/triton_heuristics.py", line 787, in bench
    return benchmarker.benchmark_gpu(kernel_call, rep=40)
  File "/usr/local/lib/python3.10/dist-packages/torch/_inductor/runtime/benchmarking.py", line 66, in wrapper
    return fn(self, *args, **kwargs)
  File "/usr/local/lib/python3.10/dist-packages/torch/_inductor/runtime/benchmarking.py", line 202, in benchmark_gpu
    return self.triton_do_bench(_callable, **kwargs, return_mode="median")
  File "/usr/local/lib/python3.10/dist-packages/triton/testing.py", line 120, in do_bench
    cache = runtime.driver.active.get_empty_cache_for_benchmark()
  File "/usr/local/lib/python3.10/dist-packages/triton/backends/nvidia/driver.py", line 481, in get_empty_cache_for_benchmark
    return torch.empty(int(cache_size // 4), dtype=torch.int, device='cuda')
torch.OutOfMemoryError: CUDA out of memory. Tried to allocate 256.00 MiB. GPU 1 has a total capacity of 39.39 GiB of which 230.19 MiB is free. Process 3170594 has 8.28 GiB memory in use. Process 3899897 has 12.31 GiB memory in use. Process 4175164 has 16.70 GiB memory in use. Process 4178813 has 1.83 GiB memory in use. Of the allocated memory 1.32 GiB is allocated by PyTorch, and 18.08 MiB is reserved by PyTorch but unallocated. If reserved but unallocated memory is large try setting PYTORCH_CUDA_ALLOC_CONF=expandable_segments:True to avoid fragmentation.  See documentation for Memory Management  (https://pytorch.org/docs/stable/notes/cuda.html#environment-variables)
