Starting fine-tuning....
==((====))==  Unsloth - 2x faster free finetuning | Num GPUs used = 1
   \\   /|    Num examples = 186 | Num Epochs = 10 | Total steps = 460
O^O/ \_/ \    Batch size per device = 1 | Gradient accumulation steps = 4
\        /    Data Parallel GPUs = 1 | Total batch size (1 x 4 x 1) = 4
 "-____-"     Trainable parameters = 8,912,896/3,844,934,656 (0.23% trained)
`use_cache=True` is incompatible with gradient checkpointing. Setting `use_cache=False`.
Drive already mounted at /content/drive; to attempt to forcibly remount, call drive.mount("/content/drive", force_remount=True).
Warning: Looks like you're using an outdated `kagglehub` version (installed: 0.3.11), please consider upgrading to the latest version (0.3.12).
Warning: Looks like you're using an outdated `kagglehub` version (installed: 0.3.11), please consider upgrading to the latest version (0.3.12).
Packages loaded!
Config done!
==((====))==  Unsloth 2025.3.19: Fast Phi3 patching. Transformers: 4.51.3.
   \\   /|    NVIDIA A100-SXM4-40GB. Num GPUs = 1. Max memory: 39.557 GB. Platform: Linux.
O^O/ \_/ \    Torch: 2.6.0+cu124. CUDA: 8.0. CUDA Toolkit: 12.4. Triton: 3.2.0
\        /    Bfloat16 = TRUE. FA [Xformers = 0.0.29.post3. FA2 = False]
 "-____-"     Free license: http://github.com/unslothai/unsloth
Unsloth: Fast downloading is enabled - ignore downloading bars which are red colored!
microsoft/Phi-4-mini-instruct does not have a padding token! Will use pad_token = <|endoftext|>.
Unsloth: Making `model.base_model.model.model` require gradients
Model and tokenizer loaded!!
Model does not have a padding token! Will use pad_token = <|endoftext|>.
Train and test datasets loaded!!
Trainer loaded!!
[34m[1mwandb[0m: [33mWARNING[0m Calling wandb.login() after wandb.init() has no effect.
