Starting fine-tuning....
==((====))==  Unsloth - 2x faster free finetuning | Num GPUs used = 1
   \\   /|    Num examples = 186 | Num Epochs = 10 | Total steps = 460
O^O/ \_/ \    Batch size per device = 1 | Gradient accumulation steps = 4
\        /    Data Parallel GPUs = 1 | Total batch size (1 x 4 x 1) = 4
 "-____-"     Trainable parameters = 39,976,960/6,778,392,576 (0.59% trained)
  0%|                                                                                                                                                               | 0/460 [00:00<?, ?it/s]`use_cache=True` is incompatible with gradient checkpointing. Setting `use_cache=False`.
Unsloth: Will smartly offload gradients to save VRAM!
 22%|████████████████████████████████▍                                                                                                                    | 100/460 [03:14<36:04,  6.01s/it]Unsloth: Not an error, but LlamaForCausalLM does not accept `num_items_in_batch`.
{'loss': 3.6869, 'grad_norm': 0.693884015083313, 'learning_rate': 1.6263736263736265e-05, 'epoch': 1.97}
{'loss': 4.238, 'grad_norm': 0.7395254373550415, 'learning_rate': 1.621978021978022e-05, 'epoch': 1.99}
{'loss': 9.0687, 'grad_norm': 1.9402216672897339, 'learning_rate': 1.6175824175824176e-05, 'epoch': 2.02}
{'loss': 3.8041, 'grad_norm': 0.7033584713935852, 'learning_rate': 1.6131868131868135e-05, 'epoch': 2.04}
{'loss': 3.7632, 'grad_norm': 0.6822394728660583, 'learning_rate': 1.608791208791209e-05, 'epoch': 2.06}
{'loss': 4.3327, 'grad_norm': 1.0306471586227417, 'learning_rate': 1.6043956043956047e-05, 'epoch': 2.09}
{'loss': 3.761, 'grad_norm': 0.674531102180481, 'learning_rate': 1.6000000000000003e-05, 'epoch': 2.11}
{'loss': 3.933, 'grad_norm': 0.7021879553794861, 'learning_rate': 1.595604395604396e-05, 'epoch': 2.13}
{'loss': 3.8016, 'grad_norm': 0.7040327191352844, 'learning_rate': 1.591208791208791e-05, 'epoch': 2.15}
{'loss': 4.2803, 'grad_norm': 0.876564621925354, 'learning_rate': 1.586813186813187e-05, 'epoch': 2.17}
Using gradient accumulation will be very slightly less accurate.
Read more on gradient accumulation issues here: https://unsloth.ai/blog/gradient
                                                                                                                                                                                            
                                                                                                                                                                                            
{'eval_loss': 3.8341476917266846, 'eval_runtime': 52.7598, 'eval_samples_per_second': 0.625, 'eval_steps_per_second': 0.625, 'epoch': 2.17}
{'loss': 3.6641, 'grad_norm': 0.6674536466598511, 'learning_rate': 1.5824175824175826e-05, 'epoch': 2.19}
{'loss': 3.8344, 'grad_norm': 0.6482590436935425, 'learning_rate': 1.578021978021978e-05, 'epoch': 2.22}
{'loss': 3.7608, 'grad_norm': 0.6564432382583618, 'learning_rate': 1.5736263736263737e-05, 'epoch': 2.24}
{'loss': 3.6509, 'grad_norm': 0.6724386215209961, 'learning_rate': 1.5692307692307693e-05, 'epoch': 2.26}
{'loss': 3.4941, 'grad_norm': 0.6510093212127686, 'learning_rate': 1.564835164835165e-05, 'epoch': 2.28}
{'loss': 3.5909, 'grad_norm': 0.6363039016723633, 'learning_rate': 1.5604395604395605e-05, 'epoch': 2.3}
{'loss': 3.7719, 'grad_norm': 0.6372878551483154, 'learning_rate': 1.556043956043956e-05, 'epoch': 2.32}
{'loss': 4.3166, 'grad_norm': 1.0643707513809204, 'learning_rate': 1.551648351648352e-05, 'epoch': 2.34}
{'loss': 4.2905, 'grad_norm': 1.0622016191482544, 'learning_rate': 1.5472527472527476e-05, 'epoch': 2.37}
{'loss': 3.4476, 'grad_norm': 0.6002814173698425, 'learning_rate': 1.542857142857143e-05, 'epoch': 2.39}
{'eval_loss': 3.6468706130981445, 'eval_runtime': 58.2262, 'eval_samples_per_second': 0.567, 'eval_steps_per_second': 0.567, 'epoch': 2.39}
{'loss': 3.653, 'grad_norm': 0.6085147857666016, 'learning_rate': 1.5384615384615387e-05, 'epoch': 2.41}
{'loss': 4.7364, 'grad_norm': 2.9555535316467285, 'learning_rate': 1.5340659340659343e-05, 'epoch': 2.43}
{'loss': 3.5857, 'grad_norm': 0.5891289114952087, 'learning_rate': 1.5296703296703295e-05, 'epoch': 2.45}
{'loss': 3.6351, 'grad_norm': 0.6125920414924622, 'learning_rate': 1.5252747252747253e-05, 'epoch': 2.47}
{'loss': 3.7069, 'grad_norm': 0.5729172825813293, 'learning_rate': 1.5208791208791209e-05, 'epoch': 2.49}
{'loss': 3.8051, 'grad_norm': 0.5752657055854797, 'learning_rate': 1.5164835164835166e-05, 'epoch': 2.52}
{'loss': 3.4757, 'grad_norm': 0.5565939545631409, 'learning_rate': 1.5120879120879122e-05, 'epoch': 2.54}
{'loss': 3.3851, 'grad_norm': 0.5896879434585571, 'learning_rate': 1.5076923076923078e-05, 'epoch': 2.56}
{'loss': 3.8407, 'grad_norm': 0.6076867580413818, 'learning_rate': 1.5032967032967034e-05, 'epoch': 2.58}
{'loss': 3.6341, 'grad_norm': 0.6443278193473816, 'learning_rate': 1.4989010989010991e-05, 'epoch': 2.6}
{'eval_loss': 3.4874753952026367, 'eval_runtime': 63.6099, 'eval_samples_per_second': 0.519, 'eval_steps_per_second': 0.519, 'epoch': 2.6}
{'loss': 3.4642, 'grad_norm': 0.527056872844696, 'learning_rate': 1.4945054945054947e-05, 'epoch': 2.62}
{'loss': 3.6628, 'grad_norm': 0.5821006298065186, 'learning_rate': 1.4901098901098903e-05, 'epoch': 2.65}
{'loss': 3.2716, 'grad_norm': 0.5633931756019592, 'learning_rate': 1.4857142857142858e-05, 'epoch': 2.67}
{'loss': 3.4662, 'grad_norm': 0.6053604483604431, 'learning_rate': 1.4813186813186816e-05, 'epoch': 2.69}
{'loss': 3.4032, 'grad_norm': 0.5650187134742737, 'learning_rate': 1.4769230769230772e-05, 'epoch': 2.71}
{'loss': 3.647, 'grad_norm': 0.5667855143547058, 'learning_rate': 1.4725274725274727e-05, 'epoch': 2.73}
{'loss': 3.7658, 'grad_norm': 0.8884087800979614, 'learning_rate': 1.4681318681318682e-05, 'epoch': 2.75}
{'loss': 3.4557, 'grad_norm': 0.6436903476715088, 'learning_rate': 1.4637362637362637e-05, 'epoch': 2.77}
{'loss': 3.4386, 'grad_norm': 0.5891613960266113, 'learning_rate': 1.4593406593406593e-05, 'epoch': 2.8}
{'loss': 3.54, 'grad_norm': 0.6041164398193359, 'learning_rate': 1.454945054945055e-05, 'epoch': 2.82}
{'eval_loss': 3.3394834995269775, 'eval_runtime': 63.9989, 'eval_samples_per_second': 0.516, 'eval_steps_per_second': 0.516, 'epoch': 2.82}
{'loss': 3.4575, 'grad_norm': 0.5450857877731323, 'learning_rate': 1.4505494505494506e-05, 'epoch': 2.84}
{'loss': 3.4246, 'grad_norm': 0.7737897038459778, 'learning_rate': 1.4461538461538462e-05, 'epoch': 2.86}
{'loss': 2.6422, 'grad_norm': 0.6952686309814453, 'learning_rate': 1.4417582417582418e-05, 'epoch': 2.88}
{'loss': 3.3682, 'grad_norm': 0.552495539188385, 'learning_rate': 1.4373626373626376e-05, 'epoch': 2.9}
{'loss': 3.3552, 'grad_norm': 0.5636951923370361, 'learning_rate': 1.4329670329670331e-05, 'epoch': 2.92}
{'loss': 3.1368, 'grad_norm': 0.4859042465686798, 'learning_rate': 1.4285714285714287e-05, 'epoch': 2.95}
{'loss': 3.5268, 'grad_norm': 0.5839625597000122, 'learning_rate': 1.4241758241758243e-05, 'epoch': 2.97}
{'loss': 3.0829, 'grad_norm': 0.512128472328186, 'learning_rate': 1.41978021978022e-05, 'epoch': 2.99}
{'loss': 3.786, 'grad_norm': 0.8651578426361084, 'learning_rate': 1.4153846153846156e-05, 'epoch': 3.0}
{'loss': 3.0448, 'grad_norm': 0.49335670471191406, 'learning_rate': 1.4109890109890112e-05, 'epoch': 3.02}
{'eval_loss': 3.199115037918091, 'eval_runtime': 60.8515, 'eval_samples_per_second': 0.542, 'eval_steps_per_second': 0.542, 'epoch': 3.02}
{'loss': 3.5586, 'grad_norm': 0.6680489778518677, 'learning_rate': 1.4065934065934068e-05, 'epoch': 3.04}
{'loss': 3.2218, 'grad_norm': 0.5199507474899292, 'learning_rate': 1.4021978021978022e-05, 'epoch': 3.06}
{'loss': 3.4502, 'grad_norm': 0.5378086566925049, 'learning_rate': 1.3978021978021978e-05, 'epoch': 3.09}
{'loss': 3.9124, 'grad_norm': 2.2147183418273926, 'learning_rate': 1.3934065934065935e-05, 'epoch': 3.11}
{'loss': 3.3213, 'grad_norm': 0.5257417559623718, 'learning_rate': 1.3890109890109891e-05, 'epoch': 3.13}
{'loss': 2.8824, 'grad_norm': 0.5818406939506531, 'learning_rate': 1.3846153846153847e-05, 'epoch': 3.15}
{'loss': 3.1849, 'grad_norm': 0.6395885348320007, 'learning_rate': 1.3802197802197803e-05, 'epoch': 3.17}
{'loss': 3.1618, 'grad_norm': 0.48341313004493713, 'learning_rate': 1.375824175824176e-05, 'epoch': 3.19}
{'loss': 2.7526, 'grad_norm': 0.5594132542610168, 'learning_rate': 1.3714285714285716e-05, 'epoch': 3.22}
{'loss': 3.1187, 'grad_norm': 0.4685424566268921, 'learning_rate': 1.3670329670329672e-05, 'epoch': 3.24}
{'eval_loss': 3.072779893875122, 'eval_runtime': 84.2863, 'eval_samples_per_second': 0.392, 'eval_steps_per_second': 0.392, 'epoch': 3.24}
{'loss': 3.0447, 'grad_norm': 0.46013665199279785, 'learning_rate': 1.3626373626373627e-05, 'epoch': 3.26}
{'loss': 3.0026, 'grad_norm': 0.4952174723148346, 'learning_rate': 1.3582417582417585e-05, 'epoch': 3.28}
{'loss': 3.0195, 'grad_norm': 0.4615330696105957, 'learning_rate': 1.353846153846154e-05, 'epoch': 3.3}
{'loss': 3.1777, 'grad_norm': 0.5133686661720276, 'learning_rate': 1.3494505494505497e-05, 'epoch': 3.32}
{'loss': 3.1369, 'grad_norm': 0.45407426357269287, 'learning_rate': 1.3450549450549452e-05, 'epoch': 3.34}
{'loss': 2.7942, 'grad_norm': 0.4826112687587738, 'learning_rate': 1.3406593406593406e-05, 'epoch': 3.37}
{'loss': 3.8429, 'grad_norm': 0.9149211049079895, 'learning_rate': 1.3362637362637362e-05, 'epoch': 3.39}
{'loss': 3.4972, 'grad_norm': 1.0182777643203735, 'learning_rate': 1.331868131868132e-05, 'epoch': 3.41}
{'loss': 2.8309, 'grad_norm': 0.45271971821784973, 'learning_rate': 1.3274725274725275e-05, 'epoch': 3.43}
{'loss': 2.9648, 'grad_norm': 0.471500962972641, 'learning_rate': 1.3230769230769231e-05, 'epoch': 3.45}
{'eval_loss': 2.959962844848633, 'eval_runtime': 70.7147, 'eval_samples_per_second': 0.467, 'eval_steps_per_second': 0.467, 'epoch': 3.45}
{'loss': 2.6335, 'grad_norm': 0.6044442057609558, 'learning_rate': 1.3186813186813187e-05, 'epoch': 3.47}
{'loss': 3.0545, 'grad_norm': 0.4588325321674347, 'learning_rate': 1.3142857142857145e-05, 'epoch': 3.49}
{'loss': 2.6945, 'grad_norm': 0.49609366059303284, 'learning_rate': 1.30989010989011e-05, 'epoch': 3.52}
{'loss': 3.014, 'grad_norm': 0.4946151375770569, 'learning_rate': 1.3054945054945056e-05, 'epoch': 3.54}
{'loss': 3.0732, 'grad_norm': 0.5375597476959229, 'learning_rate': 1.3010989010989012e-05, 'epoch': 3.56}
{'loss': 3.1477, 'grad_norm': 0.5018284916877747, 'learning_rate': 1.296703296703297e-05, 'epoch': 3.58}
{'loss': 2.8914, 'grad_norm': 0.4762670695781708, 'learning_rate': 1.2923076923076925e-05, 'epoch': 3.6}
{'loss': 2.9373, 'grad_norm': 0.5136925578117371, 'learning_rate': 1.2879120879120881e-05, 'epoch': 3.62}
{'loss': 2.8086, 'grad_norm': 0.44099828600883484, 'learning_rate': 1.2835164835164837e-05, 'epoch': 3.65}
{'loss': 2.9473, 'grad_norm': 0.4715644419193268, 'learning_rate': 1.2791208791208791e-05, 'epoch': 3.67}
{'eval_loss': 2.861696243286133, 'eval_runtime': 60.6612, 'eval_samples_per_second': 0.544, 'eval_steps_per_second': 0.544, 'epoch': 3.67}
{'loss': 3.324, 'grad_norm': 0.6688015460968018, 'learning_rate': 1.2747252747252747e-05, 'epoch': 3.69}
{'loss': 2.7878, 'grad_norm': 0.45870599150657654, 'learning_rate': 1.2703296703296704e-05, 'epoch': 3.71}
{'loss': 3.0936, 'grad_norm': 0.5219286680221558, 'learning_rate': 1.265934065934066e-05, 'epoch': 3.73}
{'loss': 2.576, 'grad_norm': 0.4664738178253174, 'learning_rate': 1.2615384615384616e-05, 'epoch': 3.75}
{'loss': 2.7988, 'grad_norm': 0.5100184679031372, 'learning_rate': 1.2571428571428572e-05, 'epoch': 3.77}
{'loss': 3.1215, 'grad_norm': 0.5718638300895691, 'learning_rate': 1.2527472527472529e-05, 'epoch': 3.8}
{'loss': 3.3222, 'grad_norm': 0.7115699052810669, 'learning_rate': 1.2483516483516485e-05, 'epoch': 3.82}
{'loss': 3.169, 'grad_norm': 0.6334805488586426, 'learning_rate': 1.243956043956044e-05, 'epoch': 3.84}
{'loss': 2.8829, 'grad_norm': 0.5016329288482666, 'learning_rate': 1.2395604395604396e-05, 'epoch': 3.86}
{'loss': 2.605, 'grad_norm': 0.47648435831069946, 'learning_rate': 1.2351648351648354e-05, 'epoch': 3.88}
{'eval_loss': 2.7732737064361572, 'eval_runtime': 35.8555, 'eval_samples_per_second': 0.92, 'eval_steps_per_second': 0.92, 'epoch': 3.88}
{'loss': 2.4452, 'grad_norm': 0.6114563941955566, 'learning_rate': 1.230769230769231e-05, 'epoch': 3.9}
{'loss': 2.7485, 'grad_norm': 0.45253705978393555, 'learning_rate': 1.2263736263736266e-05, 'epoch': 3.92}
{'loss': 2.6052, 'grad_norm': 0.46248793601989746, 'learning_rate': 1.2219780219780221e-05, 'epoch': 3.95}
{'loss': 3.0948, 'grad_norm': 0.6192519664764404, 'learning_rate': 1.2175824175824175e-05, 'epoch': 3.97}
{'loss': 2.9733, 'grad_norm': 0.5442356467247009, 'learning_rate': 1.2131868131868131e-05, 'epoch': 3.99}
{'loss': 2.7927, 'grad_norm': 0.513587236404419, 'learning_rate': 1.2087912087912089e-05, 'epoch': 4.0}
{'loss': 2.4061, 'grad_norm': 0.4583648145198822, 'learning_rate': 1.2043956043956045e-05, 'epoch': 4.02}
{'loss': 3.2269, 'grad_norm': 0.529254674911499, 'learning_rate': 1.2e-05, 'epoch': 4.04}
{'loss': 2.8145, 'grad_norm': 0.4358057975769043, 'learning_rate': 1.1956043956043956e-05, 'epoch': 4.06}
{'loss': 2.1488, 'grad_norm': 0.5195077657699585, 'learning_rate': 1.1912087912087914e-05, 'epoch': 4.09}
{'eval_loss': 2.695263385772705, 'eval_runtime': 36.974, 'eval_samples_per_second': 0.893, 'eval_steps_per_second': 0.893, 'epoch': 4.09}
{'loss': 2.6965, 'grad_norm': 0.49264243245124817, 'learning_rate': 1.186813186813187e-05, 'epoch': 4.11}
{'loss': 3.0623, 'grad_norm': 0.5723901391029358, 'learning_rate': 1.1824175824175825e-05, 'epoch': 4.13}
{'loss': 2.6936, 'grad_norm': 0.42216628789901733, 'learning_rate': 1.1780219780219781e-05, 'epoch': 4.15}
{'loss': 2.6581, 'grad_norm': 0.42669400572776794, 'learning_rate': 1.1736263736263738e-05, 'epoch': 4.17}
{'loss': 2.5491, 'grad_norm': 0.46242794394493103, 'learning_rate': 1.1692307692307694e-05, 'epoch': 4.19}
{'loss': 2.8732, 'grad_norm': 0.48658329248428345, 'learning_rate': 1.164835164835165e-05, 'epoch': 4.22}
{'loss': 3.0428, 'grad_norm': 0.7992579340934753, 'learning_rate': 1.1604395604395606e-05, 'epoch': 4.24}
{'loss': 2.841, 'grad_norm': 0.46595361828804016, 'learning_rate': 1.156043956043956e-05, 'epoch': 4.26}
{'loss': 2.5469, 'grad_norm': 0.4924917221069336, 'learning_rate': 1.1516483516483516e-05, 'epoch': 4.28}
{'loss': 2.5031, 'grad_norm': 0.49921715259552, 'learning_rate': 1.1472527472527473e-05, 'epoch': 4.3}
{'eval_loss': 2.623962879180908, 'eval_runtime': 37.0272, 'eval_samples_per_second': 0.891, 'eval_steps_per_second': 0.891, 'epoch': 4.3}
{'loss': 2.9838, 'grad_norm': 0.791254460811615, 'learning_rate': 1.1428571428571429e-05, 'epoch': 4.32}
{'loss': 2.4955, 'grad_norm': 0.552661120891571, 'learning_rate': 1.1384615384615385e-05, 'epoch': 4.34}
{'loss': 2.5999, 'grad_norm': 0.46015045046806335, 'learning_rate': 1.134065934065934e-05, 'epoch': 4.37}
{'loss': 2.5736, 'grad_norm': 0.5493569374084473, 'learning_rate': 1.1296703296703298e-05, 'epoch': 4.39}
{'loss': 3.0333, 'grad_norm': 0.5421263575553894, 'learning_rate': 1.1252747252747254e-05, 'epoch': 4.41}
{'loss': 2.5608, 'grad_norm': 0.43117764592170715, 'learning_rate': 1.120879120879121e-05, 'epoch': 4.43}
{'loss': 3.22, 'grad_norm': 0.7640906572341919, 'learning_rate': 1.1164835164835165e-05, 'epoch': 4.45}
{'loss': 2.3549, 'grad_norm': 0.4501439332962036, 'learning_rate': 1.1120879120879123e-05, 'epoch': 4.47}
{'loss': 2.6335, 'grad_norm': 0.5111876726150513, 'learning_rate': 1.1076923076923079e-05, 'epoch': 4.49}
{'loss': 2.4193, 'grad_norm': 0.47092053294181824, 'learning_rate': 1.1032967032967035e-05, 'epoch': 4.52}
{'eval_loss': 2.557699680328369, 'eval_runtime': 36.1877, 'eval_samples_per_second': 0.912, 'eval_steps_per_second': 0.912, 'epoch': 4.52}
{'loss': 2.3937, 'grad_norm': 0.5226048827171326, 'learning_rate': 1.098901098901099e-05, 'epoch': 4.54}
{'loss': 2.7869, 'grad_norm': 0.5171917676925659, 'learning_rate': 1.0945054945054948e-05, 'epoch': 4.56}
{'loss': 2.4828, 'grad_norm': 0.4970655143260956, 'learning_rate': 1.09010989010989e-05, 'epoch': 4.58}
{'loss': 3.0645, 'grad_norm': 1.0678927898406982, 'learning_rate': 1.0857142857142858e-05, 'epoch': 4.6}
{'loss': 2.4549, 'grad_norm': 0.5086973309516907, 'learning_rate': 1.0813186813186814e-05, 'epoch': 4.62}
{'loss': 2.8411, 'grad_norm': 0.5079183578491211, 'learning_rate': 1.076923076923077e-05, 'epoch': 4.65}
{'loss': 2.5078, 'grad_norm': 0.495808869600296, 'learning_rate': 1.0725274725274725e-05, 'epoch': 4.67}
{'loss': 2.3466, 'grad_norm': 0.49324724078178406, 'learning_rate': 1.0681318681318683e-05, 'epoch': 4.69}
{'loss': 2.2951, 'grad_norm': 0.5373202562332153, 'learning_rate': 1.0637362637362638e-05, 'epoch': 4.71}
{'loss': 2.6912, 'grad_norm': 0.45883414149284363, 'learning_rate': 1.0593406593406594e-05, 'epoch': 4.73}
{'eval_loss': 2.4996986389160156, 'eval_runtime': 39.8679, 'eval_samples_per_second': 0.828, 'eval_steps_per_second': 0.828, 'epoch': 4.73}
{'loss': 2.7891, 'grad_norm': 0.5584381222724915, 'learning_rate': 1.054945054945055e-05, 'epoch': 4.75}
{'loss': 2.8376, 'grad_norm': 0.575675904750824, 'learning_rate': 1.0505494505494507e-05, 'epoch': 4.77}
{'loss': 2.6777, 'grad_norm': 0.5208612084388733, 'learning_rate': 1.0461538461538463e-05, 'epoch': 4.8}
{'loss': 2.4901, 'grad_norm': 0.4784364700317383, 'learning_rate': 1.0417582417582419e-05, 'epoch': 4.82}
{'loss': 2.1211, 'grad_norm': 0.4465055465698242, 'learning_rate': 1.0373626373626375e-05, 'epoch': 4.84}
{'loss': 2.398, 'grad_norm': 0.5007252097129822, 'learning_rate': 1.0329670329670332e-05, 'epoch': 4.86}
{'loss': 2.8506, 'grad_norm': 0.5552714467048645, 'learning_rate': 1.0285714285714285e-05, 'epoch': 4.88}
{'loss': 2.4834, 'grad_norm': 0.5019741654396057, 'learning_rate': 1.0241758241758242e-05, 'epoch': 4.9}
{'loss': 2.6323, 'grad_norm': 0.46850845217704773, 'learning_rate': 1.0197802197802198e-05, 'epoch': 4.92}
{'loss': 2.2872, 'grad_norm': 0.4961153566837311, 'learning_rate': 1.0153846153846154e-05, 'epoch': 4.95}
{'eval_loss': 2.4436895847320557, 'eval_runtime': 38.6685, 'eval_samples_per_second': 0.853, 'eval_steps_per_second': 0.853, 'epoch': 4.95}
{'loss': 3.278, 'grad_norm': 0.7363801598548889, 'learning_rate': 1.010989010989011e-05, 'epoch': 4.97}
{'loss': 2.5208, 'grad_norm': 0.43126827478408813, 'learning_rate': 1.0065934065934067e-05, 'epoch': 4.99}
{'loss': 2.2428, 'grad_norm': 0.6363955736160278, 'learning_rate': 1.0021978021978023e-05, 'epoch': 5.0}
{'loss': 2.2875, 'grad_norm': 0.4557132422924042, 'learning_rate': 9.978021978021979e-06, 'epoch': 5.02}
{'loss': 2.3484, 'grad_norm': 0.4625830352306366, 'learning_rate': 9.934065934065935e-06, 'epoch': 5.04}
{'loss': 2.3589, 'grad_norm': 0.4781225323677063, 'learning_rate': 9.890109890109892e-06, 'epoch': 5.06}
{'loss': 2.4167, 'grad_norm': 0.5165590643882751, 'learning_rate': 9.846153846153848e-06, 'epoch': 5.09}
{'loss': 2.5932, 'grad_norm': 0.51836758852005, 'learning_rate': 9.802197802197802e-06, 'epoch': 5.11}
{'loss': 2.2749, 'grad_norm': 0.4800936281681061, 'learning_rate': 9.75824175824176e-06, 'epoch': 5.13}
{'loss': 2.8528, 'grad_norm': 0.8147763013839722, 'learning_rate': 9.714285714285715e-06, 'epoch': 5.15}
{'eval_loss': 2.390960693359375, 'eval_runtime': 40.3334, 'eval_samples_per_second': 0.818, 'eval_steps_per_second': 0.818, 'epoch': 5.15}
{'loss': 2.5194, 'grad_norm': 0.47379279136657715, 'learning_rate': 9.670329670329671e-06, 'epoch': 5.17}
{'loss': 2.2201, 'grad_norm': 0.5226441025733948, 'learning_rate': 9.626373626373627e-06, 'epoch': 5.19}
{'loss': 2.334, 'grad_norm': 0.3936365842819214, 'learning_rate': 9.582417582417584e-06, 'epoch': 5.22}
{'loss': 2.4255, 'grad_norm': 0.48351341485977173, 'learning_rate': 9.53846153846154e-06, 'epoch': 5.24}
{'loss': 2.7699, 'grad_norm': 0.6622388958930969, 'learning_rate': 9.494505494505494e-06, 'epoch': 5.26}
{'loss': 2.5167, 'grad_norm': 0.5676707625389099, 'learning_rate': 9.450549450549452e-06, 'epoch': 5.28}
{'loss': 2.4184, 'grad_norm': 0.5020131468772888, 'learning_rate': 9.406593406593407e-06, 'epoch': 5.3}
{'loss': 2.4974, 'grad_norm': 0.501806378364563, 'learning_rate': 9.362637362637363e-06, 'epoch': 5.32}
{'loss': 2.5428, 'grad_norm': 0.6307401061058044, 'learning_rate': 9.318681318681319e-06, 'epoch': 5.34}
{'loss': 2.3804, 'grad_norm': 0.45415350794792175, 'learning_rate': 9.274725274725277e-06, 'epoch': 5.37}
{'eval_loss': 2.3416616916656494, 'eval_runtime': 40.3641, 'eval_samples_per_second': 0.818, 'eval_steps_per_second': 0.818, 'epoch': 5.37}
{'loss': 1.9638, 'grad_norm': 0.48961496353149414, 'learning_rate': 9.230769230769232e-06, 'epoch': 5.39}
{'loss': 1.9779, 'grad_norm': 0.5241747498512268, 'learning_rate': 9.186813186813186e-06, 'epoch': 5.41}
{'loss': 2.4011, 'grad_norm': 0.5294284224510193, 'learning_rate': 9.142857142857144e-06, 'epoch': 5.43}
{'loss': 2.4017, 'grad_norm': 0.467151403427124, 'learning_rate': 9.0989010989011e-06, 'epoch': 5.45}
{'loss': 2.2107, 'grad_norm': 0.45356181263923645, 'learning_rate': 9.054945054945055e-06, 'epoch': 5.47}
{'loss': 2.4874, 'grad_norm': 0.5671133995056152, 'learning_rate': 9.010989010989011e-06, 'epoch': 5.49}
{'loss': 2.7745, 'grad_norm': 0.7689170241355896, 'learning_rate': 8.967032967032969e-06, 'epoch': 5.52}
{'loss': 2.292, 'grad_norm': 0.45348456501960754, 'learning_rate': 8.923076923076925e-06, 'epoch': 5.54}
{'loss': 2.4602, 'grad_norm': 0.55584317445755, 'learning_rate': 8.879120879120879e-06, 'epoch': 5.56}
{'loss': 2.5896, 'grad_norm': 0.6085530519485474, 'learning_rate': 8.835164835164836e-06, 'epoch': 5.58}
{'eval_loss': 2.2935075759887695, 'eval_runtime': 40.8665, 'eval_samples_per_second': 0.808, 'eval_steps_per_second': 0.808, 'epoch': 5.58}
{'loss': 1.82, 'grad_norm': 0.6785032153129578, 'learning_rate': 8.791208791208792e-06, 'epoch': 5.6}
{'loss': 2.9391, 'grad_norm': 0.7139044404029846, 'learning_rate': 8.747252747252748e-06, 'epoch': 5.62}
{'loss': 2.6821, 'grad_norm': 0.5028048157691956, 'learning_rate': 8.703296703296704e-06, 'epoch': 5.65}
{'loss': 2.1528, 'grad_norm': 0.5171727538108826, 'learning_rate': 8.659340659340661e-06, 'epoch': 5.67}
{'loss': 2.3637, 'grad_norm': 0.5530551671981812, 'learning_rate': 8.615384615384617e-06, 'epoch': 5.69}
{'loss': 2.3939, 'grad_norm': 0.5863831043243408, 'learning_rate': 8.571428571428571e-06, 'epoch': 5.71}
{'loss': 2.3224, 'grad_norm': 0.5267868638038635, 'learning_rate': 8.527472527472528e-06, 'epoch': 5.73}
{'loss': 2.4585, 'grad_norm': 0.5009530782699585, 'learning_rate': 8.483516483516484e-06, 'epoch': 5.75}
{'loss': 2.1259, 'grad_norm': 0.4856241047382355, 'learning_rate': 8.43956043956044e-06, 'epoch': 5.77}
{'loss': 1.9842, 'grad_norm': 0.5509664416313171, 'learning_rate': 8.395604395604396e-06, 'epoch': 5.8}
{'eval_loss': 2.247897148132324, 'eval_runtime': 41.486, 'eval_samples_per_second': 0.795, 'eval_steps_per_second': 0.795, 'epoch': 5.8}
{'loss': 2.4552, 'grad_norm': 0.5789576172828674, 'learning_rate': 8.351648351648353e-06, 'epoch': 5.82}
{'loss': 2.0415, 'grad_norm': 0.4896027743816376, 'learning_rate': 8.307692307692309e-06, 'epoch': 5.84}
{'loss': 2.3938, 'grad_norm': 0.509863555431366, 'learning_rate': 8.263736263736263e-06, 'epoch': 5.86}
{'loss': 2.512, 'grad_norm': 0.638093888759613, 'learning_rate': 8.21978021978022e-06, 'epoch': 5.88}
{'loss': 2.2676, 'grad_norm': 0.6200603246688843, 'learning_rate': 8.175824175824176e-06, 'epoch': 5.9}
{'loss': 2.1282, 'grad_norm': 0.5398920178413391, 'learning_rate': 8.131868131868132e-06, 'epoch': 5.92}
{'loss': 2.9138, 'grad_norm': 0.9778915643692017, 'learning_rate': 8.087912087912088e-06, 'epoch': 5.95}
{'loss': 2.4138, 'grad_norm': 0.617222011089325, 'learning_rate': 8.043956043956046e-06, 'epoch': 5.97}
{'loss': 2.5895, 'grad_norm': 0.6058942675590515, 'learning_rate': 8.000000000000001e-06, 'epoch': 5.99}
{'loss': 2.8757, 'grad_norm': 0.7241756916046143, 'learning_rate': 7.956043956043955e-06, 'epoch': 6.0}
{'eval_loss': 2.202054500579834, 'eval_runtime': 49.9828, 'eval_samples_per_second': 0.66, 'eval_steps_per_second': 0.66, 'epoch': 6.0}
{'loss': 2.0894, 'grad_norm': 0.563733696937561, 'learning_rate': 7.912087912087913e-06, 'epoch': 6.02}
{'loss': 2.6149, 'grad_norm': 0.641417384147644, 'learning_rate': 7.868131868131869e-06, 'epoch': 6.04}
{'loss': 2.1319, 'grad_norm': 0.523814857006073, 'learning_rate': 7.824175824175825e-06, 'epoch': 6.06}
{'loss': 2.1795, 'grad_norm': 0.5016518831253052, 'learning_rate': 7.78021978021978e-06, 'epoch': 6.09}
{'loss': 1.9175, 'grad_norm': 0.530372142791748, 'learning_rate': 7.736263736263738e-06, 'epoch': 6.11}
{'loss': 2.2635, 'grad_norm': 0.5082888603210449, 'learning_rate': 7.692307692307694e-06, 'epoch': 6.13}
{'loss': 2.6453, 'grad_norm': 0.6765928268432617, 'learning_rate': 7.648351648351648e-06, 'epoch': 6.15}
{'loss': 2.4837, 'grad_norm': 0.6426769495010376, 'learning_rate': 7.604395604395604e-06, 'epoch': 6.17}
{'loss': 2.3205, 'grad_norm': 0.5929062366485596, 'learning_rate': 7.560439560439561e-06, 'epoch': 6.19}
{'loss': 2.5769, 'grad_norm': 0.552512526512146, 'learning_rate': 7.516483516483517e-06, 'epoch': 6.22}
{'eval_loss': 2.159008741378784, 'eval_runtime': 44.7671, 'eval_samples_per_second': 0.737, 'eval_steps_per_second': 0.737, 'epoch': 6.22}
{'loss': 2.3036, 'grad_norm': 0.47815626859664917, 'learning_rate': 7.472527472527473e-06, 'epoch': 6.24}
{'loss': 2.3747, 'grad_norm': 0.5173944234848022, 'learning_rate': 7.428571428571429e-06, 'epoch': 6.26}
{'loss': 1.9444, 'grad_norm': 0.5678044557571411, 'learning_rate': 7.384615384615386e-06, 'epoch': 6.28}
{'loss': 2.7144, 'grad_norm': 0.6964107751846313, 'learning_rate': 7.340659340659341e-06, 'epoch': 6.3}
{'loss': 2.4132, 'grad_norm': 0.5672853589057922, 'learning_rate': 7.296703296703297e-06, 'epoch': 6.32}
{'loss': 2.272, 'grad_norm': 0.569830596446991, 'learning_rate': 7.252747252747253e-06, 'epoch': 6.34}
{'loss': 2.4482, 'grad_norm': 0.5942937135696411, 'learning_rate': 7.208791208791209e-06, 'epoch': 6.37}
{'loss': 2.2859, 'grad_norm': 0.5388533473014832, 'learning_rate': 7.164835164835166e-06, 'epoch': 6.39}
{'loss': 2.773, 'grad_norm': 1.0008865594863892, 'learning_rate': 7.1208791208791215e-06, 'epoch': 6.41}
{'loss': 2.02, 'grad_norm': 0.5634972453117371, 'learning_rate': 7.076923076923078e-06, 'epoch': 6.43}
{'eval_loss': 2.118865966796875, 'eval_runtime': 46.682, 'eval_samples_per_second': 0.707, 'eval_steps_per_second': 0.707, 'epoch': 6.43}
{'loss': 1.9501, 'grad_norm': 0.595572829246521, 'learning_rate': 7.032967032967034e-06, 'epoch': 6.45}
{'loss': 2.6393, 'grad_norm': 0.7033087611198425, 'learning_rate': 6.989010989010989e-06, 'epoch': 6.47}
{'loss': 1.954, 'grad_norm': 0.56450355052948, 'learning_rate': 6.9450549450549455e-06, 'epoch': 6.49}
{'loss': 2.1203, 'grad_norm': 0.5579036474227905, 'learning_rate': 6.901098901098901e-06, 'epoch': 6.52}
{'loss': 1.7342, 'grad_norm': 0.5756983757019043, 'learning_rate': 6.857142857142858e-06, 'epoch': 6.54}
{'loss': 2.0801, 'grad_norm': 0.5544731020927429, 'learning_rate': 6.813186813186814e-06, 'epoch': 6.56}
{'loss': 1.6097, 'grad_norm': 0.6337524652481079, 'learning_rate': 6.76923076923077e-06, 'epoch': 6.58}
{'loss': 1.9169, 'grad_norm': 0.5312864780426025, 'learning_rate': 6.725274725274726e-06, 'epoch': 6.6}
{'loss': 1.5621, 'grad_norm': 0.5393160581588745, 'learning_rate': 6.681318681318681e-06, 'epoch': 6.62}
{'loss': 2.3739, 'grad_norm': 0.713759183883667, 'learning_rate': 6.637362637362638e-06, 'epoch': 6.65}
{'eval_loss': 2.079390048980713, 'eval_runtime': 46.8513, 'eval_samples_per_second': 0.704, 'eval_steps_per_second': 0.704, 'epoch': 6.65}
{'loss': 2.1782, 'grad_norm': 0.5887488126754761, 'learning_rate': 6.5934065934065935e-06, 'epoch': 6.67}
{'loss': 2.1594, 'grad_norm': 0.6181463003158569, 'learning_rate': 6.54945054945055e-06, 'epoch': 6.69}
{'loss': 2.2195, 'grad_norm': 0.5736954808235168, 'learning_rate': 6.505494505494506e-06, 'epoch': 6.71}
{'loss': 2.3496, 'grad_norm': 0.5818955898284912, 'learning_rate': 6.461538461538463e-06, 'epoch': 6.73}
{'loss': 2.5596, 'grad_norm': 0.6212730407714844, 'learning_rate': 6.417582417582418e-06, 'epoch': 6.75}
{'loss': 2.0062, 'grad_norm': 0.5641298294067383, 'learning_rate': 6.373626373626373e-06, 'epoch': 6.77}
{'loss': 1.8794, 'grad_norm': 0.6266610622406006, 'learning_rate': 6.32967032967033e-06, 'epoch': 6.8}
{'loss': 2.2102, 'grad_norm': 0.5883498787879944, 'learning_rate': 6.285714285714286e-06, 'epoch': 6.82}
{'loss': 1.7708, 'grad_norm': 0.5721626281738281, 'learning_rate': 6.2417582417582424e-06, 'epoch': 6.84}
{'loss': 1.5692, 'grad_norm': 0.5932338237762451, 'learning_rate': 6.197802197802198e-06, 'epoch': 6.86}
{'eval_loss': 2.0419249534606934, 'eval_runtime': 38.8827, 'eval_samples_per_second': 0.849, 'eval_steps_per_second': 0.849, 'epoch': 6.86}
{'loss': 1.8387, 'grad_norm': 0.572388768196106, 'learning_rate': 6.153846153846155e-06, 'epoch': 6.88}
{'loss': 2.1419, 'grad_norm': 0.6314679980278015, 'learning_rate': 6.109890109890111e-06, 'epoch': 6.9}
{'loss': 2.2231, 'grad_norm': 0.577140212059021, 'learning_rate': 6.065934065934066e-06, 'epoch': 6.92}
{'loss': 2.2648, 'grad_norm': 0.6540685892105103, 'learning_rate': 6.021978021978022e-06, 'epoch': 6.95}
{'loss': 2.0914, 'grad_norm': 0.5367229580879211, 'learning_rate': 5.978021978021978e-06, 'epoch': 6.97}
{'loss': 2.216, 'grad_norm': 0.6003329157829285, 'learning_rate': 5.934065934065935e-06, 'epoch': 6.99}
{'loss': 2.7519, 'grad_norm': 1.191024661064148, 'learning_rate': 5.8901098901098905e-06, 'epoch': 7.0}
{'loss': 2.0015, 'grad_norm': 0.6495571732521057, 'learning_rate': 5.846153846153847e-06, 'epoch': 7.02}
{'loss': 2.0787, 'grad_norm': 0.6048266887664795, 'learning_rate': 5.802197802197803e-06, 'epoch': 7.04}
{'loss': 1.8528, 'grad_norm': 0.6544198989868164, 'learning_rate': 5.758241758241758e-06, 'epoch': 7.06}
{'eval_loss': 2.0097463130950928, 'eval_runtime': 39.0251, 'eval_samples_per_second': 0.846, 'eval_steps_per_second': 0.846, 'epoch': 7.06}
{'loss': 1.9995, 'grad_norm': 0.5341101884841919, 'learning_rate': 5.7142857142857145e-06, 'epoch': 7.09}
{'loss': 2.2436, 'grad_norm': 0.5653615593910217, 'learning_rate': 5.67032967032967e-06, 'epoch': 7.11}
{'loss': 1.9219, 'grad_norm': 0.5932095050811768, 'learning_rate': 5.626373626373627e-06, 'epoch': 7.13}
{'loss': 2.0949, 'grad_norm': 0.5963385105133057, 'learning_rate': 5.582417582417583e-06, 'epoch': 7.15}
{'loss': 2.1735, 'grad_norm': 0.6937559843063354, 'learning_rate': 5.538461538461539e-06, 'epoch': 7.17}
{'loss': 2.0003, 'grad_norm': 0.5601249933242798, 'learning_rate': 5.494505494505495e-06, 'epoch': 7.19}
{'loss': 2.1098, 'grad_norm': 0.7502862215042114, 'learning_rate': 5.45054945054945e-06, 'epoch': 7.22}
{'loss': 1.8285, 'grad_norm': 0.6277300119400024, 'learning_rate': 5.406593406593407e-06, 'epoch': 7.24}
{'loss': 2.4865, 'grad_norm': 0.707346498966217, 'learning_rate': 5.3626373626373626e-06, 'epoch': 7.26}
{'loss': 1.6394, 'grad_norm': 0.5170426368713379, 'learning_rate': 5.318681318681319e-06, 'epoch': 7.28}
{'eval_loss': 1.9803009033203125, 'eval_runtime': 38.892, 'eval_samples_per_second': 0.849, 'eval_steps_per_second': 0.849, 'epoch': 7.28}
{'loss': 2.1151, 'grad_norm': 0.5116284489631653, 'learning_rate': 5.274725274725275e-06, 'epoch': 7.3}
{'loss': 1.7258, 'grad_norm': 0.6862052083015442, 'learning_rate': 5.230769230769232e-06, 'epoch': 7.32}
{'loss': 1.8585, 'grad_norm': 0.5758571028709412, 'learning_rate': 5.1868131868131874e-06, 'epoch': 7.34}
{'loss': 2.3167, 'grad_norm': 0.6158570051193237, 'learning_rate': 5.142857142857142e-06, 'epoch': 7.37}
{'loss': 2.7069, 'grad_norm': 0.8988032341003418, 'learning_rate': 5.098901098901099e-06, 'epoch': 7.39}
{'loss': 2.0704, 'grad_norm': 0.6365826725959778, 'learning_rate': 5.054945054945055e-06, 'epoch': 7.41}
{'loss': 1.8299, 'grad_norm': 0.5406454205513, 'learning_rate': 5.0109890109890115e-06, 'epoch': 7.43}
{'loss': 2.5261, 'grad_norm': 0.6202622652053833, 'learning_rate': 4.967032967032967e-06, 'epoch': 7.45}
{'loss': 2.0333, 'grad_norm': 0.587335467338562, 'learning_rate': 4.923076923076924e-06, 'epoch': 7.47}
{'loss': 1.7366, 'grad_norm': 0.6465122699737549, 'learning_rate': 4.87912087912088e-06, 'epoch': 7.49}
{'eval_loss': 1.954851746559143, 'eval_runtime': 43.126, 'eval_samples_per_second': 0.765, 'eval_steps_per_second': 0.765, 'epoch': 7.49}
{'loss': 2.1354, 'grad_norm': 0.5886033177375793, 'learning_rate': 4.8351648351648355e-06, 'epoch': 7.52}
{'loss': 2.0101, 'grad_norm': 0.4857276678085327, 'learning_rate': 4.791208791208792e-06, 'epoch': 7.54}
{'loss': 1.9414, 'grad_norm': 0.5479105710983276, 'learning_rate': 4.747252747252747e-06, 'epoch': 7.56}
{'loss': 2.1053, 'grad_norm': 0.48929068446159363, 'learning_rate': 4.703296703296704e-06, 'epoch': 7.58}
{'loss': 2.1784, 'grad_norm': 0.8236055374145508, 'learning_rate': 4.6593406593406595e-06, 'epoch': 7.6}
{'loss': 2.1258, 'grad_norm': 0.5537929534912109, 'learning_rate': 4.615384615384616e-06, 'epoch': 7.62}
{'loss': 2.3784, 'grad_norm': 0.6164173483848572, 'learning_rate': 4.571428571428572e-06, 'epoch': 7.65}
{'loss': 1.5385, 'grad_norm': 0.6265584826469421, 'learning_rate': 4.527472527472528e-06, 'epoch': 7.67}
{'loss': 2.404, 'grad_norm': 0.767113208770752, 'learning_rate': 4.483516483516484e-06, 'epoch': 7.69}
{'loss': 1.8116, 'grad_norm': 0.5159085988998413, 'learning_rate': 4.439560439560439e-06, 'epoch': 7.71}
{'eval_loss': 1.9319733381271362, 'eval_runtime': 45.9909, 'eval_samples_per_second': 0.718, 'eval_steps_per_second': 0.718, 'epoch': 7.71}
{'loss': 1.6545, 'grad_norm': 0.5511341691017151, 'learning_rate': 4.395604395604396e-06, 'epoch': 7.73}
{'loss': 2.2315, 'grad_norm': 0.562063455581665, 'learning_rate': 4.351648351648352e-06, 'epoch': 7.75}
{'loss': 2.0546, 'grad_norm': 0.5773030519485474, 'learning_rate': 4.307692307692308e-06, 'epoch': 7.77}
{'loss': 2.2207, 'grad_norm': 0.5552218556404114, 'learning_rate': 4.263736263736264e-06, 'epoch': 7.8}
{'loss': 2.0212, 'grad_norm': 0.5087620615959167, 'learning_rate': 4.21978021978022e-06, 'epoch': 7.82}
{'loss': 1.9959, 'grad_norm': 0.6459660530090332, 'learning_rate': 4.175824175824177e-06, 'epoch': 7.84}
{'loss': 2.7291, 'grad_norm': 0.9268509745597839, 'learning_rate': 4.131868131868132e-06, 'epoch': 7.86}
{'loss': 1.6963, 'grad_norm': 0.6090996265411377, 'learning_rate': 4.087912087912088e-06, 'epoch': 7.88}
{'loss': 1.937, 'grad_norm': 0.5365109443664551, 'learning_rate': 4.043956043956044e-06, 'epoch': 7.9}
{'loss': 1.7877, 'grad_norm': 0.5512199401855469, 'learning_rate': 4.000000000000001e-06, 'epoch': 7.92}
{'eval_loss': 1.9122722148895264, 'eval_runtime': 38.4838, 'eval_samples_per_second': 0.858, 'eval_steps_per_second': 0.858, 'epoch': 7.92}
{'loss': 2.2089, 'grad_norm': 0.5395735502243042, 'learning_rate': 3.9560439560439565e-06, 'epoch': 7.95}
{'loss': 1.5852, 'grad_norm': 0.5869439840316772, 'learning_rate': 3.912087912087912e-06, 'epoch': 7.97}
{'loss': 1.9397, 'grad_norm': 0.570483922958374, 'learning_rate': 3.868131868131869e-06, 'epoch': 7.99}
{'loss': 1.7421, 'grad_norm': 0.7255522012710571, 'learning_rate': 3.824175824175824e-06, 'epoch': 8.0}
{'loss': 1.8478, 'grad_norm': 0.5397787690162659, 'learning_rate': 3.7802197802197805e-06, 'epoch': 8.02}
{'loss': 2.0424, 'grad_norm': 0.5372999906539917, 'learning_rate': 3.7362637362637367e-06, 'epoch': 8.04}
{'loss': 2.4223, 'grad_norm': 0.6646016836166382, 'learning_rate': 3.692307692307693e-06, 'epoch': 8.06}
{'loss': 1.8098, 'grad_norm': 0.5046616196632385, 'learning_rate': 3.6483516483516483e-06, 'epoch': 8.09}
{'loss': 2.0985, 'grad_norm': 0.5666256546974182, 'learning_rate': 3.6043956043956045e-06, 'epoch': 8.11}
{'loss': 1.6673, 'grad_norm': 0.6964612007141113, 'learning_rate': 3.5604395604395607e-06, 'epoch': 8.13}
{'eval_loss': 1.895636796951294, 'eval_runtime': 40.0105, 'eval_samples_per_second': 0.825, 'eval_steps_per_second': 0.825, 'epoch': 8.13}
{'loss': 1.98, 'grad_norm': 0.5570008158683777, 'learning_rate': 3.516483516483517e-06, 'epoch': 8.15}
{'loss': 1.8141, 'grad_norm': 0.5026668310165405, 'learning_rate': 3.4725274725274727e-06, 'epoch': 8.17}
{'loss': 1.6938, 'grad_norm': 0.5313205122947693, 'learning_rate': 3.428571428571429e-06, 'epoch': 8.19}
{'loss': 1.7944, 'grad_norm': 0.4877598285675049, 'learning_rate': 3.384615384615385e-06, 'epoch': 8.22}
{'loss': 2.1576, 'grad_norm': 0.6138327121734619, 'learning_rate': 3.3406593406593406e-06, 'epoch': 8.24}
{'loss': 2.0272, 'grad_norm': 0.626010537147522, 'learning_rate': 3.2967032967032968e-06, 'epoch': 8.26}
{'loss': 2.2607, 'grad_norm': 0.6810933351516724, 'learning_rate': 3.252747252747253e-06, 'epoch': 8.28}
{'loss': 2.6726, 'grad_norm': 0.8633466362953186, 'learning_rate': 3.208791208791209e-06, 'epoch': 8.3}
{'loss': 1.8302, 'grad_norm': 0.5678245425224304, 'learning_rate': 3.164835164835165e-06, 'epoch': 8.32}
{'loss': 1.9995, 'grad_norm': 0.6353088617324829, 'learning_rate': 3.1208791208791212e-06, 'epoch': 8.34}
{'eval_loss': 1.8811087608337402, 'eval_runtime': 39.4572, 'eval_samples_per_second': 0.836, 'eval_steps_per_second': 0.836, 'epoch': 8.34}
{'loss': 2.0469, 'grad_norm': 0.7338767051696777, 'learning_rate': 3.0769230769230774e-06, 'epoch': 8.37}
{'loss': 1.907, 'grad_norm': 0.5421929359436035, 'learning_rate': 3.032967032967033e-06, 'epoch': 8.39}
{'loss': 1.8407, 'grad_norm': 0.5334709286689758, 'learning_rate': 2.989010989010989e-06, 'epoch': 8.41}
{'loss': 1.9796, 'grad_norm': 0.5387675166130066, 'learning_rate': 2.9450549450549452e-06, 'epoch': 8.43}
{'loss': 1.9925, 'grad_norm': 0.5701348781585693, 'learning_rate': 2.9010989010989015e-06, 'epoch': 8.45}
{'loss': 1.5133, 'grad_norm': 0.603601336479187, 'learning_rate': 2.8571428571428573e-06, 'epoch': 8.47}
{'loss': 2.3798, 'grad_norm': 0.6290227770805359, 'learning_rate': 2.8131868131868135e-06, 'epoch': 8.49}
{'loss': 1.8906, 'grad_norm': 0.5311546325683594, 'learning_rate': 2.7692307692307697e-06, 'epoch': 8.52}
{'loss': 1.9634, 'grad_norm': 0.631920337677002, 'learning_rate': 2.725274725274725e-06, 'epoch': 8.54}
{'loss': 1.5157, 'grad_norm': 0.540080189704895, 'learning_rate': 2.6813186813186813e-06, 'epoch': 8.56}
{'eval_loss': 1.8685787916183472, 'eval_runtime': 43.1429, 'eval_samples_per_second': 0.765, 'eval_steps_per_second': 0.765, 'epoch': 8.56}
{'loss': 2.0905, 'grad_norm': 0.6443123817443848, 'learning_rate': 2.6373626373626375e-06, 'epoch': 8.58}
{'loss': 1.3339, 'grad_norm': 0.5432742834091187, 'learning_rate': 2.5934065934065937e-06, 'epoch': 8.6}
{'loss': 1.6922, 'grad_norm': 0.4890837073326111, 'learning_rate': 2.5494505494505495e-06, 'epoch': 8.62}
{'loss': 1.6717, 'grad_norm': 0.5337479114532471, 'learning_rate': 2.5054945054945057e-06, 'epoch': 8.65}
{'loss': 2.3002, 'grad_norm': 0.8698122501373291, 'learning_rate': 2.461538461538462e-06, 'epoch': 8.67}
{'loss': 1.7366, 'grad_norm': 0.4605434834957123, 'learning_rate': 2.4175824175824177e-06, 'epoch': 8.69}
{'loss': 2.621, 'grad_norm': 1.1940093040466309, 'learning_rate': 2.3736263736263735e-06, 'epoch': 8.71}
{'loss': 2.3911, 'grad_norm': 0.6165491938591003, 'learning_rate': 2.3296703296703298e-06, 'epoch': 8.73}
{'loss': 1.6819, 'grad_norm': 0.5123612880706787, 'learning_rate': 2.285714285714286e-06, 'epoch': 8.75}
{'loss': 2.3068, 'grad_norm': 0.6177670359611511, 'learning_rate': 2.241758241758242e-06, 'epoch': 8.77}
{'eval_loss': 1.8581713438034058, 'eval_runtime': 45.1519, 'eval_samples_per_second': 0.731, 'eval_steps_per_second': 0.731, 'epoch': 8.77}
{'loss': 2.1729, 'grad_norm': 0.5683406591415405, 'learning_rate': 2.197802197802198e-06, 'epoch': 8.8}
{'loss': 1.8584, 'grad_norm': 0.572326123714447, 'learning_rate': 2.153846153846154e-06, 'epoch': 8.82}
{'loss': 1.7668, 'grad_norm': 0.6072554588317871, 'learning_rate': 2.10989010989011e-06, 'epoch': 8.84}
{'loss': 1.7816, 'grad_norm': 0.5304640531539917, 'learning_rate': 2.065934065934066e-06, 'epoch': 8.86}
{'loss': 1.8859, 'grad_norm': 0.5970997214317322, 'learning_rate': 2.021978021978022e-06, 'epoch': 8.88}
{'loss': 2.2574, 'grad_norm': 1.0258527994155884, 'learning_rate': 1.9780219780219782e-06, 'epoch': 8.9}
{'loss': 1.882, 'grad_norm': 0.5193760991096497, 'learning_rate': 1.9340659340659344e-06, 'epoch': 8.92}
{'loss': 1.8156, 'grad_norm': 0.5486250519752502, 'learning_rate': 1.8901098901098902e-06, 'epoch': 8.95}
{'loss': 1.8666, 'grad_norm': 0.5740280151367188, 'learning_rate': 1.8461538461538465e-06, 'epoch': 8.97}
{'loss': 1.6074, 'grad_norm': 0.47445881366729736, 'learning_rate': 1.8021978021978023e-06, 'epoch': 8.99}
{'eval_loss': 1.8503385782241821, 'eval_runtime': 39.2749, 'eval_samples_per_second': 0.84, 'eval_steps_per_second': 0.84, 'epoch': 8.99}
{'loss': 1.8957, 'grad_norm': 0.6511240005493164, 'learning_rate': 1.7582417582417585e-06, 'epoch': 9.0}
{'loss': 2.0166, 'grad_norm': 0.47347864508628845, 'learning_rate': 1.7142857142857145e-06, 'epoch': 9.02}
{'loss': 2.4843, 'grad_norm': 0.7138317227363586, 'learning_rate': 1.6703296703296703e-06, 'epoch': 9.04}
{'loss': 1.6285, 'grad_norm': 0.5099674463272095, 'learning_rate': 1.6263736263736265e-06, 'epoch': 9.06}
{'loss': 2.1916, 'grad_norm': 0.628313422203064, 'learning_rate': 1.5824175824175825e-06, 'epoch': 9.09}
{'loss': 2.3782, 'grad_norm': 0.5973964333534241, 'learning_rate': 1.5384615384615387e-06, 'epoch': 9.11}
{'loss': 2.2966, 'grad_norm': 0.6476248502731323, 'learning_rate': 1.4945054945054945e-06, 'epoch': 9.13}
{'loss': 1.3296, 'grad_norm': 0.5499686002731323, 'learning_rate': 1.4505494505494507e-06, 'epoch': 9.15}
{'loss': 2.4199, 'grad_norm': 0.8463179469108582, 'learning_rate': 1.4065934065934067e-06, 'epoch': 9.17}
{'loss': 1.5624, 'grad_norm': 0.5088869333267212, 'learning_rate': 1.3626373626373625e-06, 'epoch': 9.19}
{'eval_loss': 1.8440101146697998, 'eval_runtime': 40.2119, 'eval_samples_per_second': 0.821, 'eval_steps_per_second': 0.821, 'epoch': 9.19}
{'loss': 1.6638, 'grad_norm': 0.6312795877456665, 'learning_rate': 1.3186813186813187e-06, 'epoch': 9.22}
{'loss': 1.8307, 'grad_norm': 0.5605519413948059, 'learning_rate': 1.2747252747252748e-06, 'epoch': 9.24}
{'loss': 1.8495, 'grad_norm': 0.5189255475997925, 'learning_rate': 1.230769230769231e-06, 'epoch': 9.26}
{'loss': 1.8574, 'grad_norm': 0.4491191506385803, 'learning_rate': 1.1868131868131868e-06, 'epoch': 9.28}
{'loss': 2.072, 'grad_norm': 0.5518204569816589, 'learning_rate': 1.142857142857143e-06, 'epoch': 9.3}
{'loss': 2.1574, 'grad_norm': 0.5786414742469788, 'learning_rate': 1.098901098901099e-06, 'epoch': 9.32}
{'loss': 1.4661, 'grad_norm': 0.5886220335960388, 'learning_rate': 1.054945054945055e-06, 'epoch': 9.34}
{'loss': 2.0634, 'grad_norm': 0.5142385363578796, 'learning_rate': 1.010989010989011e-06, 'epoch': 9.37}
{'loss': 2.0121, 'grad_norm': 0.700925886631012, 'learning_rate': 9.670329670329672e-07, 'epoch': 9.39}
{'loss': 1.8056, 'grad_norm': 0.4857124090194702, 'learning_rate': 9.230769230769232e-07, 'epoch': 9.41}
{'eval_loss': 1.8395161628723145, 'eval_runtime': 39.0459, 'eval_samples_per_second': 0.845, 'eval_steps_per_second': 0.845, 'epoch': 9.41}
{'loss': 2.0508, 'grad_norm': 0.674156129360199, 'learning_rate': 8.791208791208792e-07, 'epoch': 9.43}
{'loss': 1.4657, 'grad_norm': 0.5241395831108093, 'learning_rate': 8.351648351648351e-07, 'epoch': 9.45}
{'loss': 1.8167, 'grad_norm': 0.5315377116203308, 'learning_rate': 7.912087912087912e-07, 'epoch': 9.47}
{'loss': 1.8794, 'grad_norm': 0.5638222098350525, 'learning_rate': 7.472527472527473e-07, 'epoch': 9.49}
{'loss': 1.8132, 'grad_norm': 0.5216822028160095, 'learning_rate': 7.032967032967034e-07, 'epoch': 9.52}
{'loss': 1.7469, 'grad_norm': 0.5040506720542908, 'learning_rate': 6.593406593406594e-07, 'epoch': 9.54}
{'loss': 1.5983, 'grad_norm': 0.5326931476593018, 'learning_rate': 6.153846153846155e-07, 'epoch': 9.56}
{'loss': 1.8477, 'grad_norm': 0.5578539967536926, 'learning_rate': 5.714285714285715e-07, 'epoch': 9.58}
{'loss': 1.7742, 'grad_norm': 0.5690022110939026, 'learning_rate': 5.274725274725275e-07, 'epoch': 9.6}
{'loss': 2.4837, 'grad_norm': 1.0478308200836182, 'learning_rate': 4.835164835164836e-07, 'epoch': 9.62}
{'eval_loss': 1.8369736671447754, 'eval_runtime': 41.2856, 'eval_samples_per_second': 0.799, 'eval_steps_per_second': 0.799, 'epoch': 9.62}
{'loss': 1.9243, 'grad_norm': 0.5610955953598022, 'learning_rate': 4.395604395604396e-07, 'epoch': 9.65}
{'loss': 1.8523, 'grad_norm': 0.555892288684845, 'learning_rate': 3.956043956043956e-07, 'epoch': 9.67}
{'loss': 1.843, 'grad_norm': 0.47158464789390564, 'learning_rate': 3.516483516483517e-07, 'epoch': 9.69}
{'loss': 1.4686, 'grad_norm': 0.49973103404045105, 'learning_rate': 3.0769230769230774e-07, 'epoch': 9.71}
{'loss': 1.868, 'grad_norm': 0.6289085149765015, 'learning_rate': 2.6373626373626375e-07, 'epoch': 9.73}
{'loss': 1.6221, 'grad_norm': 0.5204101204872131, 'learning_rate': 2.197802197802198e-07, 'epoch': 9.75}
{'loss': 2.381, 'grad_norm': 0.7407383322715759, 'learning_rate': 1.7582417582417584e-07, 'epoch': 9.77}
{'loss': 2.0047, 'grad_norm': 0.4823022782802582, 'learning_rate': 1.3186813186813187e-07, 'epoch': 9.8}
{'loss': 1.8282, 'grad_norm': 0.49739381670951843, 'learning_rate': 8.791208791208792e-08, 'epoch': 9.82}
{'loss': 1.3726, 'grad_norm': 0.5179682970046997, 'learning_rate': 4.395604395604396e-08, 'epoch': 9.84}
{'eval_loss': 1.8361510038375854, 'eval_runtime': 42.592, 'eval_samples_per_second': 0.775, 'eval_steps_per_second': 0.775, 'epoch': 9.84}
{'train_runtime': 6283.8655, 'train_samples_per_second': 0.296, 'train_steps_per_second': 0.073, 'train_loss': 2.0201863853827766, 'epoch': 9.84}
TrainOutput(global_step=460, training_loss=2.0201863853827766, metrics={'train_runtime': 6283.8655, 'train_samples_per_second': 0.296, 'train_steps_per_second': 0.073, 'total_flos': 5.950306869593948e+17, 'train_loss': 2.0201863853827766})
