Starting fine-tuning....
==((====))==  Unsloth - 2x faster free finetuning | Num GPUs used = 4
   \\   /|    Num examples = 186 | Num Epochs = 10 | Total steps = 230
O^O/ \_/ \    Batch size per device = 1 | Gradient accumulation steps = 8
\        /    Data Parallel GPUs = 1 | Total batch size (1 x 8 x 1) = 8
 "-____-"     Trainable parameters = 16,394,240/4,316,473,712 (0.38% trained)
  0%|                                                                                                                                                            | 0/230 [00:00<?, ?it/s]`use_cache=True` is incompatible with gradient checkpointing. Setting `use_cache=False`.
Unsloth: Will smartly offload gradients to save VRAM!
  1%|█▎                                                                                                                                                | 2/230 [03:40<6:11:34, 97.78s/it]Traceback (most recent call last):
{'loss': 0.3868, 'grad_norm': 0.6890020966529846, 'learning_rate': 0.0, 'epoch': 0.04}
{'loss': 0.3482, 'grad_norm': 0.7461591958999634, 'learning_rate': 8.695652173913044e-07, 'epoch': 0.09}
  File "/workspace/master_thesis/master_thesis/open_source_models/ft_unsloth_gemma_3_4b_v2.py", line 169, in <module>
    trainer_stats = trainer.train()
  File "/usr/local/lib/python3.10/dist-packages/transformers/trainer.py", line 2245, in train
    return inner_training_loop(
  File "<string>", line 315, in _fast_inner_training_loop
  File "<string>", line 77, in _unsloth_training_step
  File "/usr/local/lib/python3.10/dist-packages/accelerate/accelerator.py", line 2454, in backward
    loss.backward(**kwargs)
  File "/usr/local/lib/python3.10/dist-packages/torch/_tensor.py", line 626, in backward
    torch.autograd.backward(
  File "/usr/local/lib/python3.10/dist-packages/torch/autograd/__init__.py", line 347, in backward
    _engine_run_backward(
  File "/usr/local/lib/python3.10/dist-packages/torch/autograd/graph.py", line 823, in _engine_run_backward
    return Variable._execution_engine.run_backward(  # Calls into the C++ engine to run the backward pass
  File "/usr/local/lib/python3.10/dist-packages/torch/autograd/function.py", line 307, in apply
    return user_fn(self, *args)
  File "/usr/local/lib/python3.10/dist-packages/unsloth_zoo/gradient_checkpointing.py", line 577, in backward
    torch.autograd.backward(outputs_with_grad, args_with_grad)
  File "/usr/local/lib/python3.10/dist-packages/torch/autograd/__init__.py", line 347, in backward
    _engine_run_backward(
  File "/usr/local/lib/python3.10/dist-packages/torch/autograd/graph.py", line 823, in _engine_run_backward
    return Variable._execution_engine.run_backward(  # Calls into the C++ engine to run the backward pass
torch.OutOfMemoryError: CUDA out of memory. Tried to allocate 5.25 GiB. GPU 3 has a total capacity of 39.39 GiB of which 5.00 GiB is free. Process 3170594 has 8.28 GiB memory in use. Process 3899897 has 12.31 GiB memory in use. Process 4122798 has 13.75 GiB memory in use. Of the allocated memory 13.10 GiB is allocated by PyTorch, and 153.35 MiB is reserved by PyTorch but unallocated. If reserved but unallocated memory is large try setting PYTORCH_CUDA_ALLOC_CONF=expandable_segments:True to avoid fragmentation.  See documentation for Memory Management  (https://pytorch.org/docs/stable/notes/cuda.html#environment-variables)
Traceback (most recent call last):
  File "/workspace/master_thesis/master_thesis/open_source_models/ft_unsloth_gemma_3_4b_v2.py", line 169, in <module>
    trainer_stats = trainer.train()
  File "/usr/local/lib/python3.10/dist-packages/transformers/trainer.py", line 2245, in train
    return inner_training_loop(
  File "<string>", line 315, in _fast_inner_training_loop
  File "<string>", line 77, in _unsloth_training_step
  File "/usr/local/lib/python3.10/dist-packages/accelerate/accelerator.py", line 2454, in backward
    loss.backward(**kwargs)
  File "/usr/local/lib/python3.10/dist-packages/torch/_tensor.py", line 626, in backward
    torch.autograd.backward(
  File "/usr/local/lib/python3.10/dist-packages/torch/autograd/__init__.py", line 347, in backward
    _engine_run_backward(
  File "/usr/local/lib/python3.10/dist-packages/torch/autograd/graph.py", line 823, in _engine_run_backward
    return Variable._execution_engine.run_backward(  # Calls into the C++ engine to run the backward pass
  File "/usr/local/lib/python3.10/dist-packages/torch/autograd/function.py", line 307, in apply
    return user_fn(self, *args)
  File "/usr/local/lib/python3.10/dist-packages/unsloth_zoo/gradient_checkpointing.py", line 577, in backward
    torch.autograd.backward(outputs_with_grad, args_with_grad)
  File "/usr/local/lib/python3.10/dist-packages/torch/autograd/__init__.py", line 347, in backward
    _engine_run_backward(
  File "/usr/local/lib/python3.10/dist-packages/torch/autograd/graph.py", line 823, in _engine_run_backward
    return Variable._execution_engine.run_backward(  # Calls into the C++ engine to run the backward pass
torch.OutOfMemoryError: CUDA out of memory. Tried to allocate 5.25 GiB. GPU 3 has a total capacity of 39.39 GiB of which 5.00 GiB is free. Process 3170594 has 8.28 GiB memory in use. Process 3899897 has 12.31 GiB memory in use. Process 4122798 has 13.75 GiB memory in use. Of the allocated memory 13.10 GiB is allocated by PyTorch, and 153.35 MiB is reserved by PyTorch but unallocated. If reserved but unallocated memory is large try setting PYTORCH_CUDA_ALLOC_CONF=expandable_segments:True to avoid fragmentation.  See documentation for Memory Management  (https://pytorch.org/docs/stable/notes/cuda.html#environment-variables)
