Filter: 100%|███████████████████████████████████████████████████████████████████████████████████████████████████████████████████████████████████| 454/454 [00:00<00:00, 21947.81 examples/s]
Loading checkpoint shards: 100%|██████████████████████████████████████████████████████████████████████████████████████████████████████████████████████████████| 6/6 [00:06<00:00,  1.04s/it]
Device set to use cuda:0
Batches:   0%|                                                                                                                                                      | 0/219 [00:00<?, ?it/s]Token indices sequence length is longer than the specified maximum sequence length for this model (40986 > 18432). Running this sequence through the model will result in indexing errors
Batches:   0%|                                                                                                                                                      | 0/219 [00:00<?, ?it/s]
Traceback (most recent call last):
  File "/workspace/master_thesis/master_thesis/experiments_inference/run_phi4_4B_sample_tjsp.py", line 213, in <module>
    outputs = pipe(messages,
  File "/usr/local/lib/python3.10/dist-packages/transformers/pipelines/text_generation.py", line 286, in __call__
    return super().__call__(list(chats), **kwargs)
  File "/usr/local/lib/python3.10/dist-packages/transformers/pipelines/base.py", line 1360, in __call__
    outputs = list(final_iterator)
  File "/usr/local/lib/python3.10/dist-packages/transformers/pipelines/pt_utils.py", line 124, in __next__
    item = next(self.iterator)
  File "/usr/local/lib/python3.10/dist-packages/transformers/pipelines/pt_utils.py", line 125, in __next__
    processed = self.infer(item, **self.params)
  File "/usr/local/lib/python3.10/dist-packages/transformers/pipelines/base.py", line 1286, in forward
    model_outputs = self._forward(model_inputs, **forward_params)
  File "/usr/local/lib/python3.10/dist-packages/transformers/pipelines/text_generation.py", line 385, in _forward
    output = self.model.generate(input_ids=input_ids, attention_mask=attention_mask, **generate_kwargs)
  File "/usr/local/lib/python3.10/dist-packages/torch/utils/_contextlib.py", line 116, in decorate_context
    return func(*args, **kwargs)
  File "/usr/local/lib/python3.10/dist-packages/transformers/generation/utils.py", line 2246, in generate
    self._prepare_special_tokens(generation_config, kwargs_has_attention_mask, device=device)
  File "/usr/local/lib/python3.10/dist-packages/transformers/generation/utils.py", line 2087, in _prepare_special_tokens
    and isin_mps_friendly(elements=eos_token_tensor, test_elements=pad_token_tensor).any()
  File "/usr/local/lib/python3.10/dist-packages/transformers/pytorch_utils.py", line 334, in isin_mps_friendly
    return torch.isin(elements, test_elements)
RuntimeError: CUDA error: out of memory
CUDA kernel errors might be asynchronously reported at some other API call, so the stacktrace below might be incorrect.
For debugging consider passing CUDA_LAUNCH_BLOCKING=1
Compile with `TORCH_USE_CUDA_DSA` to enable device-side assertions.

Traceback (most recent call last):
  File "/workspace/master_thesis/master_thesis/experiments_inference/run_phi4_4B_sample_tjsp.py", line 213, in <module>
    outputs = pipe(messages,
  File "/usr/local/lib/python3.10/dist-packages/transformers/pipelines/text_generation.py", line 286, in __call__
    return super().__call__(list(chats), **kwargs)
  File "/usr/local/lib/python3.10/dist-packages/transformers/pipelines/base.py", line 1360, in __call__
    outputs = list(final_iterator)
  File "/usr/local/lib/python3.10/dist-packages/transformers/pipelines/pt_utils.py", line 124, in __next__
    item = next(self.iterator)
  File "/usr/local/lib/python3.10/dist-packages/transformers/pipelines/pt_utils.py", line 125, in __next__
    processed = self.infer(item, **self.params)
  File "/usr/local/lib/python3.10/dist-packages/transformers/pipelines/base.py", line 1286, in forward
    model_outputs = self._forward(model_inputs, **forward_params)
  File "/usr/local/lib/python3.10/dist-packages/transformers/pipelines/text_generation.py", line 385, in _forward
    output = self.model.generate(input_ids=input_ids, attention_mask=attention_mask, **generate_kwargs)
  File "/usr/local/lib/python3.10/dist-packages/torch/utils/_contextlib.py", line 116, in decorate_context
    return func(*args, **kwargs)
  File "/usr/local/lib/python3.10/dist-packages/transformers/generation/utils.py", line 2246, in generate
    self._prepare_special_tokens(generation_config, kwargs_has_attention_mask, device=device)
  File "/usr/local/lib/python3.10/dist-packages/transformers/generation/utils.py", line 2087, in _prepare_special_tokens
    and isin_mps_friendly(elements=eos_token_tensor, test_elements=pad_token_tensor).any()
  File "/usr/local/lib/python3.10/dist-packages/transformers/pytorch_utils.py", line 334, in isin_mps_friendly
    return torch.isin(elements, test_elements)
RuntimeError: CUDA error: out of memory
CUDA kernel errors might be asynchronously reported at some other API call, so the stacktrace below might be incorrect.
For debugging consider passing CUDA_LAUNCH_BLOCKING=1
Compile with `TORCH_USE_CUDA_DSA` to enable device-side assertions.
