Starting fine-tuning....
==((====))==  Unsloth - 2x faster free finetuning | Num GPUs used = 3
   \\   /|    Num examples = 186 | Num Epochs = 10 | Total steps = 460
O^O/ \_/ \    Batch size per device = 1 | Gradient accumulation steps = 4
\        /    Data Parallel GPUs = 1 | Total batch size (1 x 4 x 1) = 4
 "-____-"     Trainable parameters = 68,456,448/12,000,000,000 (0.57% trained)
  0%|                                                                                                                                                                                  | 0/460 [00:00<?, ?it/s]`use_cache=True` is incompatible with gradient checkpointing. Setting `use_cache=False`.
Unsloth: Will smartly offload gradients to save VRAM!
Traceback (most recent call last):
  File "/workspace/master_thesis/master_thesis/open_source_models/ft_unsloth_gemma_3_12b.py", line 164, in <module>
    trainer_stats = trainer.train()
  File "/usr/local/lib/python3.10/dist-packages/transformers/trainer.py", line 2245, in train
    return inner_training_loop(
  File "<string>", line 315, in _fast_inner_training_loop
  File "<string>", line 77, in _unsloth_training_step
  File "/usr/local/lib/python3.10/dist-packages/accelerate/accelerator.py", line 2454, in backward
    loss.backward(**kwargs)
  File "/usr/local/lib/python3.10/dist-packages/torch/_tensor.py", line 626, in backward
    torch.autograd.backward(
  File "/usr/local/lib/python3.10/dist-packages/torch/autograd/__init__.py", line 347, in backward
    _engine_run_backward(
  File "/usr/local/lib/python3.10/dist-packages/torch/autograd/graph.py", line 823, in _engine_run_backward
    return Variable._execution_engine.run_backward(  # Calls into the C++ engine to run the backward pass
KeyboardInterrupt
Traceback (most recent call last):
  File "/workspace/master_thesis/master_thesis/open_source_models/ft_unsloth_gemma_3_12b.py", line 164, in <module>
    trainer_stats = trainer.train()
  File "/usr/local/lib/python3.10/dist-packages/transformers/trainer.py", line 2245, in train
    return inner_training_loop(
  File "<string>", line 315, in _fast_inner_training_loop
  File "<string>", line 77, in _unsloth_training_step
  File "/usr/local/lib/python3.10/dist-packages/accelerate/accelerator.py", line 2454, in backward
    loss.backward(**kwargs)
  File "/usr/local/lib/python3.10/dist-packages/torch/_tensor.py", line 626, in backward
    torch.autograd.backward(
  File "/usr/local/lib/python3.10/dist-packages/torch/autograd/__init__.py", line 347, in backward
    _engine_run_backward(
  File "/usr/local/lib/python3.10/dist-packages/torch/autograd/graph.py", line 823, in _engine_run_backward
    return Variable._execution_engine.run_backward(  # Calls into the C++ engine to run the backward pass
KeyboardInterrupt
