Filter: 100%|████████████████████████████████████████████████████████████████████████████████████████████████████████████████| 898/898 [00:00<00:00, 26569.64 examples/s]
Traceback (most recent call last):
  File "/home/228446@hertie-school.lan/.local/lib/python3.10/site-packages/transformers/utils/import_utils.py", line 1967, in _get_module
    return importlib.import_module("." + module_name, self.__name__)
  File "/usr/lib/python3.10/importlib/__init__.py", line 126, in import_module
    return _bootstrap._gcd_import(name[level:], package, level)
  File "<frozen importlib._bootstrap>", line 1050, in _gcd_import
  File "<frozen importlib._bootstrap>", line 1027, in _find_and_load
  File "<frozen importlib._bootstrap>", line 1006, in _find_and_load_unlocked
  File "<frozen importlib._bootstrap>", line 688, in _load_unlocked
  File "<frozen importlib._bootstrap_external>", line 883, in exec_module
  File "<frozen importlib._bootstrap>", line 241, in _call_with_frames_removed
  File "/home/228446@hertie-school.lan/.local/lib/python3.10/site-packages/transformers/integrations/bitsandbytes.py", line 21, in <module>
    import bitsandbytes as bnb
  File "/home/228446@hertie-school.lan/.local/lib/python3.10/site-packages/bitsandbytes/__init__.py", line 15, in <module>
    from .nn import modules
  File "/home/228446@hertie-school.lan/.local/lib/python3.10/site-packages/bitsandbytes/nn/__init__.py", line 21, in <module>
    from .triton_based_modules import (
  File "/home/228446@hertie-school.lan/.local/lib/python3.10/site-packages/bitsandbytes/nn/triton_based_modules.py", line 6, in <module>
    from bitsandbytes.triton.dequantize_rowwise import dequantize_rowwise
  File "/home/228446@hertie-school.lan/.local/lib/python3.10/site-packages/bitsandbytes/triton/dequantize_rowwise.py", line 36, in <module>
    def _dequantize_rowwise(
  File "/home/228446@hertie-school.lan/.local/lib/python3.10/site-packages/triton/runtime/autotuner.py", line 368, in decorator
    return Autotuner(fn, fn.arg_names, configs, key, reset_to_zero, restore_value, pre_hook=pre_hook,
  File "/home/228446@hertie-school.lan/.local/lib/python3.10/site-packages/triton/runtime/autotuner.py", line 130, in __init__
    self.do_bench = driver.active.get_benchmarker()
  File "/home/228446@hertie-school.lan/.local/lib/python3.10/site-packages/triton/runtime/driver.py", line 23, in __getattr__
    self._initialize_obj()
  File "/home/228446@hertie-school.lan/.local/lib/python3.10/site-packages/triton/runtime/driver.py", line 20, in _initialize_obj
    self._obj = self._init_fn()
  File "/home/228446@hertie-school.lan/.local/lib/python3.10/site-packages/triton/runtime/driver.py", line 9, in _create_driver
    return actives[0]()
  File "/home/228446@hertie-school.lan/.local/lib/python3.10/site-packages/triton/backends/nvidia/driver.py", line 450, in __init__
    self.utils = CudaUtils()  # TODO: make static
  File "/home/228446@hertie-school.lan/.local/lib/python3.10/site-packages/triton/backends/nvidia/driver.py", line 80, in __init__
    mod = compile_module_from_src(Path(os.path.join(dirname, "driver.c")).read_text(), "cuda_utils")
  File "/home/228446@hertie-school.lan/.local/lib/python3.10/site-packages/triton/backends/nvidia/driver.py", line 57, in compile_module_from_src
    so = _build(name, src_path, tmpdir, library_dirs(), include_dir, libraries)
  File "/home/228446@hertie-school.lan/.local/lib/python3.10/site-packages/triton/runtime/build.py", line 50, in _build
    ret = subprocess.check_call(cc_cmd)
  File "/usr/lib/python3.10/subprocess.py", line 369, in check_call
    raise CalledProcessError(retcode, cmd)
subprocess.CalledProcessError: Command '['/usr/bin/gcc', '/tmp/tmph2k4zjn1/main.c', '-O3', '-shared', '-fPIC', '-Wno-psabi', '-o', '/tmp/tmph2k4zjn1/cuda_utils.cpython-310-x86_64-linux-gnu.so', '-lcuda', '-L/home/228446@hertie-school.lan/.local/lib/python3.10/site-packages/triton/backends/nvidia/lib', '-L/lib/x86_64-linux-gnu', '-L/lib/i386-linux-gnu', '-I/home/228446@hertie-school.lan/.local/lib/python3.10/site-packages/triton/backends/nvidia/include', '-I/tmp/tmph2k4zjn1', '-I/usr/include/python3.10']' returned non-zero exit status 1.

The above exception was the direct cause of the following exception:

Traceback (most recent call last):
  File "/home/228446@hertie-school.lan/workspace/master_thesis/experiments_inference/run_HF_phi4_4B_sample_tjsp.py", line 72, in <module>
    model = AutoModelForCausalLM.from_pretrained(
  File "/home/228446@hertie-school.lan/.local/lib/python3.10/site-packages/transformers/models/auto/auto_factory.py", line 571, in from_pretrained
    return model_class.from_pretrained(
  File "/home/228446@hertie-school.lan/.local/lib/python3.10/site-packages/transformers/modeling_utils.py", line 279, in _wrapper
    return func(*args, **kwargs)
  File "/home/228446@hertie-school.lan/.local/lib/python3.10/site-packages/transformers/modeling_utils.py", line 4228, in from_pretrained
    hf_quantizer.validate_environment(
  File "/home/228446@hertie-school.lan/.local/lib/python3.10/site-packages/transformers/quantizers/quantizer_bnb_4bit.py", line 80, in validate_environment
    from ..integrations import validate_bnb_backend_availability
  File "<frozen importlib._bootstrap>", line 1075, in _handle_fromlist
  File "/home/228446@hertie-school.lan/.local/lib/python3.10/site-packages/transformers/utils/import_utils.py", line 1955, in __getattr__
    module = self._get_module(self._class_to_module[name])
  File "/home/228446@hertie-school.lan/.local/lib/python3.10/site-packages/transformers/utils/import_utils.py", line 1969, in _get_module
    raise RuntimeError(
RuntimeError: Failed to import transformers.integrations.bitsandbytes because of the following error (look up to see its traceback):
Command '['/usr/bin/gcc', '/tmp/tmph2k4zjn1/main.c', '-O3', '-shared', '-fPIC', '-Wno-psabi', '-o', '/tmp/tmph2k4zjn1/cuda_utils.cpython-310-x86_64-linux-gnu.so', '-lcuda', '-L/home/228446@hertie-school.lan/.local/lib/python3.10/site-packages/triton/backends/nvidia/lib', '-L/lib/x86_64-linux-gnu', '-L/lib/i386-linux-gnu', '-I/home/228446@hertie-school.lan/.local/lib/python3.10/site-packages/triton/backends/nvidia/include', '-I/tmp/tmph2k4zjn1', '-I/usr/include/python3.10']' returned non-zero exit status 1.
Traceback (most recent call last):
  File "/home/228446@hertie-school.lan/.local/lib/python3.10/site-packages/transformers/utils/import_utils.py", line 1967, in _get_module
    return importlib.import_module("." + module_name, self.__name__)
  File "/usr/lib/python3.10/importlib/__init__.py", line 126, in import_module
    return _bootstrap._gcd_import(name[level:], package, level)
  File "<frozen importlib._bootstrap>", line 1050, in _gcd_import
  File "<frozen importlib._bootstrap>", line 1027, in _find_and_load
  File "<frozen importlib._bootstrap>", line 1006, in _find_and_load_unlocked
  File "<frozen importlib._bootstrap>", line 688, in _load_unlocked
  File "<frozen importlib._bootstrap_external>", line 883, in exec_module
  File "<frozen importlib._bootstrap>", line 241, in _call_with_frames_removed
  File "/home/228446@hertie-school.lan/.local/lib/python3.10/site-packages/transformers/integrations/bitsandbytes.py", line 21, in <module>
    import bitsandbytes as bnb
  File "/home/228446@hertie-school.lan/.local/lib/python3.10/site-packages/bitsandbytes/__init__.py", line 15, in <module>
    from .nn import modules
  File "/home/228446@hertie-school.lan/.local/lib/python3.10/site-packages/bitsandbytes/nn/__init__.py", line 21, in <module>
    from .triton_based_modules import (
  File "/home/228446@hertie-school.lan/.local/lib/python3.10/site-packages/bitsandbytes/nn/triton_based_modules.py", line 6, in <module>
    from bitsandbytes.triton.dequantize_rowwise import dequantize_rowwise
  File "/home/228446@hertie-school.lan/.local/lib/python3.10/site-packages/bitsandbytes/triton/dequantize_rowwise.py", line 36, in <module>
    def _dequantize_rowwise(
  File "/home/228446@hertie-school.lan/.local/lib/python3.10/site-packages/triton/runtime/autotuner.py", line 368, in decorator
    return Autotuner(fn, fn.arg_names, configs, key, reset_to_zero, restore_value, pre_hook=pre_hook,
  File "/home/228446@hertie-school.lan/.local/lib/python3.10/site-packages/triton/runtime/autotuner.py", line 130, in __init__
    self.do_bench = driver.active.get_benchmarker()
  File "/home/228446@hertie-school.lan/.local/lib/python3.10/site-packages/triton/runtime/driver.py", line 23, in __getattr__
    self._initialize_obj()
  File "/home/228446@hertie-school.lan/.local/lib/python3.10/site-packages/triton/runtime/driver.py", line 20, in _initialize_obj
    self._obj = self._init_fn()
  File "/home/228446@hertie-school.lan/.local/lib/python3.10/site-packages/triton/runtime/driver.py", line 9, in _create_driver
    return actives[0]()
  File "/home/228446@hertie-school.lan/.local/lib/python3.10/site-packages/triton/backends/nvidia/driver.py", line 450, in __init__
    self.utils = CudaUtils()  # TODO: make static
  File "/home/228446@hertie-school.lan/.local/lib/python3.10/site-packages/triton/backends/nvidia/driver.py", line 80, in __init__
    mod = compile_module_from_src(Path(os.path.join(dirname, "driver.c")).read_text(), "cuda_utils")
  File "/home/228446@hertie-school.lan/.local/lib/python3.10/site-packages/triton/backends/nvidia/driver.py", line 57, in compile_module_from_src
    so = _build(name, src_path, tmpdir, library_dirs(), include_dir, libraries)
  File "/home/228446@hertie-school.lan/.local/lib/python3.10/site-packages/triton/runtime/build.py", line 50, in _build
    ret = subprocess.check_call(cc_cmd)
  File "/usr/lib/python3.10/subprocess.py", line 369, in check_call
    raise CalledProcessError(retcode, cmd)
subprocess.CalledProcessError: Command '['/usr/bin/gcc', '/tmp/tmph2k4zjn1/main.c', '-O3', '-shared', '-fPIC', '-Wno-psabi', '-o', '/tmp/tmph2k4zjn1/cuda_utils.cpython-310-x86_64-linux-gnu.so', '-lcuda', '-L/home/228446@hertie-school.lan/.local/lib/python3.10/site-packages/triton/backends/nvidia/lib', '-L/lib/x86_64-linux-gnu', '-L/lib/i386-linux-gnu', '-I/home/228446@hertie-school.lan/.local/lib/python3.10/site-packages/triton/backends/nvidia/include', '-I/tmp/tmph2k4zjn1', '-I/usr/include/python3.10']' returned non-zero exit status 1.

The above exception was the direct cause of the following exception:

Traceback (most recent call last):
  File "/home/228446@hertie-school.lan/workspace/master_thesis/experiments_inference/run_HF_phi4_4B_sample_tjsp.py", line 72, in <module>
    model = AutoModelForCausalLM.from_pretrained(
  File "/home/228446@hertie-school.lan/.local/lib/python3.10/site-packages/transformers/models/auto/auto_factory.py", line 571, in from_pretrained
    return model_class.from_pretrained(
  File "/home/228446@hertie-school.lan/.local/lib/python3.10/site-packages/transformers/modeling_utils.py", line 279, in _wrapper
    return func(*args, **kwargs)
  File "/home/228446@hertie-school.lan/.local/lib/python3.10/site-packages/transformers/modeling_utils.py", line 4228, in from_pretrained
    hf_quantizer.validate_environment(
  File "/home/228446@hertie-school.lan/.local/lib/python3.10/site-packages/transformers/quantizers/quantizer_bnb_4bit.py", line 80, in validate_environment
    from ..integrations import validate_bnb_backend_availability
  File "<frozen importlib._bootstrap>", line 1075, in _handle_fromlist
  File "/home/228446@hertie-school.lan/.local/lib/python3.10/site-packages/transformers/utils/import_utils.py", line 1955, in __getattr__
    module = self._get_module(self._class_to_module[name])
  File "/home/228446@hertie-school.lan/.local/lib/python3.10/site-packages/transformers/utils/import_utils.py", line 1969, in _get_module
    raise RuntimeError(
RuntimeError: Failed to import transformers.integrations.bitsandbytes because of the following error (look up to see its traceback):
Command '['/usr/bin/gcc', '/tmp/tmph2k4zjn1/main.c', '-O3', '-shared', '-fPIC', '-Wno-psabi', '-o', '/tmp/tmph2k4zjn1/cuda_utils.cpython-310-x86_64-linux-gnu.so', '-lcuda', '-L/home/228446@hertie-school.lan/.local/lib/python3.10/site-packages/triton/backends/nvidia/lib', '-L/lib/x86_64-linux-gnu', '-L/lib/i386-linux-gnu', '-I/home/228446@hertie-school.lan/.local/lib/python3.10/site-packages/triton/backends/nvidia/include', '-I/tmp/tmph2k4zjn1', '-I/usr/include/python3.10']' returned non-zero exit status 1.
