Filter: 100%|████████████████████████████████████████████████████████████████████████████████████████████████████████████████| 898/898 [00:00<00:00, 26603.98 examples/s]
Loading checkpoint shards: 100%|███████████████████████████████████████████████████████████████████████████████████████████████████████████| 6/6 [00:15<00:00,  2.66s/it]
Device set to use cuda:0
Batches:   0%|                                                                                                                                   | 0/878 [00:00<?, ?it/s]Token indices sequence length is longer than the specified maximum sequence length for this model (19478 > 18432). Running this sequence through the model will result in indexing errors
This is a friendly reminder - the current text generation call will exceed the model's predefined maximum length (18432). Depending on the model, you may observe exceptions, performance degradation, or nothing at all.
Batches:   1%|█▎                                                                                                                    | 10/878 [28:14<38:51:36, 161.17s/it]You seem to be using the pipelines sequentially on GPU. In order to maximize efficiency please use a dataset
Batches:  17%|███████████████████▌                                                                                               | 149/878 [7:58:49<39:02:40, 192.81s/it]
Traceback (most recent call last):
  File "/home/228446@hertie-school.lan/workspace/master_thesis/experiments_inference/run_HF_phi4_4B_sample_tjsp.py", line 122, in <module>
    outputs = pipe(
  File "/home/228446@hertie-school.lan/.local/lib/python3.10/site-packages/transformers/pipelines/text_generation.py", line 287, in __call__
    return super().__call__(text_inputs, **kwargs)
  File "/home/228446@hertie-school.lan/.local/lib/python3.10/site-packages/transformers/pipelines/base.py", line 1360, in __call__
    outputs = list(final_iterator)
  File "/home/228446@hertie-school.lan/.local/lib/python3.10/site-packages/transformers/pipelines/pt_utils.py", line 124, in __next__
    item = next(self.iterator)
  File "/home/228446@hertie-school.lan/.local/lib/python3.10/site-packages/transformers/pipelines/pt_utils.py", line 125, in __next__
    processed = self.infer(item, **self.params)
  File "/home/228446@hertie-school.lan/.local/lib/python3.10/site-packages/transformers/pipelines/base.py", line 1286, in forward
    model_outputs = self._forward(model_inputs, **forward_params)
  File "/home/228446@hertie-school.lan/.local/lib/python3.10/site-packages/transformers/pipelines/text_generation.py", line 385, in _forward
    output = self.model.generate(input_ids=input_ids, attention_mask=attention_mask, **generate_kwargs)
  File "/home/228446@hertie-school.lan/.local/lib/python3.10/site-packages/torch/utils/_contextlib.py", line 116, in decorate_context
    return func(*args, **kwargs)
  File "/home/228446@hertie-school.lan/.local/lib/python3.10/site-packages/transformers/generation/utils.py", line 2465, in generate
    result = self._sample(
  File "/home/228446@hertie-school.lan/.local/lib/python3.10/site-packages/transformers/generation/utils.py", line 3422, in _sample
    while self._has_unfinished_sequences(this_peer_finished, synced_gpus, device=input_ids.device):
  File "/home/228446@hertie-school.lan/.local/lib/python3.10/site-packages/transformers/generation/utils.py", line 2616, in _has_unfinished_sequences
    elif this_peer_finished:
KeyboardInterrupt
Traceback (most recent call last):
  File "/home/228446@hertie-school.lan/workspace/master_thesis/experiments_inference/run_HF_phi4_4B_sample_tjsp.py", line 122, in <module>
    outputs = pipe(
  File "/home/228446@hertie-school.lan/.local/lib/python3.10/site-packages/transformers/pipelines/text_generation.py", line 287, in __call__
    return super().__call__(text_inputs, **kwargs)
  File "/home/228446@hertie-school.lan/.local/lib/python3.10/site-packages/transformers/pipelines/base.py", line 1360, in __call__
    outputs = list(final_iterator)
  File "/home/228446@hertie-school.lan/.local/lib/python3.10/site-packages/transformers/pipelines/pt_utils.py", line 124, in __next__
    item = next(self.iterator)
  File "/home/228446@hertie-school.lan/.local/lib/python3.10/site-packages/transformers/pipelines/pt_utils.py", line 125, in __next__
    processed = self.infer(item, **self.params)
  File "/home/228446@hertie-school.lan/.local/lib/python3.10/site-packages/transformers/pipelines/base.py", line 1286, in forward
    model_outputs = self._forward(model_inputs, **forward_params)
  File "/home/228446@hertie-school.lan/.local/lib/python3.10/site-packages/transformers/pipelines/text_generation.py", line 385, in _forward
    output = self.model.generate(input_ids=input_ids, attention_mask=attention_mask, **generate_kwargs)
  File "/home/228446@hertie-school.lan/.local/lib/python3.10/site-packages/torch/utils/_contextlib.py", line 116, in decorate_context
    return func(*args, **kwargs)
  File "/home/228446@hertie-school.lan/.local/lib/python3.10/site-packages/transformers/generation/utils.py", line 2465, in generate
    result = self._sample(
  File "/home/228446@hertie-school.lan/.local/lib/python3.10/site-packages/transformers/generation/utils.py", line 3422, in _sample
    while self._has_unfinished_sequences(this_peer_finished, synced_gpus, device=input_ids.device):
  File "/home/228446@hertie-school.lan/.local/lib/python3.10/site-packages/transformers/generation/utils.py", line 2616, in _has_unfinished_sequences
    elif this_peer_finished:
KeyboardInterrupt
