Filter: 100%|█████████████████████████████████████████████████████████████████████████████████████████████████████████████████████████████████████████████████████| 454/454 [00:00<00:00, 22326.08 examples/s]
Loading checkpoint shards: 100%|████████████████████████████████████████████████████████████████████████████████████████████████████████████████████████████████████████████████| 6/6 [00:06<00:00,  1.07s/it]
Device set to use cuda:0
Batches:   0%|                                                                                                                                                                        | 0/438 [00:00<?, ?it/s]Token indices sequence length is longer than the specified maximum sequence length for this model (40986 > 18432). Running this sequence through the model will result in indexing errors
Batches:   0%|                                                                                                                                                                        | 0/438 [00:00<?, ?it/s]
Traceback (most recent call last):
  File "/workspace/master_thesis/master_thesis/experiments_inference/run_phi4_4B_sample_tjsp.py", line 214, in <module>
    outputs = pipe(messages,
  File "/usr/local/lib/python3.10/dist-packages/transformers/pipelines/text_generation.py", line 286, in __call__
    return super().__call__(list(chats), **kwargs)
  File "/usr/local/lib/python3.10/dist-packages/transformers/pipelines/base.py", line 1360, in __call__
    outputs = list(final_iterator)
  File "/usr/local/lib/python3.10/dist-packages/transformers/pipelines/pt_utils.py", line 124, in __next__
    item = next(self.iterator)
  File "/usr/local/lib/python3.10/dist-packages/transformers/pipelines/pt_utils.py", line 125, in __next__
    processed = self.infer(item, **self.params)
  File "/usr/local/lib/python3.10/dist-packages/transformers/pipelines/base.py", line 1286, in forward
    model_outputs = self._forward(model_inputs, **forward_params)
  File "/usr/local/lib/python3.10/dist-packages/transformers/pipelines/text_generation.py", line 385, in _forward
    output = self.model.generate(input_ids=input_ids, attention_mask=attention_mask, **generate_kwargs)
  File "/usr/local/lib/python3.10/dist-packages/torch/utils/_contextlib.py", line 116, in decorate_context
    return func(*args, **kwargs)
  File "/usr/local/lib/python3.10/dist-packages/transformers/generation/utils.py", line 2225, in generate
    self._validate_model_kwargs(model_kwargs.copy())
  File "/usr/local/lib/python3.10/dist-packages/transformers/generation/utils.py", line 1536, in _validate_model_kwargs
    raise ValueError(
ValueError: The following `model_kwargs` are not used by the model: ['load_in_4bit'] (note: typos in the generate arguments will also show up in this list)
Traceback (most recent call last):
  File "/workspace/master_thesis/master_thesis/experiments_inference/run_phi4_4B_sample_tjsp.py", line 214, in <module>
    outputs = pipe(messages,
  File "/usr/local/lib/python3.10/dist-packages/transformers/pipelines/text_generation.py", line 286, in __call__
    return super().__call__(list(chats), **kwargs)
  File "/usr/local/lib/python3.10/dist-packages/transformers/pipelines/base.py", line 1360, in __call__
    outputs = list(final_iterator)
  File "/usr/local/lib/python3.10/dist-packages/transformers/pipelines/pt_utils.py", line 124, in __next__
    item = next(self.iterator)
  File "/usr/local/lib/python3.10/dist-packages/transformers/pipelines/pt_utils.py", line 125, in __next__
    processed = self.infer(item, **self.params)
  File "/usr/local/lib/python3.10/dist-packages/transformers/pipelines/base.py", line 1286, in forward
    model_outputs = self._forward(model_inputs, **forward_params)
  File "/usr/local/lib/python3.10/dist-packages/transformers/pipelines/text_generation.py", line 385, in _forward
    output = self.model.generate(input_ids=input_ids, attention_mask=attention_mask, **generate_kwargs)
  File "/usr/local/lib/python3.10/dist-packages/torch/utils/_contextlib.py", line 116, in decorate_context
    return func(*args, **kwargs)
  File "/usr/local/lib/python3.10/dist-packages/transformers/generation/utils.py", line 2225, in generate
    self._validate_model_kwargs(model_kwargs.copy())
  File "/usr/local/lib/python3.10/dist-packages/transformers/generation/utils.py", line 1536, in _validate_model_kwargs
    raise ValueError(
ValueError: The following `model_kwargs` are not used by the model: ['load_in_4bit'] (note: typos in the generate arguments will also show up in this list)
