Starting fine-tuning....
==((====))==  Unsloth - 2x faster free finetuning | Num GPUs used = 3
   \\   /|    Num examples = 186 | Num Epochs = 10 | Total steps = 460
O^O/ \_/ \    Batch size per device = 1 | Gradient accumulation steps = 4
\        /    Data Parallel GPUs = 1 | Total batch size (1 x 4 x 1) = 4
 "-____-"     Trainable parameters = 68,456,448/12,255,781,488 (0.56% trained)
  0%|                                                                                                                                                                                  | 0/460 [00:00<?, ?it/s]`use_cache=True` is incompatible with gradient checkpointing. Setting `use_cache=False`.
Unsloth: Will smartly offload gradients to save VRAM!
  1%|█▊                                                                                                                                                                     | 5/460 [08:55<10:16:37, 81.31s/it]Traceback (most recent call last):
{'loss': 0.3217, 'grad_norm': 0.655951738357544, 'learning_rate': 0.0, 'epoch': 0.02}
{'loss': 0.295, 'grad_norm': 0.7738459706306458, 'learning_rate': 4.000000000000001e-06, 'epoch': 0.04}
{'loss': 0.2094, 'grad_norm': 0.5741329193115234, 'learning_rate': 8.000000000000001e-06, 'epoch': 0.06}
{'loss': 0.3095, 'grad_norm': 0.6762542128562927, 'learning_rate': 1.2e-05, 'epoch': 0.09}
{'loss': 0.2092, 'grad_norm': 0.6580603718757629, 'learning_rate': 1.6000000000000003e-05, 'epoch': 0.11}
  File "/workspace/master_thesis/master_thesis/open_source_models/ft_unsloth_gemma_3_12b.py", line 167, in <module>
    trainer_stats = trainer.train()
  File "/usr/local/lib/python3.10/dist-packages/transformers/trainer.py", line 2245, in train
    return inner_training_loop(
  File "<string>", line 315, in _fast_inner_training_loop
  File "<string>", line 31, in _unsloth_training_step
  File "/workspace/master_thesis/master_thesis/open_source_models/unsloth_compiled_cache/UnslothSFTTrainer.py", line 748, in compute_loss
    outputs = super().compute_loss(
  File "/usr/local/lib/python3.10/dist-packages/unsloth/models/_utils.py", line 1029, in _unsloth_pre_compute_loss
    outputs = self._old_compute_loss(model, inputs, *args, **kwargs)
  File "/usr/local/lib/python3.10/dist-packages/transformers/trainer.py", line 3801, in compute_loss
    outputs = model(**inputs)
  File "/usr/local/lib/python3.10/dist-packages/torch/nn/modules/module.py", line 1739, in _wrapped_call_impl
    return self._call_impl(*args, **kwargs)
  File "/usr/local/lib/python3.10/dist-packages/torch/nn/modules/module.py", line 1750, in _call_impl
    return forward_call(*args, **kwargs)
  File "/usr/local/lib/python3.10/dist-packages/accelerate/utils/operations.py", line 814, in forward
    return model_forward(*args, **kwargs)
  File "/usr/local/lib/python3.10/dist-packages/accelerate/utils/operations.py", line 802, in __call__
    return convert_to_fp32(self.model_forward(*args, **kwargs))
  File "/usr/local/lib/python3.10/dist-packages/torch/amp/autocast_mode.py", line 44, in decorate_autocast
    return func(*args, **kwargs)
  File "/usr/local/lib/python3.10/dist-packages/peft/peft_model.py", line 1756, in forward
    return self.base_model(
  File "/usr/local/lib/python3.10/dist-packages/torch/nn/modules/module.py", line 1739, in _wrapped_call_impl
    return self._call_impl(*args, **kwargs)
  File "/usr/local/lib/python3.10/dist-packages/torch/nn/modules/module.py", line 1750, in _call_impl
    return forward_call(*args, **kwargs)
  File "/usr/local/lib/python3.10/dist-packages/peft/tuners/tuners_utils.py", line 193, in forward
    return self.model.forward(*args, **kwargs)
  File "/usr/local/lib/python3.10/dist-packages/accelerate/hooks.py", line 176, in new_forward
    output = module._old_forward(*args, **kwargs)
  File "/workspace/master_thesis/master_thesis/open_source_models/unsloth_compiled_cache/unsloth_compiled_module_gemma3.py", line 995, in forward
    return Gemma3ForConditionalGeneration_forward(self, input_ids, pixel_values, attention_mask, position_ids, past_key_values, token_type_ids, cache_position, inputs_embeds, labels, use_cache, output_attentions, output_hidden_states, logits_to_keep, **lm_kwargs)
  File "/usr/local/lib/python3.10/dist-packages/transformers/utils/generic.py", line 965, in wrapper
    output = func(self, *args, **kwargs)
  File "/usr/local/lib/python3.10/dist-packages/transformers/utils/deprecation.py", line 172, in wrapped_func
    return func(*args, **kwargs)
  File "/workspace/master_thesis/master_thesis/open_source_models/unsloth_compiled_cache/unsloth_compiled_module_gemma3.py", line 752, in Gemma3ForConditionalGeneration_forward
    outputs: CausalLMOutputWithPast = self.language_model(
  File "/usr/local/lib/python3.10/dist-packages/torch/nn/modules/module.py", line 1739, in _wrapped_call_impl
    return self._call_impl(*args, **kwargs)
  File "/usr/local/lib/python3.10/dist-packages/torch/nn/modules/module.py", line 1750, in _call_impl
    return forward_call(*args, **kwargs)
  File "/workspace/master_thesis/master_thesis/open_source_models/unsloth_compiled_cache/unsloth_compiled_module_gemma3.py", line 516, in forward
    return Gemma3ForCausalLM_forward(self, input_ids, attention_mask, position_ids, past_key_values, inputs_embeds, labels, use_cache, output_attentions, output_hidden_states, cache_position, logits_to_keep, **loss_kwargs)
  File "/usr/local/lib/python3.10/dist-packages/transformers/utils/generic.py", line 965, in wrapper
    output = func(self, *args, **kwargs)
  File "/usr/local/lib/python3.10/dist-packages/transformers/utils/deprecation.py", line 172, in wrapped_func
    return func(*args, **kwargs)
  File "/workspace/master_thesis/master_thesis/open_source_models/unsloth_compiled_cache/unsloth_compiled_module_gemma3.py", line 337, in Gemma3ForCausalLM_forward
    outputs: BaseModelOutputWithPast = self.model(
  File "/usr/local/lib/python3.10/dist-packages/torch/nn/modules/module.py", line 1739, in _wrapped_call_impl
    return self._call_impl(*args, **kwargs)
  File "/usr/local/lib/python3.10/dist-packages/torch/nn/modules/module.py", line 1750, in _call_impl
    return forward_call(*args, **kwargs)
  File "/usr/local/lib/python3.10/dist-packages/transformers/utils/generic.py", line 965, in wrapper
    output = func(self, *args, **kwargs)
  File "/usr/local/lib/python3.10/dist-packages/transformers/models/gemma3/modeling_gemma3.py", line 708, in forward
    layer_outputs = self._gradient_checkpointing_func(
  File "/usr/local/lib/python3.10/dist-packages/torch/_compile.py", line 32, in inner
    return disable_fn(*args, **kwargs)
  File "/usr/local/lib/python3.10/dist-packages/torch/_dynamo/eval_frame.py", line 745, in _fn
    return fn(*args, **kwargs)
  File "/usr/local/lib/python3.10/dist-packages/torch/utils/checkpoint.py", line 489, in checkpoint
    return CheckpointFunction.apply(function, preserve, *args)
  File "/usr/local/lib/python3.10/dist-packages/torch/autograd/function.py", line 575, in apply
    return super().apply(*args, **kwargs)  # type: ignore[misc]
  File "/usr/local/lib/python3.10/dist-packages/unsloth_zoo/gradient_checkpointing.py", line 463, in forward
    outputs = run_function(*args)
  File "/usr/local/lib/python3.10/dist-packages/torch/nn/modules/module.py", line 1739, in _wrapped_call_impl
    return self._call_impl(*args, **kwargs)
  File "/usr/local/lib/python3.10/dist-packages/torch/nn/modules/module.py", line 1750, in _call_impl
    return forward_call(*args, **kwargs)
  File "/usr/local/lib/python3.10/dist-packages/accelerate/hooks.py", line 176, in new_forward
    output = module._old_forward(*args, **kwargs)
  File "/usr/local/lib/python3.10/dist-packages/transformers/models/gemma3/modeling_gemma3.py", line 420, in forward
    hidden_states, self_attn_weights = self.self_attn(
  File "/usr/local/lib/python3.10/dist-packages/torch/nn/modules/module.py", line 1739, in _wrapped_call_impl
    return self._call_impl(*args, **kwargs)
  File "/usr/local/lib/python3.10/dist-packages/torch/nn/modules/module.py", line 1750, in _call_impl
    return forward_call(*args, **kwargs)
  File "/usr/local/lib/python3.10/dist-packages/accelerate/hooks.py", line 176, in new_forward
    output = module._old_forward(*args, **kwargs)
  File "/usr/local/lib/python3.10/dist-packages/unsloth_zoo/temporary_patches.py", line 550, in forward
    attn_output = scaled_dot_product_attention(
torch.OutOfMemoryError: CUDA out of memory. Tried to allocate 10.50 GiB. GPU 2 has a total capacity of 39.39 GiB of which 8.25 GiB is free. Process 3170594 has 8.28 GiB memory in use. Process 3608338 has 2.06 GiB memory in use. Process 3637035 has 20.76 GiB memory in use. Of the allocated memory 20.05 GiB is allocated by PyTorch, and 212.66 MiB is reserved by PyTorch but unallocated. If reserved but unallocated memory is large try setting PYTORCH_CUDA_ALLOC_CONF=expandable_segments:True to avoid fragmentation.  See documentation for Memory Management  (https://pytorch.org/docs/stable/notes/cuda.html#environment-variables)
Traceback (most recent call last):
  File "/workspace/master_thesis/master_thesis/open_source_models/ft_unsloth_gemma_3_12b.py", line 167, in <module>
    trainer_stats = trainer.train()
  File "/usr/local/lib/python3.10/dist-packages/transformers/trainer.py", line 2245, in train
    return inner_training_loop(
  File "<string>", line 315, in _fast_inner_training_loop
  File "<string>", line 31, in _unsloth_training_step
  File "/workspace/master_thesis/master_thesis/open_source_models/unsloth_compiled_cache/UnslothSFTTrainer.py", line 748, in compute_loss
    outputs = super().compute_loss(
  File "/usr/local/lib/python3.10/dist-packages/unsloth/models/_utils.py", line 1029, in _unsloth_pre_compute_loss
    outputs = self._old_compute_loss(model, inputs, *args, **kwargs)
  File "/usr/local/lib/python3.10/dist-packages/transformers/trainer.py", line 3801, in compute_loss
    outputs = model(**inputs)
  File "/usr/local/lib/python3.10/dist-packages/torch/nn/modules/module.py", line 1739, in _wrapped_call_impl
    return self._call_impl(*args, **kwargs)
  File "/usr/local/lib/python3.10/dist-packages/torch/nn/modules/module.py", line 1750, in _call_impl
    return forward_call(*args, **kwargs)
  File "/usr/local/lib/python3.10/dist-packages/accelerate/utils/operations.py", line 814, in forward
    return model_forward(*args, **kwargs)
  File "/usr/local/lib/python3.10/dist-packages/accelerate/utils/operations.py", line 802, in __call__
    return convert_to_fp32(self.model_forward(*args, **kwargs))
  File "/usr/local/lib/python3.10/dist-packages/torch/amp/autocast_mode.py", line 44, in decorate_autocast
    return func(*args, **kwargs)
  File "/usr/local/lib/python3.10/dist-packages/peft/peft_model.py", line 1756, in forward
    return self.base_model(
  File "/usr/local/lib/python3.10/dist-packages/torch/nn/modules/module.py", line 1739, in _wrapped_call_impl
    return self._call_impl(*args, **kwargs)
  File "/usr/local/lib/python3.10/dist-packages/torch/nn/modules/module.py", line 1750, in _call_impl
    return forward_call(*args, **kwargs)
  File "/usr/local/lib/python3.10/dist-packages/peft/tuners/tuners_utils.py", line 193, in forward
    return self.model.forward(*args, **kwargs)
  File "/usr/local/lib/python3.10/dist-packages/accelerate/hooks.py", line 176, in new_forward
    output = module._old_forward(*args, **kwargs)
  File "/workspace/master_thesis/master_thesis/open_source_models/unsloth_compiled_cache/unsloth_compiled_module_gemma3.py", line 995, in forward
    return Gemma3ForConditionalGeneration_forward(self, input_ids, pixel_values, attention_mask, position_ids, past_key_values, token_type_ids, cache_position, inputs_embeds, labels, use_cache, output_attentions, output_hidden_states, logits_to_keep, **lm_kwargs)
  File "/usr/local/lib/python3.10/dist-packages/transformers/utils/generic.py", line 965, in wrapper
    output = func(self, *args, **kwargs)
  File "/usr/local/lib/python3.10/dist-packages/transformers/utils/deprecation.py", line 172, in wrapped_func
    return func(*args, **kwargs)
  File "/workspace/master_thesis/master_thesis/open_source_models/unsloth_compiled_cache/unsloth_compiled_module_gemma3.py", line 752, in Gemma3ForConditionalGeneration_forward
    outputs: CausalLMOutputWithPast = self.language_model(
  File "/usr/local/lib/python3.10/dist-packages/torch/nn/modules/module.py", line 1739, in _wrapped_call_impl
    return self._call_impl(*args, **kwargs)
  File "/usr/local/lib/python3.10/dist-packages/torch/nn/modules/module.py", line 1750, in _call_impl
    return forward_call(*args, **kwargs)
  File "/workspace/master_thesis/master_thesis/open_source_models/unsloth_compiled_cache/unsloth_compiled_module_gemma3.py", line 516, in forward
    return Gemma3ForCausalLM_forward(self, input_ids, attention_mask, position_ids, past_key_values, inputs_embeds, labels, use_cache, output_attentions, output_hidden_states, cache_position, logits_to_keep, **loss_kwargs)
  File "/usr/local/lib/python3.10/dist-packages/transformers/utils/generic.py", line 965, in wrapper
    output = func(self, *args, **kwargs)
  File "/usr/local/lib/python3.10/dist-packages/transformers/utils/deprecation.py", line 172, in wrapped_func
    return func(*args, **kwargs)
  File "/workspace/master_thesis/master_thesis/open_source_models/unsloth_compiled_cache/unsloth_compiled_module_gemma3.py", line 337, in Gemma3ForCausalLM_forward
    outputs: BaseModelOutputWithPast = self.model(
  File "/usr/local/lib/python3.10/dist-packages/torch/nn/modules/module.py", line 1739, in _wrapped_call_impl
    return self._call_impl(*args, **kwargs)
  File "/usr/local/lib/python3.10/dist-packages/torch/nn/modules/module.py", line 1750, in _call_impl
    return forward_call(*args, **kwargs)
  File "/usr/local/lib/python3.10/dist-packages/transformers/utils/generic.py", line 965, in wrapper
    output = func(self, *args, **kwargs)
  File "/usr/local/lib/python3.10/dist-packages/transformers/models/gemma3/modeling_gemma3.py", line 708, in forward
    layer_outputs = self._gradient_checkpointing_func(
  File "/usr/local/lib/python3.10/dist-packages/torch/_compile.py", line 32, in inner
    return disable_fn(*args, **kwargs)
  File "/usr/local/lib/python3.10/dist-packages/torch/_dynamo/eval_frame.py", line 745, in _fn
    return fn(*args, **kwargs)
  File "/usr/local/lib/python3.10/dist-packages/torch/utils/checkpoint.py", line 489, in checkpoint
    return CheckpointFunction.apply(function, preserve, *args)
  File "/usr/local/lib/python3.10/dist-packages/torch/autograd/function.py", line 575, in apply
    return super().apply(*args, **kwargs)  # type: ignore[misc]
  File "/usr/local/lib/python3.10/dist-packages/unsloth_zoo/gradient_checkpointing.py", line 463, in forward
    outputs = run_function(*args)
  File "/usr/local/lib/python3.10/dist-packages/torch/nn/modules/module.py", line 1739, in _wrapped_call_impl
    return self._call_impl(*args, **kwargs)
  File "/usr/local/lib/python3.10/dist-packages/torch/nn/modules/module.py", line 1750, in _call_impl
    return forward_call(*args, **kwargs)
  File "/usr/local/lib/python3.10/dist-packages/accelerate/hooks.py", line 176, in new_forward
    output = module._old_forward(*args, **kwargs)
  File "/usr/local/lib/python3.10/dist-packages/transformers/models/gemma3/modeling_gemma3.py", line 420, in forward
    hidden_states, self_attn_weights = self.self_attn(
  File "/usr/local/lib/python3.10/dist-packages/torch/nn/modules/module.py", line 1739, in _wrapped_call_impl
    return self._call_impl(*args, **kwargs)
  File "/usr/local/lib/python3.10/dist-packages/torch/nn/modules/module.py", line 1750, in _call_impl
    return forward_call(*args, **kwargs)
  File "/usr/local/lib/python3.10/dist-packages/accelerate/hooks.py", line 176, in new_forward
    output = module._old_forward(*args, **kwargs)
  File "/usr/local/lib/python3.10/dist-packages/unsloth_zoo/temporary_patches.py", line 550, in forward
    attn_output = scaled_dot_product_attention(
torch.OutOfMemoryError: CUDA out of memory. Tried to allocate 10.50 GiB. GPU 2 has a total capacity of 39.39 GiB of which 8.25 GiB is free. Process 3170594 has 8.28 GiB memory in use. Process 3608338 has 2.06 GiB memory in use. Process 3637035 has 20.76 GiB memory in use. Of the allocated memory 20.05 GiB is allocated by PyTorch, and 212.66 MiB is reserved by PyTorch but unallocated. If reserved but unallocated memory is large try setting PYTORCH_CUDA_ALLOC_CONF=expandable_segments:True to avoid fragmentation.  See documentation for Memory Management  (https://pytorch.org/docs/stable/notes/cuda.html#environment-variables)
