Starting fine-tuning....
==((====))==  Unsloth - 2x faster free finetuning | Num GPUs used = 3
   \\   /|    Num examples = 186 | Num Epochs = 10 | Total steps = 230
O^O/ \_/ \    Batch size per device = 1 | Gradient accumulation steps = 8
\        /    Data Parallel GPUs = 1 | Total batch size (1 x 8 x 1) = 8
 "-____-"     Trainable parameters = 68,456,448/12,000,000,000 (0.57% trained)
  0%|                                                                                                                                                                                  | 0/230 [00:00<?, ?it/s]`use_cache=True` is incompatible with gradient checkpointing. Setting `use_cache=False`.
  1%|█▍                                                                                                                                                                    | 2/230 [09:50<17:11:30, 271.45s/it]Traceback (most recent call last):
{'loss': 0.3118, 'grad_norm': 0.6579551100730896, 'learning_rate': 0.0, 'epoch': 0.04}
{'loss': 0.2694, 'grad_norm': 0.6608962416648865, 'learning_rate': 4.000000000000001e-06, 'epoch': 0.09}
  File "/workspace/master_thesis/master_thesis/open_source_models/ft_unsloth_gemma_3_12b.py", line 165, in <module>
    trainer_stats = trainer.train()
  File "/usr/local/lib/python3.10/dist-packages/transformers/trainer.py", line 2245, in train
    return inner_training_loop(
  File "<string>", line 315, in _fast_inner_training_loop
  File "<string>", line 77, in _unsloth_training_step
  File "/usr/local/lib/python3.10/dist-packages/accelerate/accelerator.py", line 2454, in backward
    loss.backward(**kwargs)
  File "/usr/local/lib/python3.10/dist-packages/torch/_tensor.py", line 626, in backward
    torch.autograd.backward(
  File "/usr/local/lib/python3.10/dist-packages/torch/autograd/__init__.py", line 347, in backward
    _engine_run_backward(
  File "/usr/local/lib/python3.10/dist-packages/torch/autograd/graph.py", line 823, in _engine_run_backward
    return Variable._execution_engine.run_backward(  # Calls into the C++ engine to run the backward pass
  File "/usr/local/lib/python3.10/dist-packages/torch/autograd/function.py", line 307, in apply
    return user_fn(self, *args)
  File "/usr/local/lib/python3.10/dist-packages/torch/utils/checkpoint.py", line 321, in backward
    torch.autograd.backward(outputs_with_grad, args_with_grad)
  File "/usr/local/lib/python3.10/dist-packages/torch/autograd/__init__.py", line 347, in backward
    _engine_run_backward(
  File "/usr/local/lib/python3.10/dist-packages/torch/autograd/graph.py", line 823, in _engine_run_backward
    return Variable._execution_engine.run_backward(  # Calls into the C++ engine to run the backward pass
torch.OutOfMemoryError: CUDA out of memory. Tried to allocate 10.50 GiB. GPU 2 has a total capacity of 39.39 GiB of which 6.40 GiB is free. Process 3608338 has 1.53 GiB memory in use. Process 3690212 has 31.44 GiB memory in use. Of the allocated memory 30.81 GiB is allocated by PyTorch, and 127.41 MiB is reserved by PyTorch but unallocated. If reserved but unallocated memory is large try setting PYTORCH_CUDA_ALLOC_CONF=expandable_segments:True to avoid fragmentation.  See documentation for Memory Management  (https://pytorch.org/docs/stable/notes/cuda.html#environment-variables)
Traceback (most recent call last):
  File "/workspace/master_thesis/master_thesis/open_source_models/ft_unsloth_gemma_3_12b.py", line 165, in <module>
    trainer_stats = trainer.train()
  File "/usr/local/lib/python3.10/dist-packages/transformers/trainer.py", line 2245, in train
    return inner_training_loop(
  File "<string>", line 315, in _fast_inner_training_loop
  File "<string>", line 77, in _unsloth_training_step
  File "/usr/local/lib/python3.10/dist-packages/accelerate/accelerator.py", line 2454, in backward
    loss.backward(**kwargs)
  File "/usr/local/lib/python3.10/dist-packages/torch/_tensor.py", line 626, in backward
    torch.autograd.backward(
  File "/usr/local/lib/python3.10/dist-packages/torch/autograd/__init__.py", line 347, in backward
    _engine_run_backward(
  File "/usr/local/lib/python3.10/dist-packages/torch/autograd/graph.py", line 823, in _engine_run_backward
    return Variable._execution_engine.run_backward(  # Calls into the C++ engine to run the backward pass
  File "/usr/local/lib/python3.10/dist-packages/torch/autograd/function.py", line 307, in apply
    return user_fn(self, *args)
  File "/usr/local/lib/python3.10/dist-packages/torch/utils/checkpoint.py", line 321, in backward
    torch.autograd.backward(outputs_with_grad, args_with_grad)
  File "/usr/local/lib/python3.10/dist-packages/torch/autograd/__init__.py", line 347, in backward
    _engine_run_backward(
  File "/usr/local/lib/python3.10/dist-packages/torch/autograd/graph.py", line 823, in _engine_run_backward
    return Variable._execution_engine.run_backward(  # Calls into the C++ engine to run the backward pass
torch.OutOfMemoryError: CUDA out of memory. Tried to allocate 10.50 GiB. GPU 2 has a total capacity of 39.39 GiB of which 6.40 GiB is free. Process 3608338 has 1.53 GiB memory in use. Process 3690212 has 31.44 GiB memory in use. Of the allocated memory 30.81 GiB is allocated by PyTorch, and 127.41 MiB is reserved by PyTorch but unallocated. If reserved but unallocated memory is large try setting PYTORCH_CUDA_ALLOC_CONF=expandable_segments:True to avoid fragmentation.  See documentation for Memory Management  (https://pytorch.org/docs/stable/notes/cuda.html#environment-variables)
