Starting training....
==((====))==  Unsloth - 2x faster free finetuning | Num GPUs used = 3
   \\   /|    Num examples = 186 | Num Epochs = 10 | Total steps = 460
O^O/ \_/ \    Batch size per device = 1 | Gradient accumulation steps = 4
\        /    Data Parallel GPUs = 1 | Total batch size (1 x 4 x 1) = 4
 "-____-"     Trainable parameters = 24,313,856/3,000,000,000 (0.81% trained)
  2%|██▋                                                                                                                           | 10/460 [01:11<45:04,  6.01s/it]Unsloth: Not an error, but LlamaForCausalLM does not accept `num_items_in_batch`.
Unsloth: Will smartly offload gradients to save VRAM!
{'loss': 0.2435, 'grad_norm': 0.21861974895000458, 'learning_rate': 0.0, 'epoch': 0.02}
{'loss': 0.2302, 'grad_norm': 0.2835455536842346, 'learning_rate': 4.000000000000001e-06, 'epoch': 0.04}
{'loss': 0.1839, 'grad_norm': 0.25225532054901123, 'learning_rate': 8.000000000000001e-06, 'epoch': 0.06}
{'loss': 0.2222, 'grad_norm': 0.23018598556518555, 'learning_rate': 1.2e-05, 'epoch': 0.09}
{'loss': 0.2224, 'grad_norm': 0.28946104645729065, 'learning_rate': 1.6000000000000003e-05, 'epoch': 0.11}
{'loss': 1.9053, 'grad_norm': 1.2565932273864746, 'learning_rate': 2e-05, 'epoch': 0.13}
{'loss': 0.2472, 'grad_norm': 0.3025381863117218, 'learning_rate': 1.9956043956043957e-05, 'epoch': 0.15}
{'loss': 1.8973, 'grad_norm': 1.5342161655426025, 'learning_rate': 1.9912087912087913e-05, 'epoch': 0.17}
{'loss': 1.4552, 'grad_norm': 2.207578659057617, 'learning_rate': 1.986813186813187e-05, 'epoch': 0.19}
{'loss': 0.2091, 'grad_norm': 0.2837636172771454, 'learning_rate': 1.9824175824175825e-05, 'epoch': 0.22}
Using gradient accumulation will be very slightly less accurate.
Read more on gradient accumulation issues here: https://unsloth.ai/blog/gradient
                                                                                                                                                                    
                                                                                                                                                                    
{'eval_loss': 0.9993124008178711, 'eval_runtime': 19.0566, 'eval_samples_per_second': 1.732, 'eval_steps_per_second': 1.732, 'epoch': 0.22}
{'loss': 1.1025, 'grad_norm': 1.4587697982788086, 'learning_rate': 1.9780219780219784e-05, 'epoch': 0.24}
{'loss': 0.2138, 'grad_norm': 0.28764697909355164, 'learning_rate': 1.973626373626374e-05, 'epoch': 0.26}
{'loss': 0.2038, 'grad_norm': 0.29601985216140747, 'learning_rate': 1.9692307692307696e-05, 'epoch': 0.28}
{'loss': 0.1982, 'grad_norm': 0.2805591821670532, 'learning_rate': 1.9648351648351648e-05, 'epoch': 0.3}
{'loss': 0.1935, 'grad_norm': 0.2710936963558197, 'learning_rate': 1.9604395604395604e-05, 'epoch': 0.32}
{'loss': 0.2022, 'grad_norm': 0.24682167172431946, 'learning_rate': 1.9560439560439563e-05, 'epoch': 0.34}
{'loss': 0.4712, 'grad_norm': 0.993404746055603, 'learning_rate': 1.951648351648352e-05, 'epoch': 0.37}
{'loss': 1.2163, 'grad_norm': 2.0166709423065186, 'learning_rate': 1.9472527472527475e-05, 'epoch': 0.39}
{'loss': 0.1619, 'grad_norm': 0.2675584554672241, 'learning_rate': 1.942857142857143e-05, 'epoch': 0.41}
{'loss': 0.1726, 'grad_norm': 0.23041364550590515, 'learning_rate': 1.9384615384615386e-05, 'epoch': 0.43}
{'eval_loss': 0.932307243347168, 'eval_runtime': 19.8276, 'eval_samples_per_second': 1.664, 'eval_steps_per_second': 1.664, 'epoch': 0.43}
{'loss': 2.2884, 'grad_norm': 3.03576922416687, 'learning_rate': 1.9340659340659342e-05, 'epoch': 0.45}
{'loss': 0.1727, 'grad_norm': 0.24690130352973938, 'learning_rate': 1.9296703296703298e-05, 'epoch': 0.47}
{'loss': 0.1509, 'grad_norm': 0.23352399468421936, 'learning_rate': 1.9252747252747254e-05, 'epoch': 0.49}
{'loss': 0.1784, 'grad_norm': 0.21245399117469788, 'learning_rate': 1.920879120879121e-05, 'epoch': 0.52}
{'loss': 0.1811, 'grad_norm': 0.2336014062166214, 'learning_rate': 1.916483516483517e-05, 'epoch': 0.54}
{'loss': 0.1641, 'grad_norm': 0.24763613939285278, 'learning_rate': 1.9120879120879124e-05, 'epoch': 0.56}
{'loss': 0.1912, 'grad_norm': 0.21457122266292572, 'learning_rate': 1.907692307692308e-05, 'epoch': 0.58}
{'loss': 0.1776, 'grad_norm': 0.221620112657547, 'learning_rate': 1.9032967032967033e-05, 'epoch': 0.6}
{'loss': 0.2479, 'grad_norm': 0.5930547118186951, 'learning_rate': 1.8989010989010988e-05, 'epoch': 0.62}
{'loss': 0.26, 'grad_norm': 0.7395643591880798, 'learning_rate': 1.8945054945054947e-05, 'epoch': 0.65}
{'eval_loss': 0.8393145799636841, 'eval_runtime': 18.2358, 'eval_samples_per_second': 1.81, 'eval_steps_per_second': 1.81, 'epoch': 0.65}
{'loss': 1.3836, 'grad_norm': 3.132957935333252, 'learning_rate': 1.8901098901098903e-05, 'epoch': 0.67}
{'loss': 0.1549, 'grad_norm': 0.21885421872138977, 'learning_rate': 1.885714285714286e-05, 'epoch': 0.69}
{'loss': 0.1704, 'grad_norm': 0.21489156782627106, 'learning_rate': 1.8813186813186815e-05, 'epoch': 0.71}
{'loss': 0.1857, 'grad_norm': 0.2258947789669037, 'learning_rate': 1.876923076923077e-05, 'epoch': 0.73}
{'loss': 1.3913, 'grad_norm': 3.0940322875976562, 'learning_rate': 1.8725274725274726e-05, 'epoch': 0.75}
{'loss': 0.1462, 'grad_norm': 0.24163661897182465, 'learning_rate': 1.8681318681318682e-05, 'epoch': 0.77}
{'loss': 0.1434, 'grad_norm': 0.22210557758808136, 'learning_rate': 1.8637362637362638e-05, 'epoch': 0.8}
{'loss': 0.1191, 'grad_norm': 0.219674214720726, 'learning_rate': 1.8593406593406594e-05, 'epoch': 0.82}
{'loss': 0.1282, 'grad_norm': 0.21147005259990692, 'learning_rate': 1.8549450549450553e-05, 'epoch': 0.84}
{'loss': 0.1225, 'grad_norm': 0.2184072732925415, 'learning_rate': 1.850549450549451e-05, 'epoch': 0.86}
{'eval_loss': 0.7355337738990784, 'eval_runtime': 19.1335, 'eval_samples_per_second': 1.725, 'eval_steps_per_second': 1.725, 'epoch': 0.86}
{'loss': 0.1253, 'grad_norm': 0.2191883772611618, 'learning_rate': 1.8461538461538465e-05, 'epoch': 0.88}
{'loss': 2.8667, 'grad_norm': 4.266060829162598, 'learning_rate': 1.8417582417582417e-05, 'epoch': 0.9}
{'loss': 0.8685, 'grad_norm': 1.8620989322662354, 'learning_rate': 1.8373626373626373e-05, 'epoch': 0.92}
{'loss': 0.1246, 'grad_norm': 0.23014669120311737, 'learning_rate': 1.8329670329670332e-05, 'epoch': 0.95}
{'loss': 0.1347, 'grad_norm': 0.21966874599456787, 'learning_rate': 1.8285714285714288e-05, 'epoch': 0.97}
{'loss': 0.2569, 'grad_norm': 1.1424894332885742, 'learning_rate': 1.8241758241758244e-05, 'epoch': 0.99}
{'loss': 0.1395, 'grad_norm': 0.27471816539764404, 'learning_rate': 1.81978021978022e-05, 'epoch': 1.0}
{'loss': 0.1062, 'grad_norm': 0.22519280016422272, 'learning_rate': 1.8153846153846155e-05, 'epoch': 1.02}
{'loss': 0.1157, 'grad_norm': 0.19007796049118042, 'learning_rate': 1.810989010989011e-05, 'epoch': 1.04}
{'loss': 0.1085, 'grad_norm': 0.20620033144950867, 'learning_rate': 1.8065934065934067e-05, 'epoch': 1.06}
{'eval_loss': 0.6507578492164612, 'eval_runtime': 20.3408, 'eval_samples_per_second': 1.622, 'eval_steps_per_second': 1.622, 'epoch': 1.06}
{'loss': 0.0884, 'grad_norm': 0.1988302767276764, 'learning_rate': 1.8021978021978023e-05, 'epoch': 1.09}
{'loss': 0.7719, 'grad_norm': 1.4610097408294678, 'learning_rate': 1.797802197802198e-05, 'epoch': 1.11}
{'loss': 0.1084, 'grad_norm': 0.20942379534244537, 'learning_rate': 1.7934065934065938e-05, 'epoch': 1.13}
{'loss': 0.9133, 'grad_norm': 1.5281254053115845, 'learning_rate': 1.7890109890109893e-05, 'epoch': 1.15}
{'loss': 0.1152, 'grad_norm': 0.195688396692276, 'learning_rate': 1.784615384615385e-05, 'epoch': 1.17}
{'loss': 0.1248, 'grad_norm': 0.21112890541553497, 'learning_rate': 1.78021978021978e-05, 'epoch': 1.19}
{'loss': 1.669, 'grad_norm': 2.905095338821411, 'learning_rate': 1.7758241758241757e-05, 'epoch': 1.22}
{'loss': 0.1225, 'grad_norm': 0.19301117956638336, 'learning_rate': 1.7714285714285717e-05, 'epoch': 1.24}
{'loss': 1.0426, 'grad_norm': 2.653567314147949, 'learning_rate': 1.7670329670329672e-05, 'epoch': 1.26}
{'loss': 0.0822, 'grad_norm': 0.1817331314086914, 'learning_rate': 1.7626373626373628e-05, 'epoch': 1.28}
{'eval_loss': 0.5614368319511414, 'eval_runtime': 20.0082, 'eval_samples_per_second': 1.649, 'eval_steps_per_second': 1.649, 'epoch': 1.28}
{'loss': 0.1834, 'grad_norm': 0.7401878237724304, 'learning_rate': 1.7582417582417584e-05, 'epoch': 1.3}
{'loss': 0.1227, 'grad_norm': 0.39862069487571716, 'learning_rate': 1.753846153846154e-05, 'epoch': 1.32}
{'loss': 0.1117, 'grad_norm': 0.17952504754066467, 'learning_rate': 1.7494505494505495e-05, 'epoch': 1.34}
{'loss': 0.0696, 'grad_norm': 0.1559368520975113, 'learning_rate': 1.745054945054945e-05, 'epoch': 1.37}
{'loss': 0.9002, 'grad_norm': 1.29435133934021, 'learning_rate': 1.7406593406593407e-05, 'epoch': 1.39}
{'loss': 0.8599, 'grad_norm': 1.2601655721664429, 'learning_rate': 1.7362637362637363e-05, 'epoch': 1.41}
{'loss': 0.0542, 'grad_norm': 0.1692049503326416, 'learning_rate': 1.7318681318681322e-05, 'epoch': 1.43}
{'loss': 0.0671, 'grad_norm': 0.16242966055870056, 'learning_rate': 1.7274725274725278e-05, 'epoch': 1.45}
{'loss': 0.0912, 'grad_norm': 0.19845446944236755, 'learning_rate': 1.7230769230769234e-05, 'epoch': 1.47}
{'loss': 0.0829, 'grad_norm': 0.185642272233963, 'learning_rate': 1.7186813186813186e-05, 'epoch': 1.49}
{'eval_loss': 0.46903812885284424, 'eval_runtime': 19.1047, 'eval_samples_per_second': 1.727, 'eval_steps_per_second': 1.727, 'epoch': 1.49}
{'loss': 0.0872, 'grad_norm': 0.18545617163181305, 'learning_rate': 1.7142857142857142e-05, 'epoch': 1.52}
{'loss': 0.0479, 'grad_norm': 0.21229419112205505, 'learning_rate': 1.70989010989011e-05, 'epoch': 1.54}
{'loss': 0.1402, 'grad_norm': 0.19627708196640015, 'learning_rate': 1.7054945054945057e-05, 'epoch': 1.56}
{'loss': 0.3193, 'grad_norm': 2.4862451553344727, 'learning_rate': 1.7010989010989013e-05, 'epoch': 1.58}
{'loss': 0.1921, 'grad_norm': 1.955422043800354, 'learning_rate': 1.696703296703297e-05, 'epoch': 1.6}
{'loss': 0.0428, 'grad_norm': 0.17119576036930084, 'learning_rate': 1.6923076923076924e-05, 'epoch': 1.62}
{'loss': 0.6818, 'grad_norm': 1.375622034072876, 'learning_rate': 1.687912087912088e-05, 'epoch': 1.65}
{'loss': 0.6811, 'grad_norm': 1.6715689897537231, 'learning_rate': 1.6835164835164836e-05, 'epoch': 1.67}
{'loss': 0.0638, 'grad_norm': 0.22264105081558228, 'learning_rate': 1.679120879120879e-05, 'epoch': 1.69}
{'loss': 0.0553, 'grad_norm': 0.14041297137737274, 'learning_rate': 1.674725274725275e-05, 'epoch': 1.71}
{'eval_loss': 0.38982677459716797, 'eval_runtime': 19.0025, 'eval_samples_per_second': 1.737, 'eval_steps_per_second': 1.737, 'epoch': 1.71}
{'loss': 0.0463, 'grad_norm': 0.15999653935432434, 'learning_rate': 1.6703296703296707e-05, 'epoch': 1.73}
{'loss': 0.0648, 'grad_norm': 0.1835266798734665, 'learning_rate': 1.6659340659340662e-05, 'epoch': 1.75}
{'loss': 0.782, 'grad_norm': 1.2734789848327637, 'learning_rate': 1.6615384615384618e-05, 'epoch': 1.77}
{'loss': 0.0733, 'grad_norm': 0.2395908087491989, 'learning_rate': 1.6571428571428574e-05, 'epoch': 1.8}
{'loss': 0.0604, 'grad_norm': 0.17853203415870667, 'learning_rate': 1.6527472527472526e-05, 'epoch': 1.82}
{'loss': 0.0568, 'grad_norm': 0.16523873805999756, 'learning_rate': 1.6483516483516486e-05, 'epoch': 1.84}
{'loss': 0.0522, 'grad_norm': 0.1739407777786255, 'learning_rate': 1.643956043956044e-05, 'epoch': 1.86}
{'loss': 0.0893, 'grad_norm': 0.23833121359348297, 'learning_rate': 1.6395604395604397e-05, 'epoch': 1.88}
{'loss': 0.0856, 'grad_norm': 0.21595431864261627, 'learning_rate': 1.6351648351648353e-05, 'epoch': 1.9}
{'loss': 0.1162, 'grad_norm': 0.22167959809303284, 'learning_rate': 1.630769230769231e-05, 'epoch': 1.92}
{'eval_loss': 0.33050110936164856, 'eval_runtime': 19.393, 'eval_samples_per_second': 1.702, 'eval_steps_per_second': 1.702, 'epoch': 1.92}
{'loss': 0.2627, 'grad_norm': 2.3705666065216064, 'learning_rate': 1.6263736263736265e-05, 'epoch': 1.95}
{'loss': 0.0629, 'grad_norm': 0.23034560680389404, 'learning_rate': 1.621978021978022e-05, 'epoch': 1.97}
{'loss': 0.0439, 'grad_norm': 0.20715700089931488, 'learning_rate': 1.6175824175824176e-05, 'epoch': 1.99}
{'loss': 0.0849, 'grad_norm': 0.29811039566993713, 'learning_rate': 1.6131868131868135e-05, 'epoch': 2.0}
{'loss': 0.674, 'grad_norm': 1.5299792289733887, 'learning_rate': 1.608791208791209e-05, 'epoch': 2.02}
{'loss': 0.0568, 'grad_norm': 0.13728933036327362, 'learning_rate': 1.6043956043956047e-05, 'epoch': 2.04}
{'loss': 0.0646, 'grad_norm': 0.19555774331092834, 'learning_rate': 1.6000000000000003e-05, 'epoch': 2.06}
{'loss': 0.5203, 'grad_norm': 1.9434603452682495, 'learning_rate': 1.595604395604396e-05, 'epoch': 2.09}
{'loss': 0.0511, 'grad_norm': 0.2054256796836853, 'learning_rate': 1.591208791208791e-05, 'epoch': 2.11}
{'loss': 0.0567, 'grad_norm': 0.15465570986270905, 'learning_rate': 1.586813186813187e-05, 'epoch': 2.13}
{'eval_loss': 0.28260117769241333, 'eval_runtime': 19.6697, 'eval_samples_per_second': 1.678, 'eval_steps_per_second': 1.678, 'epoch': 2.13}
{'loss': 0.0715, 'grad_norm': 0.16923508048057556, 'learning_rate': 1.5824175824175826e-05, 'epoch': 2.15}
{'loss': 0.2107, 'grad_norm': 2.05411958694458, 'learning_rate': 1.578021978021978e-05, 'epoch': 2.17}
{'loss': 0.072, 'grad_norm': 0.13263101875782013, 'learning_rate': 1.5736263736263737e-05, 'epoch': 2.19}
{'loss': 0.1153, 'grad_norm': 0.24581921100616455, 'learning_rate': 1.5692307692307693e-05, 'epoch': 2.22}
{'loss': 0.0542, 'grad_norm': 0.18045252561569214, 'learning_rate': 1.564835164835165e-05, 'epoch': 2.24}
{'loss': 0.064, 'grad_norm': 0.16034793853759766, 'learning_rate': 1.5604395604395605e-05, 'epoch': 2.26}
{'loss': 0.0673, 'grad_norm': 0.17896094918251038, 'learning_rate': 1.556043956043956e-05, 'epoch': 2.28}
{'loss': 0.0509, 'grad_norm': 0.17405569553375244, 'learning_rate': 1.551648351648352e-05, 'epoch': 2.3}
{'loss': 0.0514, 'grad_norm': 0.17631354928016663, 'learning_rate': 1.5472527472527476e-05, 'epoch': 2.32}
{'loss': 0.2881, 'grad_norm': 1.587011694908142, 'learning_rate': 1.542857142857143e-05, 'epoch': 2.34}
{'eval_loss': 0.25254201889038086, 'eval_runtime': 19.6022, 'eval_samples_per_second': 1.683, 'eval_steps_per_second': 1.683, 'epoch': 2.34}
{'loss': 0.3047, 'grad_norm': 1.852428674697876, 'learning_rate': 1.5384615384615387e-05, 'epoch': 2.37}
{'loss': 0.0764, 'grad_norm': 0.31007903814315796, 'learning_rate': 1.5340659340659343e-05, 'epoch': 2.39}
{'loss': 0.0669, 'grad_norm': 0.16605506837368011, 'learning_rate': 1.5296703296703295e-05, 'epoch': 2.41}
{'loss': 1.3197, 'grad_norm': 3.584031105041504, 'learning_rate': 1.5252747252747253e-05, 'epoch': 2.43}
{'loss': 0.0768, 'grad_norm': 0.1894073188304901, 'learning_rate': 1.5208791208791209e-05, 'epoch': 2.45}
{'loss': 0.0615, 'grad_norm': 0.17018909752368927, 'learning_rate': 1.5164835164835166e-05, 'epoch': 2.47}
{'loss': 0.0756, 'grad_norm': 0.17152176797389984, 'learning_rate': 1.5120879120879122e-05, 'epoch': 2.49}
{'loss': 0.0817, 'grad_norm': 0.21346482634544373, 'learning_rate': 1.5076923076923078e-05, 'epoch': 2.52}
{'loss': 0.0416, 'grad_norm': 0.15187881886959076, 'learning_rate': 1.5032967032967034e-05, 'epoch': 2.54}
{'loss': 0.0569, 'grad_norm': 0.2209421992301941, 'learning_rate': 1.4989010989010991e-05, 'epoch': 2.56}
{'eval_loss': 0.21791262924671173, 'eval_runtime': 18.9584, 'eval_samples_per_second': 1.741, 'eval_steps_per_second': 1.741, 'epoch': 2.56}
{'loss': 0.0524, 'grad_norm': 0.23309466242790222, 'learning_rate': 1.4945054945054947e-05, 'epoch': 2.58}
{'loss': 0.0384, 'grad_norm': 0.1652652770280838, 'learning_rate': 1.4901098901098903e-05, 'epoch': 2.6}
{'loss': 0.0491, 'grad_norm': 0.1652357131242752, 'learning_rate': 1.4857142857142858e-05, 'epoch': 2.62}
{'loss': 0.0638, 'grad_norm': 0.2885182499885559, 'learning_rate': 1.4813186813186816e-05, 'epoch': 2.65}
{'loss': 0.0459, 'grad_norm': 0.21104544401168823, 'learning_rate': 1.4769230769230772e-05, 'epoch': 2.67}
{'loss': 0.0426, 'grad_norm': 0.16189086437225342, 'learning_rate': 1.4725274725274727e-05, 'epoch': 2.69}
{'loss': 0.0433, 'grad_norm': 0.15084847807884216, 'learning_rate': 1.4681318681318682e-05, 'epoch': 2.71}
{'loss': 0.0708, 'grad_norm': 0.2635391652584076, 'learning_rate': 1.4637362637362637e-05, 'epoch': 2.73}
{'loss': 0.3409, 'grad_norm': 1.9037779569625854, 'learning_rate': 1.4593406593406593e-05, 'epoch': 2.75}
{'loss': 0.039, 'grad_norm': 0.2012241929769516, 'learning_rate': 1.454945054945055e-05, 'epoch': 2.77}
{'eval_loss': 0.20394444465637207, 'eval_runtime': 19.0548, 'eval_samples_per_second': 1.732, 'eval_steps_per_second': 1.732, 'epoch': 2.77}
{'loss': 0.0937, 'grad_norm': 0.2164766639471054, 'learning_rate': 1.4505494505494506e-05, 'epoch': 2.8}
{'loss': 0.0604, 'grad_norm': 0.221040278673172, 'learning_rate': 1.4461538461538462e-05, 'epoch': 2.82}
{'loss': 0.0501, 'grad_norm': 0.18226374685764313, 'learning_rate': 1.4417582417582418e-05, 'epoch': 2.84}
{'loss': 0.2416, 'grad_norm': 1.3143916130065918, 'learning_rate': 1.4373626373626376e-05, 'epoch': 2.86}
{'loss': 0.0725, 'grad_norm': 0.21184886991977692, 'learning_rate': 1.4329670329670331e-05, 'epoch': 2.88}
{'loss': 0.0325, 'grad_norm': 0.17748253047466278, 'learning_rate': 1.4285714285714287e-05, 'epoch': 2.9}
{'loss': 0.0349, 'grad_norm': 0.149078831076622, 'learning_rate': 1.4241758241758243e-05, 'epoch': 2.92}
{'loss': 0.0612, 'grad_norm': 0.1855621188879013, 'learning_rate': 1.41978021978022e-05, 'epoch': 2.95}
{'loss': 0.0814, 'grad_norm': 0.5768003463745117, 'learning_rate': 1.4153846153846156e-05, 'epoch': 2.97}
{'loss': 0.0271, 'grad_norm': 0.16401562094688416, 'learning_rate': 1.4109890109890112e-05, 'epoch': 2.99}
{'eval_loss': 0.19160465896129608, 'eval_runtime': 18.927, 'eval_samples_per_second': 1.744, 'eval_steps_per_second': 1.744, 'epoch': 2.99}
{'loss': 0.0605, 'grad_norm': 0.4401211738586426, 'learning_rate': 1.4065934065934068e-05, 'epoch': 3.0}
{'loss': 0.0336, 'grad_norm': 0.12292442470788956, 'learning_rate': 1.4021978021978022e-05, 'epoch': 3.02}
{'loss': 0.2463, 'grad_norm': 1.1892950534820557, 'learning_rate': 1.3978021978021978e-05, 'epoch': 3.04}
{'loss': 0.0837, 'grad_norm': 0.29483726620674133, 'learning_rate': 1.3934065934065935e-05, 'epoch': 3.06}
{'loss': 0.1515, 'grad_norm': 0.9164223074913025, 'learning_rate': 1.3890109890109891e-05, 'epoch': 3.09}
{'loss': 0.7603, 'grad_norm': 1.4875054359436035, 'learning_rate': 1.3846153846153847e-05, 'epoch': 3.11}
{'loss': 0.0535, 'grad_norm': 0.19533894956111908, 'learning_rate': 1.3802197802197803e-05, 'epoch': 3.13}
{'loss': 0.0623, 'grad_norm': 0.19367407262325287, 'learning_rate': 1.375824175824176e-05, 'epoch': 3.15}
{'loss': 0.0392, 'grad_norm': 0.1477862298488617, 'learning_rate': 1.3714285714285716e-05, 'epoch': 3.17}
{'loss': 0.0671, 'grad_norm': 0.13866636157035828, 'learning_rate': 1.3670329670329672e-05, 'epoch': 3.19}
{'eval_loss': 0.17506437003612518, 'eval_runtime': 19.852, 'eval_samples_per_second': 1.662, 'eval_steps_per_second': 1.662, 'epoch': 3.19}
{'loss': 0.0508, 'grad_norm': 0.1896374523639679, 'learning_rate': 1.3626373626373627e-05, 'epoch': 3.22}
{'loss': 0.0684, 'grad_norm': 0.1882166862487793, 'learning_rate': 1.3582417582417585e-05, 'epoch': 3.24}
{'loss': 0.0311, 'grad_norm': 0.12228313833475113, 'learning_rate': 1.353846153846154e-05, 'epoch': 3.26}
{'loss': 0.0296, 'grad_norm': 0.16138453781604767, 'learning_rate': 1.3494505494505497e-05, 'epoch': 3.28}
{'loss': 0.0393, 'grad_norm': 0.21088357269763947, 'learning_rate': 1.3450549450549452e-05, 'epoch': 3.3}
{'loss': 0.0405, 'grad_norm': 0.14239293336868286, 'learning_rate': 1.3406593406593406e-05, 'epoch': 3.32}
{'loss': 0.0846, 'grad_norm': 0.3363533318042755, 'learning_rate': 1.3362637362637362e-05, 'epoch': 3.34}
{'loss': 0.0727, 'grad_norm': 0.21784070134162903, 'learning_rate': 1.331868131868132e-05, 'epoch': 3.37}
{'loss': 0.2232, 'grad_norm': 1.2589871883392334, 'learning_rate': 1.3274725274725275e-05, 'epoch': 3.39}
{'loss': 0.3311, 'grad_norm': 1.5605818033218384, 'learning_rate': 1.3230769230769231e-05, 'epoch': 3.41}
{'eval_loss': 0.16497884690761566, 'eval_runtime': 19.4298, 'eval_samples_per_second': 1.698, 'eval_steps_per_second': 1.698, 'epoch': 3.41}
{'loss': 0.0454, 'grad_norm': 0.16094252467155457, 'learning_rate': 1.3186813186813187e-05, 'epoch': 3.43}
{'loss': 0.0297, 'grad_norm': 0.16399948298931122, 'learning_rate': 1.3142857142857145e-05, 'epoch': 3.45}
{'loss': 0.0422, 'grad_norm': 0.1598203033208847, 'learning_rate': 1.30989010989011e-05, 'epoch': 3.47}
{'loss': 0.0865, 'grad_norm': 0.18162786960601807, 'learning_rate': 1.3054945054945056e-05, 'epoch': 3.49}
{'loss': 0.0398, 'grad_norm': 0.1698378473520279, 'learning_rate': 1.3010989010989012e-05, 'epoch': 3.52}
{'loss': 0.0528, 'grad_norm': 0.16646091639995575, 'learning_rate': 1.296703296703297e-05, 'epoch': 3.54}
{'loss': 0.0202, 'grad_norm': 0.1354241669178009, 'learning_rate': 1.2923076923076925e-05, 'epoch': 3.56}
{'loss': 0.0659, 'grad_norm': 0.1948092132806778, 'learning_rate': 1.2879120879120881e-05, 'epoch': 3.58}
{'loss': 0.0481, 'grad_norm': 0.2178184688091278, 'learning_rate': 1.2835164835164837e-05, 'epoch': 3.6}
{'loss': 0.0306, 'grad_norm': 0.1724703311920166, 'learning_rate': 1.2791208791208791e-05, 'epoch': 3.62}
{'eval_loss': 0.15652284026145935, 'eval_runtime': 19.8869, 'eval_samples_per_second': 1.659, 'eval_steps_per_second': 1.659, 'epoch': 3.62}
{'loss': 0.0298, 'grad_norm': 0.1560811996459961, 'learning_rate': 1.2747252747252747e-05, 'epoch': 3.65}
{'loss': 0.0626, 'grad_norm': 0.1878032237291336, 'learning_rate': 1.2703296703296704e-05, 'epoch': 3.67}
{'loss': 0.1222, 'grad_norm': 0.6624352931976318, 'learning_rate': 1.265934065934066e-05, 'epoch': 3.69}
{'loss': 0.0572, 'grad_norm': 0.12180085480213165, 'learning_rate': 1.2615384615384616e-05, 'epoch': 3.71}
{'loss': 0.0606, 'grad_norm': 0.372956782579422, 'learning_rate': 1.2571428571428572e-05, 'epoch': 3.73}
{'loss': 0.0392, 'grad_norm': 0.22643840312957764, 'learning_rate': 1.2527472527472529e-05, 'epoch': 3.75}
{'loss': 0.0408, 'grad_norm': 0.200461283326149, 'learning_rate': 1.2483516483516485e-05, 'epoch': 3.77}
{'loss': 0.0615, 'grad_norm': 0.2557491660118103, 'learning_rate': 1.243956043956044e-05, 'epoch': 3.8}
{'loss': 0.2242, 'grad_norm': 1.353452205657959, 'learning_rate': 1.2395604395604396e-05, 'epoch': 3.82}
{'loss': 0.0489, 'grad_norm': 0.197692409157753, 'learning_rate': 1.2351648351648354e-05, 'epoch': 3.84}
{'eval_loss': 0.14932240545749664, 'eval_runtime': 19.9045, 'eval_samples_per_second': 1.658, 'eval_steps_per_second': 1.658, 'epoch': 3.84}
{'loss': 0.0407, 'grad_norm': 0.25333425402641296, 'learning_rate': 1.230769230769231e-05, 'epoch': 3.86}
{'loss': 0.029, 'grad_norm': 0.12076004594564438, 'learning_rate': 1.2263736263736266e-05, 'epoch': 3.88}
{'loss': 0.0563, 'grad_norm': 0.16348686814308167, 'learning_rate': 1.2219780219780221e-05, 'epoch': 3.9}
{'loss': 0.0516, 'grad_norm': 0.2031838446855545, 'learning_rate': 1.2175824175824175e-05, 'epoch': 3.92}
{'loss': 0.0248, 'grad_norm': 0.23575174808502197, 'learning_rate': 1.2131868131868131e-05, 'epoch': 3.95}
{'loss': 0.1044, 'grad_norm': 0.7721635103225708, 'learning_rate': 1.2087912087912089e-05, 'epoch': 3.97}
{'loss': 0.0643, 'grad_norm': 0.25673604011535645, 'learning_rate': 1.2043956043956045e-05, 'epoch': 3.99}
{'loss': 0.0204, 'grad_norm': 0.15904448926448822, 'learning_rate': 1.2e-05, 'epoch': 4.0}
{'loss': 0.0415, 'grad_norm': 0.18716312944889069, 'learning_rate': 1.1956043956043956e-05, 'epoch': 4.02}
{'loss': 0.0971, 'grad_norm': 0.6149054169654846, 'learning_rate': 1.1912087912087914e-05, 'epoch': 4.04}
{'eval_loss': 0.142338827252388, 'eval_runtime': 20.0624, 'eval_samples_per_second': 1.645, 'eval_steps_per_second': 1.645, 'epoch': 4.04}
{'loss': 0.0562, 'grad_norm': 0.18010544776916504, 'learning_rate': 1.186813186813187e-05, 'epoch': 4.06}
{'loss': 0.0986, 'grad_norm': 0.2486422061920166, 'learning_rate': 1.1824175824175825e-05, 'epoch': 4.09}
{'loss': 0.0353, 'grad_norm': 0.17246904969215393, 'learning_rate': 1.1780219780219781e-05, 'epoch': 4.11}
{'loss': 0.0546, 'grad_norm': 0.20401445031166077, 'learning_rate': 1.1736263736263738e-05, 'epoch': 4.13}
{'loss': 0.0537, 'grad_norm': 0.17936506867408752, 'learning_rate': 1.1692307692307694e-05, 'epoch': 4.15}
{'loss': 0.0406, 'grad_norm': 0.16382357478141785, 'learning_rate': 1.164835164835165e-05, 'epoch': 4.17}
{'loss': 0.0336, 'grad_norm': 0.17424143850803375, 'learning_rate': 1.1604395604395606e-05, 'epoch': 4.19}
{'loss': 0.0541, 'grad_norm': 0.2557256817817688, 'learning_rate': 1.156043956043956e-05, 'epoch': 4.22}
{'loss': 0.1524, 'grad_norm': 0.8909856677055359, 'learning_rate': 1.1516483516483516e-05, 'epoch': 4.24}
{'loss': 0.0488, 'grad_norm': 0.19765233993530273, 'learning_rate': 1.1472527472527473e-05, 'epoch': 4.26}
{'eval_loss': 0.13674743473529816, 'eval_runtime': 18.739, 'eval_samples_per_second': 1.761, 'eval_steps_per_second': 1.761, 'epoch': 4.26}
{'loss': 0.0558, 'grad_norm': 0.18070054054260254, 'learning_rate': 1.1428571428571429e-05, 'epoch': 4.28}
{'loss': 0.0243, 'grad_norm': 0.17388956248760223, 'learning_rate': 1.1384615384615385e-05, 'epoch': 4.3}
{'loss': 0.1126, 'grad_norm': 0.7916436791419983, 'learning_rate': 1.134065934065934e-05, 'epoch': 4.32}
{'loss': 0.0342, 'grad_norm': 0.1292169690132141, 'learning_rate': 1.1296703296703298e-05, 'epoch': 4.34}
{'loss': 0.0633, 'grad_norm': 0.15901459753513336, 'learning_rate': 1.1252747252747254e-05, 'epoch': 4.37}
{'loss': 0.0321, 'grad_norm': 0.15576550364494324, 'learning_rate': 1.120879120879121e-05, 'epoch': 4.39}
{'loss': 0.0766, 'grad_norm': 0.5015307068824768, 'learning_rate': 1.1164835164835165e-05, 'epoch': 4.41}
{'loss': 0.0621, 'grad_norm': 0.26061081886291504, 'learning_rate': 1.1120879120879123e-05, 'epoch': 4.43}
{'loss': 0.173, 'grad_norm': 1.1885204315185547, 'learning_rate': 1.1076923076923079e-05, 'epoch': 4.45}
{'loss': 0.0377, 'grad_norm': 0.21216654777526855, 'learning_rate': 1.1032967032967035e-05, 'epoch': 4.47}
{'eval_loss': 0.1316053420305252, 'eval_runtime': 18.6781, 'eval_samples_per_second': 1.767, 'eval_steps_per_second': 1.767, 'epoch': 4.47}
{'loss': 0.0346, 'grad_norm': 0.16752877831459045, 'learning_rate': 1.098901098901099e-05, 'epoch': 4.49}
{'loss': 0.0238, 'grad_norm': 0.17698132991790771, 'learning_rate': 1.0945054945054948e-05, 'epoch': 4.52}
{'loss': 0.0374, 'grad_norm': 0.18976391851902008, 'learning_rate': 1.09010989010989e-05, 'epoch': 4.54}
{'loss': 0.0595, 'grad_norm': 0.20459924638271332, 'learning_rate': 1.0857142857142858e-05, 'epoch': 4.56}
{'loss': 0.0276, 'grad_norm': 0.22380632162094116, 'learning_rate': 1.0813186813186814e-05, 'epoch': 4.58}
{'loss': 0.5295, 'grad_norm': 2.076561450958252, 'learning_rate': 1.076923076923077e-05, 'epoch': 4.6}
{'loss': 0.0449, 'grad_norm': 0.19530822336673737, 'learning_rate': 1.0725274725274725e-05, 'epoch': 4.62}
{'loss': 0.0351, 'grad_norm': 0.19028164446353912, 'learning_rate': 1.0681318681318683e-05, 'epoch': 4.65}
{'loss': 0.0251, 'grad_norm': 0.13813623785972595, 'learning_rate': 1.0637362637362638e-05, 'epoch': 4.67}
{'loss': 0.0537, 'grad_norm': 0.21692456305027008, 'learning_rate': 1.0593406593406594e-05, 'epoch': 4.69}
{'eval_loss': 0.12384079396724701, 'eval_runtime': 20.2572, 'eval_samples_per_second': 1.629, 'eval_steps_per_second': 1.629, 'epoch': 4.69}
{'loss': 0.0246, 'grad_norm': 0.12418719381093979, 'learning_rate': 1.054945054945055e-05, 'epoch': 4.71}
{'loss': 0.0373, 'grad_norm': 0.23895105719566345, 'learning_rate': 1.0505494505494507e-05, 'epoch': 4.73}
{'loss': 0.0443, 'grad_norm': 0.3323095142841339, 'learning_rate': 1.0461538461538463e-05, 'epoch': 4.75}
{'loss': 0.0376, 'grad_norm': 0.16496621072292328, 'learning_rate': 1.0417582417582419e-05, 'epoch': 4.77}
{'loss': 0.0519, 'grad_norm': 0.14366593956947327, 'learning_rate': 1.0373626373626375e-05, 'epoch': 4.8}
{'loss': 0.0391, 'grad_norm': 0.25431928038597107, 'learning_rate': 1.0329670329670332e-05, 'epoch': 4.82}
{'loss': 0.0726, 'grad_norm': 0.21526508033275604, 'learning_rate': 1.0285714285714285e-05, 'epoch': 4.84}
{'loss': 0.0452, 'grad_norm': 0.1290683150291443, 'learning_rate': 1.0241758241758242e-05, 'epoch': 4.86}
{'loss': 0.0314, 'grad_norm': 0.1268918812274933, 'learning_rate': 1.0197802197802198e-05, 'epoch': 4.88}
{'loss': 0.0441, 'grad_norm': 0.2473304122686386, 'learning_rate': 1.0153846153846154e-05, 'epoch': 4.9}
{'eval_loss': 0.11834541708230972, 'eval_runtime': 20.9086, 'eval_samples_per_second': 1.578, 'eval_steps_per_second': 1.578, 'epoch': 4.9}
{'loss': 0.0344, 'grad_norm': 0.15725794434547424, 'learning_rate': 1.010989010989011e-05, 'epoch': 4.92}
{'loss': 0.0599, 'grad_norm': 0.18707354366779327, 'learning_rate': 1.0065934065934067e-05, 'epoch': 4.95}
{'loss': 0.129, 'grad_norm': 0.8461719155311584, 'learning_rate': 1.0021978021978023e-05, 'epoch': 4.97}
{'loss': 0.0263, 'grad_norm': 0.1302216649055481, 'learning_rate': 9.978021978021979e-06, 'epoch': 4.99}
{'loss': 0.0457, 'grad_norm': 0.21738401055335999, 'learning_rate': 9.934065934065935e-06, 'epoch': 5.0}
{'loss': 0.0272, 'grad_norm': 0.1587056964635849, 'learning_rate': 9.890109890109892e-06, 'epoch': 5.02}
{'loss': 0.0286, 'grad_norm': 0.14560392498970032, 'learning_rate': 9.846153846153848e-06, 'epoch': 5.04}
{'loss': 0.0383, 'grad_norm': 0.17015936970710754, 'learning_rate': 9.802197802197802e-06, 'epoch': 5.06}
{'loss': 0.0683, 'grad_norm': 0.25693875551223755, 'learning_rate': 9.75824175824176e-06, 'epoch': 5.09}
{'loss': 0.0444, 'grad_norm': 0.20505663752555847, 'learning_rate': 9.714285714285715e-06, 'epoch': 5.11}
{'eval_loss': 0.11587229371070862, 'eval_runtime': 19.5589, 'eval_samples_per_second': 1.687, 'eval_steps_per_second': 1.687, 'epoch': 5.11}
{'loss': 0.0381, 'grad_norm': 0.1634063720703125, 'learning_rate': 9.670329670329671e-06, 'epoch': 5.13}
{'loss': 0.0565, 'grad_norm': 0.3328397870063782, 'learning_rate': 9.626373626373627e-06, 'epoch': 5.15}
{'loss': 0.0398, 'grad_norm': 0.18750262260437012, 'learning_rate': 9.582417582417584e-06, 'epoch': 5.17}
{'loss': 0.0136, 'grad_norm': 0.12474921345710754, 'learning_rate': 9.53846153846154e-06, 'epoch': 5.19}
{'loss': 0.0307, 'grad_norm': 0.15504208207130432, 'learning_rate': 9.494505494505494e-06, 'epoch': 5.22}
{'loss': 0.0731, 'grad_norm': 0.22590088844299316, 'learning_rate': 9.450549450549452e-06, 'epoch': 5.24}
{'loss': 0.0642, 'grad_norm': 0.5453168749809265, 'learning_rate': 9.406593406593407e-06, 'epoch': 5.26}
{'loss': 0.0514, 'grad_norm': 0.17720499634742737, 'learning_rate': 9.362637362637363e-06, 'epoch': 5.28}
{'loss': 0.0237, 'grad_norm': 0.15882237255573273, 'learning_rate': 9.318681318681319e-06, 'epoch': 5.3}
{'loss': 0.0443, 'grad_norm': 0.19097882509231567, 'learning_rate': 9.274725274725277e-06, 'epoch': 5.32}
{'eval_loss': 0.11436410248279572, 'eval_runtime': 19.998, 'eval_samples_per_second': 1.65, 'eval_steps_per_second': 1.65, 'epoch': 5.32}
{'loss': 0.0171, 'grad_norm': 0.14825159311294556, 'learning_rate': 9.230769230769232e-06, 'epoch': 5.34}
{'loss': 0.0267, 'grad_norm': 0.15825368463993073, 'learning_rate': 9.186813186813186e-06, 'epoch': 5.37}
{'loss': 0.0292, 'grad_norm': 0.13277725875377655, 'learning_rate': 9.142857142857144e-06, 'epoch': 5.39}
{'loss': 0.0404, 'grad_norm': 0.1709330677986145, 'learning_rate': 9.0989010989011e-06, 'epoch': 5.41}
{'loss': 0.071, 'grad_norm': 0.2584547996520996, 'learning_rate': 9.054945054945055e-06, 'epoch': 5.43}
{'loss': 0.0392, 'grad_norm': 0.24722346663475037, 'learning_rate': 9.010989010989011e-06, 'epoch': 5.45}
{'loss': 0.073, 'grad_norm': 0.17777837812900543, 'learning_rate': 8.967032967032969e-06, 'epoch': 5.47}
{'loss': 0.07, 'grad_norm': 0.46744054555892944, 'learning_rate': 8.923076923076925e-06, 'epoch': 5.49}
{'loss': 0.1158, 'grad_norm': 0.677570104598999, 'learning_rate': 8.879120879120879e-06, 'epoch': 5.52}
{'loss': 0.0358, 'grad_norm': 0.17527559399604797, 'learning_rate': 8.835164835164836e-06, 'epoch': 5.54}
{'eval_loss': 0.11340846866369247, 'eval_runtime': 19.3197, 'eval_samples_per_second': 1.708, 'eval_steps_per_second': 1.708, 'epoch': 5.54}
{'loss': 0.0486, 'grad_norm': 0.25036078691482544, 'learning_rate': 8.791208791208792e-06, 'epoch': 5.56}
{'loss': 0.0425, 'grad_norm': 0.1605217158794403, 'learning_rate': 8.747252747252748e-06, 'epoch': 5.58}
{'loss': 0.0572, 'grad_norm': 0.19419430196285248, 'learning_rate': 8.703296703296704e-06, 'epoch': 5.6}
{'loss': 0.1104, 'grad_norm': 0.8312307596206665, 'learning_rate': 8.659340659340661e-06, 'epoch': 5.62}
{'loss': 0.0635, 'grad_norm': 0.17298850417137146, 'learning_rate': 8.615384615384617e-06, 'epoch': 5.65}
{'loss': 0.0465, 'grad_norm': 0.18630239367485046, 'learning_rate': 8.571428571428571e-06, 'epoch': 5.67}
{'loss': 0.0579, 'grad_norm': 0.5819783806800842, 'learning_rate': 8.527472527472528e-06, 'epoch': 5.69}
{'loss': 0.0626, 'grad_norm': 0.20812702178955078, 'learning_rate': 8.483516483516484e-06, 'epoch': 5.71}
{'loss': 0.048, 'grad_norm': 0.18540780246257782, 'learning_rate': 8.43956043956044e-06, 'epoch': 5.73}
{'loss': 0.0218, 'grad_norm': 0.16325722634792328, 'learning_rate': 8.395604395604396e-06, 'epoch': 5.75}
{'eval_loss': 0.11118439584970474, 'eval_runtime': 18.8321, 'eval_samples_per_second': 1.752, 'eval_steps_per_second': 1.752, 'epoch': 5.75}
{'loss': 0.0391, 'grad_norm': 0.17247863113880157, 'learning_rate': 8.351648351648353e-06, 'epoch': 5.77}
{'loss': 0.0387, 'grad_norm': 0.16534599661827087, 'learning_rate': 8.307692307692309e-06, 'epoch': 5.8}
{'loss': 0.0323, 'grad_norm': 0.23107749223709106, 'learning_rate': 8.263736263736263e-06, 'epoch': 5.82}
{'loss': 0.017, 'grad_norm': 0.14762037992477417, 'learning_rate': 8.21978021978022e-06, 'epoch': 5.84}
{'loss': 0.0231, 'grad_norm': 0.196079820394516, 'learning_rate': 8.175824175824176e-06, 'epoch': 5.86}
{'loss': 0.0406, 'grad_norm': 0.1914193034172058, 'learning_rate': 8.131868131868132e-06, 'epoch': 5.88}
{'loss': 0.027, 'grad_norm': 0.1449073702096939, 'learning_rate': 8.087912087912088e-06, 'epoch': 5.9}
{'loss': 0.0506, 'grad_norm': 0.2086305171251297, 'learning_rate': 8.043956043956046e-06, 'epoch': 5.92}
{'loss': 0.4, 'grad_norm': 1.977344036102295, 'learning_rate': 8.000000000000001e-06, 'epoch': 5.95}
{'loss': 0.0397, 'grad_norm': 0.20831550657749176, 'learning_rate': 7.956043956043955e-06, 'epoch': 5.97}
{'eval_loss': 0.10850097984075546, 'eval_runtime': 20.2461, 'eval_samples_per_second': 1.63, 'eval_steps_per_second': 1.63, 'epoch': 5.97}
{'loss': 0.0374, 'grad_norm': 0.22187718749046326, 'learning_rate': 7.912087912087913e-06, 'epoch': 5.99}
{'loss': 0.0555, 'grad_norm': 1.0242159366607666, 'learning_rate': 7.868131868131869e-06, 'epoch': 6.0}
{'loss': 0.0287, 'grad_norm': 0.11107330769300461, 'learning_rate': 7.824175824175825e-06, 'epoch': 6.02}
{'loss': 0.0582, 'grad_norm': 0.47773030400276184, 'learning_rate': 7.78021978021978e-06, 'epoch': 6.04}
{'loss': 0.0225, 'grad_norm': 0.1487276256084442, 'learning_rate': 7.736263736263738e-06, 'epoch': 6.06}
{'loss': 0.0212, 'grad_norm': 0.11317060887813568, 'learning_rate': 7.692307692307694e-06, 'epoch': 6.09}
{'loss': 0.0612, 'grad_norm': 0.2697853147983551, 'learning_rate': 7.648351648351648e-06, 'epoch': 6.11}
{'loss': 0.0173, 'grad_norm': 0.1527416706085205, 'learning_rate': 7.604395604395604e-06, 'epoch': 6.13}
{'loss': 0.0422, 'grad_norm': 0.1767280101776123, 'learning_rate': 7.560439560439561e-06, 'epoch': 6.15}
{'loss': 0.0301, 'grad_norm': 0.16948364675045013, 'learning_rate': 7.516483516483517e-06, 'epoch': 6.17}
{'eval_loss': 0.10379979759454727, 'eval_runtime': 19.2552, 'eval_samples_per_second': 1.714, 'eval_steps_per_second': 1.714, 'epoch': 6.17}
{'loss': 0.0399, 'grad_norm': 0.23288381099700928, 'learning_rate': 7.472527472527473e-06, 'epoch': 6.19}
{'loss': 0.0402, 'grad_norm': 0.25997889041900635, 'learning_rate': 7.428571428571429e-06, 'epoch': 6.22}
{'loss': 0.033, 'grad_norm': 0.2155621498823166, 'learning_rate': 7.384615384615386e-06, 'epoch': 6.24}
{'loss': 0.0409, 'grad_norm': 0.1942475587129593, 'learning_rate': 7.340659340659341e-06, 'epoch': 6.26}
{'loss': 0.0717, 'grad_norm': 0.24035002291202545, 'learning_rate': 7.296703296703297e-06, 'epoch': 6.28}
{'loss': 0.074, 'grad_norm': 0.5494089722633362, 'learning_rate': 7.252747252747253e-06, 'epoch': 6.3}
{'loss': 0.0175, 'grad_norm': 0.15763144195079803, 'learning_rate': 7.208791208791209e-06, 'epoch': 6.32}
{'loss': 0.0824, 'grad_norm': 0.20348738133907318, 'learning_rate': 7.164835164835166e-06, 'epoch': 6.34}
{'loss': 0.0605, 'grad_norm': 0.34385883808135986, 'learning_rate': 7.1208791208791215e-06, 'epoch': 6.37}
{'loss': 0.0653, 'grad_norm': 0.20540474355220795, 'learning_rate': 7.076923076923078e-06, 'epoch': 6.39}
{'eval_loss': 0.10173318535089493, 'eval_runtime': 18.8742, 'eval_samples_per_second': 1.748, 'eval_steps_per_second': 1.748, 'epoch': 6.39}
{'loss': 0.3416, 'grad_norm': 1.5433359146118164, 'learning_rate': 7.032967032967034e-06, 'epoch': 6.41}
{'loss': 0.0331, 'grad_norm': 0.19124534726142883, 'learning_rate': 6.989010989010989e-06, 'epoch': 6.43}
{'loss': 0.0165, 'grad_norm': 0.14733348786830902, 'learning_rate': 6.9450549450549455e-06, 'epoch': 6.45}
{'loss': 0.0512, 'grad_norm': 0.27521035075187683, 'learning_rate': 6.901098901098901e-06, 'epoch': 6.47}
{'loss': 0.027, 'grad_norm': 0.17864498496055603, 'learning_rate': 6.857142857142858e-06, 'epoch': 6.49}
{'loss': 0.0555, 'grad_norm': 0.2008308619260788, 'learning_rate': 6.813186813186814e-06, 'epoch': 6.52}
{'loss': 0.0406, 'grad_norm': 0.16876113414764404, 'learning_rate': 6.76923076923077e-06, 'epoch': 6.54}
{'loss': 0.0298, 'grad_norm': 0.16223685443401337, 'learning_rate': 6.725274725274726e-06, 'epoch': 6.56}
{'loss': 0.0406, 'grad_norm': 0.17646899819374084, 'learning_rate': 6.681318681318681e-06, 'epoch': 6.58}
{'loss': 0.0208, 'grad_norm': 0.12621870636940002, 'learning_rate': 6.637362637362638e-06, 'epoch': 6.6}
{'eval_loss': 0.09688036888837814, 'eval_runtime': 20.2921, 'eval_samples_per_second': 1.626, 'eval_steps_per_second': 1.626, 'epoch': 6.6}
{'loss': 0.037, 'grad_norm': 0.18659071624279022, 'learning_rate': 6.5934065934065935e-06, 'epoch': 6.62}
{'loss': 0.0412, 'grad_norm': 0.2119501382112503, 'learning_rate': 6.54945054945055e-06, 'epoch': 6.65}
{'loss': 0.0388, 'grad_norm': 0.17970767617225647, 'learning_rate': 6.505494505494506e-06, 'epoch': 6.67}
{'loss': 0.0385, 'grad_norm': 0.14736010134220123, 'learning_rate': 6.461538461538463e-06, 'epoch': 6.69}
{'loss': 0.0302, 'grad_norm': 0.19333384931087494, 'learning_rate': 6.417582417582418e-06, 'epoch': 6.71}
{'loss': 0.039, 'grad_norm': 0.2350664585828781, 'learning_rate': 6.373626373626373e-06, 'epoch': 6.73}
{'loss': 0.0696, 'grad_norm': 0.6357280611991882, 'learning_rate': 6.32967032967033e-06, 'epoch': 6.75}
{'loss': 0.0389, 'grad_norm': 0.15971443057060242, 'learning_rate': 6.285714285714286e-06, 'epoch': 6.77}
{'loss': 0.0485, 'grad_norm': 0.215865358710289, 'learning_rate': 6.2417582417582424e-06, 'epoch': 6.8}
{'loss': 0.0261, 'grad_norm': 0.17532023787498474, 'learning_rate': 6.197802197802198e-06, 'epoch': 6.82}
{'eval_loss': 0.09493262320756912, 'eval_runtime': 18.8385, 'eval_samples_per_second': 1.752, 'eval_steps_per_second': 1.752, 'epoch': 6.82}
{'loss': 0.0204, 'grad_norm': 0.127106711268425, 'learning_rate': 6.153846153846155e-06, 'epoch': 6.84}
{'loss': 0.0544, 'grad_norm': 0.1789882779121399, 'learning_rate': 6.109890109890111e-06, 'epoch': 6.86}
{'loss': 0.0229, 'grad_norm': 0.22309008240699768, 'learning_rate': 6.065934065934066e-06, 'epoch': 6.88}
{'loss': 0.0425, 'grad_norm': 0.17169825732707977, 'learning_rate': 6.021978021978022e-06, 'epoch': 6.9}
{'loss': 0.0422, 'grad_norm': 0.14845514297485352, 'learning_rate': 5.978021978021978e-06, 'epoch': 6.92}
{'loss': 0.0346, 'grad_norm': 0.2263854295015335, 'learning_rate': 5.934065934065935e-06, 'epoch': 6.95}
{'loss': 0.0576, 'grad_norm': 0.2689152956008911, 'learning_rate': 5.8901098901098905e-06, 'epoch': 6.97}
{'loss': 0.0485, 'grad_norm': 0.22457927465438843, 'learning_rate': 5.846153846153847e-06, 'epoch': 6.99}
{'loss': 0.0837, 'grad_norm': 0.8984621167182922, 'learning_rate': 5.802197802197803e-06, 'epoch': 7.0}
{'loss': 0.0287, 'grad_norm': 0.16889411211013794, 'learning_rate': 5.758241758241758e-06, 'epoch': 7.02}
{'eval_loss': 0.09449887275695801, 'eval_runtime': 20.029, 'eval_samples_per_second': 1.648, 'eval_steps_per_second': 1.648, 'epoch': 7.02}
{'loss': 0.0413, 'grad_norm': 0.143008291721344, 'learning_rate': 5.7142857142857145e-06, 'epoch': 7.04}
{'loss': 0.0191, 'grad_norm': 0.13486774265766144, 'learning_rate': 5.67032967032967e-06, 'epoch': 7.06}
{'loss': 0.0488, 'grad_norm': 0.18101269006729126, 'learning_rate': 5.626373626373627e-06, 'epoch': 7.09}
{'loss': 0.0232, 'grad_norm': 0.1602824479341507, 'learning_rate': 5.582417582417583e-06, 'epoch': 7.11}
{'loss': 0.0314, 'grad_norm': 0.20086699724197388, 'learning_rate': 5.538461538461539e-06, 'epoch': 7.13}
{'loss': 0.0353, 'grad_norm': 0.24490733444690704, 'learning_rate': 5.494505494505495e-06, 'epoch': 7.15}
{'loss': 0.0423, 'grad_norm': 0.18147289752960205, 'learning_rate': 5.45054945054945e-06, 'epoch': 7.17}
{'loss': 0.0281, 'grad_norm': 0.1350012570619583, 'learning_rate': 5.406593406593407e-06, 'epoch': 7.19}
{'loss': 0.0322, 'grad_norm': 0.20055341720581055, 'learning_rate': 5.3626373626373626e-06, 'epoch': 7.22}
{'loss': 0.0633, 'grad_norm': 0.21987828612327576, 'learning_rate': 5.318681318681319e-06, 'epoch': 7.24}
{'eval_loss': 0.09393424540758133, 'eval_runtime': 18.621, 'eval_samples_per_second': 1.772, 'eval_steps_per_second': 1.772, 'epoch': 7.24}
{'loss': 0.0386, 'grad_norm': 0.2859465181827545, 'learning_rate': 5.274725274725275e-06, 'epoch': 7.26}
{'loss': 0.044, 'grad_norm': 0.16358189284801483, 'learning_rate': 5.230769230769232e-06, 'epoch': 7.28}
{'loss': 0.0314, 'grad_norm': 0.16700676083564758, 'learning_rate': 5.1868131868131874e-06, 'epoch': 7.3}
{'loss': 0.0325, 'grad_norm': 0.14779983460903168, 'learning_rate': 5.142857142857142e-06, 'epoch': 7.32}
{'loss': 0.0452, 'grad_norm': 0.14301393926143646, 'learning_rate': 5.098901098901099e-06, 'epoch': 7.34}
{'loss': 0.0394, 'grad_norm': 0.3527575433254242, 'learning_rate': 5.054945054945055e-06, 'epoch': 7.37}
{'loss': 0.0494, 'grad_norm': 0.28450703620910645, 'learning_rate': 5.0109890109890115e-06, 'epoch': 7.39}
{'loss': 0.0421, 'grad_norm': 0.21769575774669647, 'learning_rate': 4.967032967032967e-06, 'epoch': 7.41}
{'loss': 0.0291, 'grad_norm': 0.18054009974002838, 'learning_rate': 4.923076923076924e-06, 'epoch': 7.43}
{'loss': 0.0584, 'grad_norm': 0.4234250783920288, 'learning_rate': 4.87912087912088e-06, 'epoch': 7.45}
{'eval_loss': 0.09376432746648788, 'eval_runtime': 18.9688, 'eval_samples_per_second': 1.74, 'eval_steps_per_second': 1.74, 'epoch': 7.45}
{'loss': 0.0218, 'grad_norm': 0.13643720746040344, 'learning_rate': 4.8351648351648355e-06, 'epoch': 7.47}
{'loss': 0.0886, 'grad_norm': 0.27821987867355347, 'learning_rate': 4.791208791208792e-06, 'epoch': 7.49}
{'loss': 0.0345, 'grad_norm': 0.22918526828289032, 'learning_rate': 4.747252747252747e-06, 'epoch': 7.52}
{'loss': 0.0464, 'grad_norm': 0.18712550401687622, 'learning_rate': 4.703296703296704e-06, 'epoch': 7.54}
{'loss': 0.036, 'grad_norm': 0.18671444058418274, 'learning_rate': 4.6593406593406595e-06, 'epoch': 7.56}
{'loss': 0.0258, 'grad_norm': 0.16756129264831543, 'learning_rate': 4.615384615384616e-06, 'epoch': 7.58}
{'loss': 0.0655, 'grad_norm': 0.32362672686576843, 'learning_rate': 4.571428571428572e-06, 'epoch': 7.6}
{'loss': 0.0368, 'grad_norm': 0.19625027477741241, 'learning_rate': 4.527472527472528e-06, 'epoch': 7.62}
{'loss': 0.0385, 'grad_norm': 0.24088649451732635, 'learning_rate': 4.483516483516484e-06, 'epoch': 7.65}
{'loss': 0.0412, 'grad_norm': 0.15995636582374573, 'learning_rate': 4.439560439560439e-06, 'epoch': 7.67}
{'eval_loss': 0.09355038404464722, 'eval_runtime': 19.3148, 'eval_samples_per_second': 1.709, 'eval_steps_per_second': 1.709, 'epoch': 7.67}
{'loss': 0.0738, 'grad_norm': 0.591114342212677, 'learning_rate': 4.395604395604396e-06, 'epoch': 7.69}
{'loss': 0.047, 'grad_norm': 0.15834003686904907, 'learning_rate': 4.351648351648352e-06, 'epoch': 7.71}
{'loss': 0.0491, 'grad_norm': 0.14826060831546783, 'learning_rate': 4.307692307692308e-06, 'epoch': 7.73}
{'loss': 0.0248, 'grad_norm': 0.1551448404788971, 'learning_rate': 4.263736263736264e-06, 'epoch': 7.75}
{'loss': 0.0146, 'grad_norm': 0.12488701194524765, 'learning_rate': 4.21978021978022e-06, 'epoch': 7.77}
{'loss': 0.0223, 'grad_norm': 0.20909377932548523, 'learning_rate': 4.175824175824177e-06, 'epoch': 7.8}
{'loss': 0.0194, 'grad_norm': 0.1701604723930359, 'learning_rate': 4.131868131868132e-06, 'epoch': 7.82}
{'loss': 0.0601, 'grad_norm': 0.2820044457912445, 'learning_rate': 4.087912087912088e-06, 'epoch': 7.84}
{'loss': 0.2812, 'grad_norm': 1.3426287174224854, 'learning_rate': 4.043956043956044e-06, 'epoch': 7.86}
{'loss': 0.0218, 'grad_norm': 0.1473539173603058, 'learning_rate': 4.000000000000001e-06, 'epoch': 7.88}
{'eval_loss': 0.0921563133597374, 'eval_runtime': 19.9021, 'eval_samples_per_second': 1.658, 'eval_steps_per_second': 1.658, 'epoch': 7.88}
{'loss': 0.0499, 'grad_norm': 0.1884765625, 'learning_rate': 3.9560439560439565e-06, 'epoch': 7.9}
{'loss': 0.0198, 'grad_norm': 0.1331498622894287, 'learning_rate': 3.912087912087912e-06, 'epoch': 7.92}
{'loss': 0.0306, 'grad_norm': 0.24206094443798065, 'learning_rate': 3.868131868131869e-06, 'epoch': 7.95}
{'loss': 0.0504, 'grad_norm': 0.15561485290527344, 'learning_rate': 3.824175824175824e-06, 'epoch': 7.97}
{'loss': 0.0475, 'grad_norm': 0.20025916397571564, 'learning_rate': 3.7802197802197805e-06, 'epoch': 7.99}
{'loss': 0.0187, 'grad_norm': 0.2613167464733124, 'learning_rate': 3.7362637362637367e-06, 'epoch': 8.0}
{'loss': 0.0253, 'grad_norm': 0.14772409200668335, 'learning_rate': 3.692307692307693e-06, 'epoch': 8.02}
{'loss': 0.0232, 'grad_norm': 0.14834697544574738, 'learning_rate': 3.6483516483516483e-06, 'epoch': 8.04}
{'loss': 0.1039, 'grad_norm': 0.4533716142177582, 'learning_rate': 3.6043956043956045e-06, 'epoch': 8.06}
{'loss': 0.0375, 'grad_norm': 0.14980803430080414, 'learning_rate': 3.5604395604395607e-06, 'epoch': 8.09}
{'eval_loss': 0.09026999026536942, 'eval_runtime': 20.0349, 'eval_samples_per_second': 1.647, 'eval_steps_per_second': 1.647, 'epoch': 8.09}
{'loss': 0.0477, 'grad_norm': 0.20400798320770264, 'learning_rate': 3.516483516483517e-06, 'epoch': 8.11}
{'loss': 0.0478, 'grad_norm': 0.18611367046833038, 'learning_rate': 3.4725274725274727e-06, 'epoch': 8.13}
{'loss': 0.0264, 'grad_norm': 0.16036789119243622, 'learning_rate': 3.428571428571429e-06, 'epoch': 8.15}
{'loss': 0.0214, 'grad_norm': 0.17628775537014008, 'learning_rate': 3.384615384615385e-06, 'epoch': 8.17}
{'loss': 0.0134, 'grad_norm': 0.10987427830696106, 'learning_rate': 3.3406593406593406e-06, 'epoch': 8.19}
{'loss': 0.0486, 'grad_norm': 0.21788389980793, 'learning_rate': 3.2967032967032968e-06, 'epoch': 8.22}
{'loss': 0.0222, 'grad_norm': 0.15392884612083435, 'learning_rate': 3.252747252747253e-06, 'epoch': 8.24}
{'loss': 0.049, 'grad_norm': 0.2023279219865799, 'learning_rate': 3.208791208791209e-06, 'epoch': 8.26}
{'loss': 0.0328, 'grad_norm': 0.21689027547836304, 'learning_rate': 3.164835164835165e-06, 'epoch': 8.28}
{'loss': 0.0698, 'grad_norm': 0.45923811197280884, 'learning_rate': 3.1208791208791212e-06, 'epoch': 8.3}
{'eval_loss': 0.08977097272872925, 'eval_runtime': 19.207, 'eval_samples_per_second': 1.718, 'eval_steps_per_second': 1.718, 'epoch': 8.3}
{'loss': 0.0464, 'grad_norm': 0.19059593975543976, 'learning_rate': 3.0769230769230774e-06, 'epoch': 8.32}
{'loss': 0.0515, 'grad_norm': 0.16513735055923462, 'learning_rate': 3.032967032967033e-06, 'epoch': 8.34}
{'loss': 0.0235, 'grad_norm': 0.12806813418865204, 'learning_rate': 2.989010989010989e-06, 'epoch': 8.37}
{'loss': 0.0666, 'grad_norm': 0.21917136013507843, 'learning_rate': 2.9450549450549452e-06, 'epoch': 8.39}
{'loss': 0.0143, 'grad_norm': 0.15078940987586975, 'learning_rate': 2.9010989010989015e-06, 'epoch': 8.41}
{'loss': 0.0255, 'grad_norm': 0.12387651205062866, 'learning_rate': 2.8571428571428573e-06, 'epoch': 8.43}
{'loss': 0.0197, 'grad_norm': 0.13256829977035522, 'learning_rate': 2.8131868131868135e-06, 'epoch': 8.45}
{'loss': 0.0326, 'grad_norm': 0.1527421474456787, 'learning_rate': 2.7692307692307697e-06, 'epoch': 8.47}
{'loss': 0.0339, 'grad_norm': 0.28346964716911316, 'learning_rate': 2.725274725274725e-06, 'epoch': 8.49}
{'loss': 0.0426, 'grad_norm': 0.20386376976966858, 'learning_rate': 2.6813186813186813e-06, 'epoch': 8.52}
{'eval_loss': 0.08946119248867035, 'eval_runtime': 19.6627, 'eval_samples_per_second': 1.678, 'eval_steps_per_second': 1.678, 'epoch': 8.52}
{'loss': 0.0325, 'grad_norm': 0.24226491153240204, 'learning_rate': 2.6373626373626375e-06, 'epoch': 8.54}
{'loss': 0.0591, 'grad_norm': 0.23225037753582, 'learning_rate': 2.5934065934065937e-06, 'epoch': 8.56}
{'loss': 0.0516, 'grad_norm': 0.2066018134355545, 'learning_rate': 2.5494505494505495e-06, 'epoch': 8.58}
{'loss': 0.0376, 'grad_norm': 0.17025113105773926, 'learning_rate': 2.5054945054945057e-06, 'epoch': 8.6}
{'loss': 0.0286, 'grad_norm': 0.1618516892194748, 'learning_rate': 2.461538461538462e-06, 'epoch': 8.62}
{'loss': 0.0346, 'grad_norm': 0.19602781534194946, 'learning_rate': 2.4175824175824177e-06, 'epoch': 8.65}
{'loss': 0.0361, 'grad_norm': 0.2958512306213379, 'learning_rate': 2.3736263736263735e-06, 'epoch': 8.67}
{'loss': 0.0254, 'grad_norm': 0.17676131427288055, 'learning_rate': 2.3296703296703298e-06, 'epoch': 8.69}
{'loss': 0.2688, 'grad_norm': 1.2070084810256958, 'learning_rate': 2.285714285714286e-06, 'epoch': 8.71}
{'loss': 0.0445, 'grad_norm': 0.23455937206745148, 'learning_rate': 2.241758241758242e-06, 'epoch': 8.73}
{'eval_loss': 0.08903662115335464, 'eval_runtime': 19.9433, 'eval_samples_per_second': 1.655, 'eval_steps_per_second': 1.655, 'epoch': 8.73}
{'loss': 0.01, 'grad_norm': 0.1409146636724472, 'learning_rate': 2.197802197802198e-06, 'epoch': 8.75}
{'loss': 0.0544, 'grad_norm': 0.3146405816078186, 'learning_rate': 2.153846153846154e-06, 'epoch': 8.77}
{'loss': 0.0155, 'grad_norm': 0.13399924337863922, 'learning_rate': 2.10989010989011e-06, 'epoch': 8.8}
{'loss': 0.027, 'grad_norm': 0.1753724217414856, 'learning_rate': 2.065934065934066e-06, 'epoch': 8.82}
{'loss': 0.0345, 'grad_norm': 0.16086336970329285, 'learning_rate': 2.021978021978022e-06, 'epoch': 8.84}
{'loss': 0.0265, 'grad_norm': 0.12934251129627228, 'learning_rate': 1.9780219780219782e-06, 'epoch': 8.86}
{'loss': 0.0274, 'grad_norm': 0.15312637388706207, 'learning_rate': 1.9340659340659344e-06, 'epoch': 8.88}
{'loss': 0.0372, 'grad_norm': 0.22230510413646698, 'learning_rate': 1.8901098901098902e-06, 'epoch': 8.9}
{'loss': 0.0493, 'grad_norm': 0.25588172674179077, 'learning_rate': 1.8461538461538465e-06, 'epoch': 8.92}
{'loss': 0.0303, 'grad_norm': 0.20082037150859833, 'learning_rate': 1.8021978021978023e-06, 'epoch': 8.95}
{'eval_loss': 0.0881676897406578, 'eval_runtime': 18.7819, 'eval_samples_per_second': 1.757, 'eval_steps_per_second': 1.757, 'epoch': 8.95}
{'loss': 0.0333, 'grad_norm': 0.15756230056285858, 'learning_rate': 1.7582417582417585e-06, 'epoch': 8.97}
{'loss': 0.0407, 'grad_norm': 0.18911123275756836, 'learning_rate': 1.7142857142857145e-06, 'epoch': 8.99}
{'loss': 0.053, 'grad_norm': 0.2690664231777191, 'learning_rate': 1.6703296703296703e-06, 'epoch': 9.0}
{'loss': 0.0309, 'grad_norm': 0.18380315601825714, 'learning_rate': 1.6263736263736265e-06, 'epoch': 9.02}
{'loss': 0.072, 'grad_norm': 0.39292603731155396, 'learning_rate': 1.5824175824175825e-06, 'epoch': 9.04}
{'loss': 0.0391, 'grad_norm': 0.18468928337097168, 'learning_rate': 1.5384615384615387e-06, 'epoch': 9.06}
{'loss': 0.0202, 'grad_norm': 0.17214998602867126, 'learning_rate': 1.4945054945054945e-06, 'epoch': 9.09}
{'loss': 0.0308, 'grad_norm': 0.22608384490013123, 'learning_rate': 1.4505494505494507e-06, 'epoch': 9.11}
{'loss': 0.052, 'grad_norm': 0.4382386803627014, 'learning_rate': 1.4065934065934067e-06, 'epoch': 9.13}
{'loss': 0.0413, 'grad_norm': 0.1622585505247116, 'learning_rate': 1.3626373626373625e-06, 'epoch': 9.15}
{'eval_loss': 0.08792382478713989, 'eval_runtime': 18.3541, 'eval_samples_per_second': 1.798, 'eval_steps_per_second': 1.798, 'epoch': 9.15}
{'loss': 0.0469, 'grad_norm': 0.21275120973587036, 'learning_rate': 1.3186813186813187e-06, 'epoch': 9.17}
{'loss': 0.0391, 'grad_norm': 0.2127731442451477, 'learning_rate': 1.2747252747252748e-06, 'epoch': 9.19}
{'loss': 0.0378, 'grad_norm': 0.14917974174022675, 'learning_rate': 1.230769230769231e-06, 'epoch': 9.22}
{'loss': 0.0336, 'grad_norm': 0.13624624907970428, 'learning_rate': 1.1868131868131868e-06, 'epoch': 9.24}
{'loss': 0.0194, 'grad_norm': 0.1519901305437088, 'learning_rate': 1.142857142857143e-06, 'epoch': 9.26}
{'loss': 0.0506, 'grad_norm': 0.19858108460903168, 'learning_rate': 1.098901098901099e-06, 'epoch': 9.28}
{'loss': 0.0239, 'grad_norm': 0.17529629170894623, 'learning_rate': 1.054945054945055e-06, 'epoch': 9.3}
{'loss': 0.0305, 'grad_norm': 0.18292804062366486, 'learning_rate': 1.010989010989011e-06, 'epoch': 9.32}
{'loss': 0.1112, 'grad_norm': 0.2919255495071411, 'learning_rate': 9.670329670329672e-07, 'epoch': 9.34}
{'loss': 0.0192, 'grad_norm': 0.16704097390174866, 'learning_rate': 9.230769230769232e-07, 'epoch': 9.37}
{'eval_loss': 0.08767922222614288, 'eval_runtime': 20.7208, 'eval_samples_per_second': 1.593, 'eval_steps_per_second': 1.593, 'epoch': 9.37}
{'loss': 0.0256, 'grad_norm': 0.20215865969657898, 'learning_rate': 8.791208791208792e-07, 'epoch': 9.39}
{'loss': 0.0213, 'grad_norm': 0.1562914401292801, 'learning_rate': 8.351648351648351e-07, 'epoch': 9.41}
{'loss': 0.0299, 'grad_norm': 0.22046205401420593, 'learning_rate': 7.912087912087912e-07, 'epoch': 9.43}
{'loss': 0.0215, 'grad_norm': 0.14171093702316284, 'learning_rate': 7.472527472527473e-07, 'epoch': 9.45}
{'loss': 0.0318, 'grad_norm': 0.2141261100769043, 'learning_rate': 7.032967032967034e-07, 'epoch': 9.47}
{'loss': 0.0442, 'grad_norm': 0.20818865299224854, 'learning_rate': 6.593406593406594e-07, 'epoch': 9.49}
{'loss': 0.0631, 'grad_norm': 0.20981885492801666, 'learning_rate': 6.153846153846155e-07, 'epoch': 9.52}
{'loss': 0.0272, 'grad_norm': 0.12916117906570435, 'learning_rate': 5.714285714285715e-07, 'epoch': 9.54}
{'loss': 0.0208, 'grad_norm': 0.15423326194286346, 'learning_rate': 5.274725274725275e-07, 'epoch': 9.56}
{'loss': 0.0364, 'grad_norm': 0.21595853567123413, 'learning_rate': 4.835164835164836e-07, 'epoch': 9.58}
{'eval_loss': 0.08775056153535843, 'eval_runtime': 19.9739, 'eval_samples_per_second': 1.652, 'eval_steps_per_second': 1.652, 'epoch': 9.58}
{'loss': 0.0368, 'grad_norm': 0.14034414291381836, 'learning_rate': 4.395604395604396e-07, 'epoch': 9.6}
{'loss': 0.2552, 'grad_norm': 1.150964617729187, 'learning_rate': 3.956043956043956e-07, 'epoch': 9.62}
{'loss': 0.0322, 'grad_norm': 0.24550414085388184, 'learning_rate': 3.516483516483517e-07, 'epoch': 9.65}
{'loss': 0.0503, 'grad_norm': 0.22877006232738495, 'learning_rate': 3.0769230769230774e-07, 'epoch': 9.67}
{'loss': 0.0445, 'grad_norm': 0.161911740899086, 'learning_rate': 2.6373626373626375e-07, 'epoch': 9.69}
{'loss': 0.0346, 'grad_norm': 0.14987723529338837, 'learning_rate': 2.197802197802198e-07, 'epoch': 9.71}
{'loss': 0.0292, 'grad_norm': 0.1615702509880066, 'learning_rate': 1.7582417582417584e-07, 'epoch': 9.73}
{'loss': 0.0261, 'grad_norm': 0.13086439669132233, 'learning_rate': 1.3186813186813187e-07, 'epoch': 9.75}
{'loss': 0.0348, 'grad_norm': 0.3008177578449249, 'learning_rate': 8.791208791208792e-08, 'epoch': 9.77}
{'loss': 0.0183, 'grad_norm': 0.13677003979682922, 'learning_rate': 4.395604395604396e-08, 'epoch': 9.8}
{'eval_loss': 0.08780191093683243, 'eval_runtime': 19.0165, 'eval_samples_per_second': 1.735, 'eval_steps_per_second': 1.735, 'epoch': 9.8}
{'train_runtime': 3490.9943, 'train_samples_per_second': 0.533, 'train_steps_per_second': 0.132, 'train_loss': 0.1289142706654156, 'epoch': 9.8}
